Note: perf_event_open failed, so the ins/op, cyc/op, IPC, bra/op and miss% columns are missing.
This is usually a container or VM without virtualized performance counters, or
/proc/sys/kernel/perf_event_paranoid being too restrictive.


| relative |              95% CI |             ns/tick |              tick/s |    err% |     total | NBody/Ordered/64
|---------:|--------------------:|--------------------:|--------------------:|--------:|----------:|:-----------------
|   100.0% |                     |           15,764.00 |           63,435.68 |    0.3% |      0.00 | `NBody/Ordered/HandWritten/64`
|   100.6% |     21.8% .. 101.4% |           15,618.00 |           64,028.68 |    0.5% |      0.00 | `NBody/Ordered/ECS/64`
|   100.5% |     33.4% .. 101.9% |           15,593.00 |           64,131.34 |    0.5% |      0.00 | `NBody/Ordered/Native1/64`
|   100.7% |     99.5% .. 101.3% |           15,594.00 |           64,127.23 |    0.3% |      0.00 | `NBody/Ordered/Pipeline1/64`
|   100.9% |     88.4% .. 101.9% |           15,569.00 |           64,230.20 |    0.4% |      0.00 | `NBody/Ordered/NativeG64x1/64`
|   100.7% |     12.1% .. 102.2% |           15,593.50 |           64,129.28 |    0.7% |      0.00 | `NBody/Ordered/PipelineG64x1/64`
|   100.6% |     27.7% .. 102.4% |           15,603.50 |           64,088.19 |    0.3% |      0.00 | `NBody/Ordered/Native2/64`
|   100.7% |     47.6% .. 101.4% |           15,584.00 |           64,168.38 |    0.6% |      0.00 | `NBody/Ordered/Pipeline2/64`
|   100.8% |     47.7% .. 101.8% |           15,608.50 |           64,067.66 |    0.6% |      0.00 | `NBody/Ordered/NativeG64x2/64`
|   100.9% |     42.8% .. 102.6% |           15,608.00 |           64,069.71 |    0.5% |      0.00 | `NBody/Ordered/PipelineG64x2/64`
|   100.5% |     81.9% .. 101.7% |           15,704.00 |           63,678.04 |    1.2% |      0.00 | `NBody/Ordered/Native4/64`
|   100.5% |     40.5% .. 102.6% |           15,643.50 |           63,924.31 |    0.7% |      0.00 | `NBody/Ordered/Pipeline4/64`
|   101.1% |    100.3% .. 102.9% |           15,558.50 |           64,273.55 |    0.2% |      0.00 | `NBody/Ordered/NativeG64x4/64`
|   101.0% |     43.7% .. 104.5% |           15,548.00 |           64,316.95 |    0.3% |      0.00 | `NBody/Ordered/PipelineG64x4/64`

  Summary
    `NBody/Ordered/PipelineG64x4/64` and `NBody/Ordered/NativeG64x4/64` are the two fastest of 14, and were not separated
    95% CI [0.43 .. 1.00], intervals corrected for 13 comparisons, 14 paired rounds, interleaved
    up to 1 of 14 rounds tied at the clock's resolution

| relative |              95% CI |             ns/tick |              tick/s |    err% |     total | NBody/MatchedNative1/64
|---------:|--------------------:|--------------------:|--------------------:|--------:|----------:|:------------------------
|   100.0% |                     |           16,029.50 |           62,384.98 |    0.7% |      0.00 | `NBody/MatchedNative1/HandWritten/64`
|   103.4% |    102.7% .. 104.4% |           15,483.00 |           64,586.97 |    0.2% |      0.00 | `NBody/MatchedNative1/ECS/64`

  Summary
    `NBody/MatchedNative1/ECS/64` ran 1.03x faster than `NBody/MatchedNative1/HandWritten/64`
    95% CI [1.03 .. 1.04], 12 paired rounds, interleaved

| relative |              95% CI |             ns/tick |              tick/s |    err% |     total | NBody/MatchedPipeline1/64
|---------:|--------------------:|--------------------:|--------------------:|--------:|----------:|:--------------------------
|   100.0% |                     |           15,288.50 |           65,408.64 |    0.1% |      0.00 | `NBody/MatchedPipeline1/HandWritten/64`
|    98.4% |      96.8% .. 98.8% |           15,543.50 |           64,335.57 |    0.5% |      0.00 | `NBody/MatchedPipeline1/ECS/64`

  Summary
    `NBody/MatchedPipeline1/ECS/64` ran 1.02x slower than `NBody/MatchedPipeline1/HandWritten/64`
    95% CI [1.01 .. 1.03], 12 paired rounds, interleaved

| relative |              95% CI |             ns/tick |              tick/s |    err% |     total | NBody/MatchedNative2/64
|---------:|--------------------:|--------------------:|--------------------:|--------:|----------:|:------------------------
|   100.0% |                     |           16,400.00 |           60,975.61 |    0.2% |      0.00 | `NBody/MatchedNative2/HandWritten/64`
|   105.8% |    105.4% .. 105.9% |           15,498.50 |           64,522.37 |    0.2% |      0.00 | `NBody/MatchedNative2/ECS/64`

  Summary
    `NBody/MatchedNative2/ECS/64` ran 1.06x faster than `NBody/MatchedNative2/HandWritten/64`
    95% CI [1.05 .. 1.06], 12 paired rounds, interleaved

| relative |              95% CI |             ns/tick |              tick/s |    err% |     total | NBody/MatchedPipeline2/64
|---------:|--------------------:|--------------------:|--------------------:|--------:|----------:|:--------------------------
|   100.0% |                     |           15,283.00 |           65,432.18 |    0.2% |      0.00 | `NBody/MatchedPipeline2/HandWritten/64`
|    98.5% |      98.3% .. 98.8% |           15,524.00 |           64,416.39 |    0.2% |      0.00 | `NBody/MatchedPipeline2/ECS/64`

  Summary
    `NBody/MatchedPipeline2/ECS/64` ran 1.02x slower than `NBody/MatchedPipeline2/HandWritten/64`
    95% CI [1.01 .. 1.02], 12 paired rounds, interleaved

| relative |              95% CI |             ns/tick |              tick/s |    err% |     total | NBody/MatchedNative4/64
|---------:|--------------------:|--------------------:|--------------------:|--------:|----------:|:------------------------
|   100.0% |                     |           16,415.00 |           60,919.89 |    0.2% |      0.00 | `NBody/MatchedNative4/HandWritten/64`
|   105.9% |    105.3% .. 106.6% |           15,499.00 |           64,520.29 |    0.1% |      0.00 | `NBody/MatchedNative4/ECS/64`

  Summary
    `NBody/MatchedNative4/ECS/64` ran 1.06x faster than `NBody/MatchedNative4/HandWritten/64`
    95% CI [1.05 .. 1.07], 12 paired rounds, interleaved

| relative |              95% CI |             ns/tick |              tick/s |    err% |     total | NBody/MatchedPipeline4/64
|---------:|--------------------:|--------------------:|--------------------:|--------:|----------:|:--------------------------
|   100.0% |                     |           15,288.00 |           65,410.78 |    0.1% |      0.00 | `NBody/MatchedPipeline4/HandWritten/64`
|    98.6% |      98.4% .. 98.7% |           15,493.00 |           64,545.28 |    0.2% |      0.00 | `NBody/MatchedPipeline4/ECS/64`

  Summary
    `NBody/MatchedPipeline4/ECS/64` ran 1.01x slower than `NBody/MatchedPipeline4/HandWritten/64`
    95% CI [1.01 .. 1.02], 12 paired rounds, interleaved

| relative |              95% CI |             ns/tick |              tick/s |    err% |     total | NBody/Ordered/1024
|---------:|--------------------:|--------------------:|--------------------:|--------:|----------:|:-------------------
|   100.0% |                     |        4,561,834.50 |              219.21 |    8.2% |      0.07 | `NBody/Ordered/HandWritten/1024`
|   102.8% |     82.6% .. 124.5% |        4,360,445.00 |              229.33 |    5.9% |      0.07 | `NBody/Ordered/ECS/1024`
|   104.8% |     86.7% .. 124.1% |        4,548,534.50 |              219.85 |    4.2% |      0.06 | `NBody/Ordered/Native1/1024`
|   102.0% |     89.4% .. 123.8% |        4,526,065.00 |              220.94 |    4.5% |      0.07 | `NBody/Ordered/Pipeline1/1024`
|   102.4% |     85.5% .. 127.2% |        4,513,120.50 |              221.58 |    6.5% |      0.07 | `NBody/Ordered/NativeG64x1/1024`
|   103.4% |     97.5% .. 124.7% |        4,327,785.00 |              231.07 |    4.3% |      0.06 | `NBody/Ordered/PipelineG64x1/1024`
|   103.1% |     87.2% .. 128.9% |        4,421,622.50 |              226.16 |    5.0% |      0.06 | `NBody/Ordered/Native2/1024`
|   100.9% |     93.4% .. 136.3% |        4,447,671.50 |              224.84 |    4.7% |      0.06 | `NBody/Ordered/Pipeline2/1024`
|   168.4% |    133.0% .. 221.9% |        2,687,561.50 |              372.08 |   15.3% |      0.04 | `NBody/Ordered/NativeG64x2/1024`
|   158.8% |    107.4% .. 234.0% |        2,709,415.00 |              369.08 |   18.0% |      0.04 | `NBody/Ordered/PipelineG64x2/1024`
|   100.8% |     87.6% .. 111.4% |        4,859,899.50 |              205.77 |    4.6% |      0.07 | `NBody/Ordered/Native4/1024`
|   102.8% |     91.2% .. 129.1% |        4,474,377.50 |              223.49 |    6.0% |      0.06 | `NBody/Ordered/Pipeline4/1024`
|   296.2% |    162.7% .. 375.7% |        1,601,846.00 |              624.28 |   16.6% |      0.03 | `NBody/Ordered/NativeG64x4/1024`
|   208.0% |    176.5% .. 371.2% |        2,205,894.00 |              453.33 |    7.3% |      0.03 | `NBody/Ordered/PipelineG64x4/1024`

  Summary
    `NBody/Ordered/NativeG64x4/1024` and `NBody/Ordered/PipelineG64x4/1024` are the two fastest of 14, and were not separated
    95% CI [0.61 .. 1.59], intervals corrected for 13 comparisons, 14 paired rounds, interleaved

| relative |              95% CI |             ns/tick |              tick/s |    err% |     total | NBody/MatchedNative1/1024
|---------:|--------------------:|--------------------:|--------------------:|--------:|----------:|:--------------------------
|   100.0% |                     |        4,196,822.50 |              238.28 |    4.1% |      0.05 | `NBody/MatchedNative1/HandWritten/1024`
|    96.0% |     92.5% .. 102.3% |        4,339,028.00 |              230.47 |    2.4% |      0.05 | `NBody/MatchedNative1/ECS/1024`

  Summary
    no difference resolved between `NBody/MatchedNative1/HandWritten/1024` and `NBody/MatchedNative1/ECS/1024`
    ratio 0.96x, 95% CI [0.92 .. 1.02], 12 paired rounds, interleaved

| relative |              95% CI |             ns/tick |              tick/s |    err% |     total | NBody/MatchedPipeline1/1024
|---------:|--------------------:|--------------------:|--------------------:|--------:|----------:|:----------------------------
|   100.0% |                     |        4,275,396.50 |              233.90 |    4.9% |      0.05 | `NBody/MatchedPipeline1/HandWritten/1024`
|    96.8% |      87.0% .. 98.5% |        4,383,865.50 |              228.11 |    3.9% |      0.06 | `NBody/MatchedPipeline1/ECS/1024`

  Summary
    `NBody/MatchedPipeline1/ECS/1024` ran 1.03x slower than `NBody/MatchedPipeline1/HandWritten/1024`
    95% CI [1.02 .. 1.15], 12 paired rounds, interleaved

| relative |              95% CI |             ns/tick |              tick/s |    err% |     total | NBody/MatchedNative2/1024
|---------:|--------------------:|--------------------:|--------------------:|--------:|----------:|:--------------------------
|   100.0% |                     |        2,294,728.00 |              435.78 |    2.7% |      0.03 | `NBody/MatchedNative2/HandWritten/1024`
|    98.0% |     94.4% .. 112.2% |        2,358,589.50 |              423.98 |    5.6% |      0.03 | `NBody/MatchedNative2/ECS/1024`

  Summary
    no difference resolved between `NBody/MatchedNative2/HandWritten/1024` and `NBody/MatchedNative2/ECS/1024`
    ratio 0.98x, 95% CI [0.94 .. 1.12], 12 paired rounds, interleaved

| relative |              95% CI |             ns/tick |              tick/s |    err% |     total | NBody/MatchedPipeline2/1024
|---------:|--------------------:|--------------------:|--------------------:|--------:|----------:|:----------------------------
|   100.0% |                     |        2,455,196.00 |              407.30 |    5.0% |      0.03 | `NBody/MatchedPipeline2/HandWritten/1024`
|    80.7% |     59.8% .. 104.9% |        3,594,087.00 |              278.23 |   15.8% |      0.04 | `NBody/MatchedPipeline2/ECS/1024`

  Summary
    no difference resolved between `NBody/MatchedPipeline2/HandWritten/1024` and `NBody/MatchedPipeline2/ECS/1024`
    ratio 0.81x, 95% CI [0.60 .. 1.05], 12 paired rounds, interleaved

| relative |              95% CI |             ns/tick |              tick/s |    err% |     total | NBody/MatchedNative4/1024
|---------:|--------------------:|--------------------:|--------------------:|--------:|----------:|:--------------------------
|   100.0% |                     |        1,550,423.50 |              644.99 |    2.1% |      0.02 | `NBody/MatchedNative4/HandWritten/1024`
|    97.7% |     76.9% .. 104.8% |        1,566,267.00 |              638.46 |    1.2% |      0.02 | `NBody/MatchedNative4/ECS/1024`

  Summary
    no difference resolved between `NBody/MatchedNative4/HandWritten/1024` and `NBody/MatchedNative4/ECS/1024`
    ratio 0.98x, 95% CI [0.77 .. 1.05], 12 paired rounds, interleaved

| relative |              95% CI |             ns/tick |              tick/s |    err% |     total | NBody/MatchedPipeline4/1024
|---------:|--------------------:|--------------------:|--------------------:|--------:|----------:|:----------------------------
|   100.0% |                     |        2,100,524.50 |              476.07 |    0.7% |      0.03 | `NBody/MatchedPipeline4/HandWritten/1024`
|    99.1% |     97.5% .. 101.3% |        2,105,982.50 |              474.84 |    0.8% |      0.03 | `NBody/MatchedPipeline4/ECS/1024`

  Summary
    no difference resolved between `NBody/MatchedPipeline4/HandWritten/1024` and `NBody/MatchedPipeline4/ECS/1024`
    ratio 0.99x, 95% CI [0.97 .. 1.01], 12 paired rounds, interleaved

| relative |              95% CI |             ns/tick |              tick/s |    err% |     total | NBody/Ordered/4096
|---------:|--------------------:|--------------------:|--------------------:|--------:|----------:|:-------------------
|   100.0% |                     |       70,750,286.00 |               14.13 |    3.1% |      1.01 | `NBody/Ordered/HandWritten/4096`
|   101.1% |     89.6% .. 110.7% |       69,367,767.00 |               14.42 |    3.0% |      0.99 | `NBody/Ordered/ECS/4096`
|   101.3% |     97.0% .. 107.1% |       70,645,528.50 |               14.16 |    5.5% |      1.00 | `NBody/Ordered/Native1/4096`
|   102.5% |     97.1% .. 109.1% |       69,422,547.50 |               14.40 |    3.2% |      0.98 | `NBody/Ordered/Pipeline1/4096`
|   102.7% |     97.8% .. 107.4% |       70,707,217.00 |               14.14 |    3.3% |      0.99 | `NBody/Ordered/NativeG64x1/4096`
|   103.5% |     93.3% .. 108.7% |       69,508,800.00 |               14.39 |    2.0% |      0.98 | `NBody/Ordered/PipelineG64x1/4096`
|   179.2% |    113.0% .. 195.3% |       38,139,922.00 |               26.22 |    8.2% |      0.65 | `NBody/Ordered/Native2/4096`
|   195.4% |    167.9% .. 216.9% |       35,653,000.00 |               28.05 |    2.1% |      0.54 | `NBody/Ordered/Pipeline2/4096`
|   193.1% |    139.7% .. 214.8% |       35,440,622.50 |               28.22 |    5.5% |      0.54 | `NBody/Ordered/NativeG64x2/4096`
|   199.8% |    172.9% .. 216.2% |       36,729,074.50 |               27.23 |    5.5% |      0.54 | `NBody/Ordered/PipelineG64x2/4096`
|   254.7% |    195.2% .. 388.2% |       30,014,011.00 |               33.32 |   11.5% |      0.39 | `NBody/Ordered/Native4/4096`
|   260.1% |    201.8% .. 386.7% |       28,667,521.00 |               34.88 |   14.0% |      0.38 | `NBody/Ordered/Pipeline4/4096`
|   327.9% |    257.8% .. 402.1% |       22,568,063.00 |               44.31 |   15.1% |      0.32 | `NBody/Ordered/NativeG64x4/4096`
|   222.8% |    188.1% .. 365.3% |       32,422,176.00 |               30.84 |    0.5% |      0.44 | `NBody/Ordered/PipelineG64x4/4096`

  Summary
    `NBody/Ordered/NativeG64x4/4096` and `NBody/Ordered/Pipeline4/4096` are the two fastest of 14, and were not separated
    95% CI [0.86 .. 1.58], intervals corrected for 13 comparisons, 14 paired rounds, interleaved

| relative |              95% CI |             ns/tick |              tick/s |    err% |     total | NBody/MatchedNative1/4096
|---------:|--------------------:|--------------------:|--------------------:|--------:|----------:|:--------------------------
|   100.0% |                     |       71,712,701.50 |               13.94 |    2.0% |      0.91 | `NBody/MatchedNative1/HandWritten/4096`
|   101.9% |     96.9% .. 107.3% |       71,010,930.50 |               14.08 |    0.9% |      0.86 | `NBody/MatchedNative1/ECS/4096`

  Summary
    no difference resolved between `NBody/MatchedNative1/HandWritten/4096` and `NBody/MatchedNative1/ECS/4096`
    ratio 1.02x, 95% CI [0.97 .. 1.07], 12 paired rounds, interleaved

| relative |              95% CI |             ns/tick |              tick/s |    err% |     total | NBody/MatchedPipeline1/4096
|---------:|--------------------:|--------------------:|--------------------:|--------:|----------:|:----------------------------
|   100.0% |                     |       71,092,064.00 |               14.07 |    1.4% |      0.86 | `NBody/MatchedPipeline1/HandWritten/4096`
|    98.9% |     97.3% .. 101.2% |       72,240,703.50 |               13.84 |    1.8% |      0.87 | `NBody/MatchedPipeline1/ECS/4096`

  Summary
    no difference resolved between `NBody/MatchedPipeline1/HandWritten/4096` and `NBody/MatchedPipeline1/ECS/4096`
    ratio 0.99x, 95% CI [0.97 .. 1.01], 12 paired rounds, interleaved

| relative |              95% CI |             ns/tick |              tick/s |    err% |     total | NBody/MatchedNative2/4096
|---------:|--------------------:|--------------------:|--------------------:|--------:|----------:|:--------------------------
|   100.0% |                     |       38,017,317.00 |               26.30 |   11.3% |      0.55 | `NBody/MatchedNative2/HandWritten/4096`
|   102.7% |     69.7% .. 177.0% |       36,635,403.00 |               27.30 |    3.2% |      0.49 | `NBody/MatchedNative2/ECS/4096`

  Summary
    no difference resolved between `NBody/MatchedNative2/HandWritten/4096` and `NBody/MatchedNative2/ECS/4096`
    ratio 1.03x, 95% CI [0.70 .. 1.77], 12 paired rounds, interleaved

| relative |              95% CI |             ns/tick |              tick/s |    err% |     total | NBody/MatchedPipeline2/4096
|---------:|--------------------:|--------------------:|--------------------:|--------:|----------:|:----------------------------
|   100.0% |                     |       36,479,084.00 |               27.41 |    7.1% |      0.50 | `NBody/MatchedPipeline2/HandWritten/4096`
|    99.8% |     95.0% .. 111.9% |       36,429,682.50 |               27.45 |    3.8% |      0.51 | `NBody/MatchedPipeline2/ECS/4096`

  Summary
    no difference resolved between `NBody/MatchedPipeline2/HandWritten/4096` and `NBody/MatchedPipeline2/ECS/4096`
    ratio 1.00x, 95% CI [0.95 .. 1.12], 12 paired rounds, interleaved

| relative |              95% CI |             ns/tick |              tick/s |    err% |     total | NBody/MatchedNative4/4096
|---------:|--------------------:|--------------------:|--------------------:|--------:|----------:|:--------------------------
|   100.0% |                     |       18,553,150.00 |               53.90 |    2.5% |      0.23 | `NBody/MatchedNative4/HandWritten/4096`
|    97.4% |     91.8% .. 105.1% |       18,839,837.50 |               53.08 |    3.2% |      0.24 | `NBody/MatchedNative4/ECS/4096`

  Summary
    no difference resolved between `NBody/MatchedNative4/HandWritten/4096` and `NBody/MatchedNative4/ECS/4096`
    ratio 0.97x, 95% CI [0.92 .. 1.05], 12 paired rounds, interleaved

| relative |              95% CI |             ns/tick |              tick/s |    err% |     total | NBody/MatchedPipeline4/4096
|---------:|--------------------:|--------------------:|--------------------:|--------:|----------:|:----------------------------
|   100.0% |                     |       19,809,313.50 |               50.48 |    7.9% |      0.28 | `NBody/MatchedPipeline4/HandWritten/4096`
|   100.3% |     67.2% .. 109.0% |       20,914,934.00 |               47.81 |   15.3% |      0.29 | `NBody/MatchedPipeline4/ECS/4096`

  Summary
    no difference resolved between `NBody/MatchedPipeline4/HandWritten/4096` and `NBody/MatchedPipeline4/ECS/4096`
    ratio 1.00x, 95% CI [0.67 .. 1.09], 12 paired rounds, interleaved
