Note: perf_event_open failed, so the ins/op, cyc/op, IPC, bra/op and miss% columns are missing.
This is usually a container or VM without virtualized performance counters, or
/proc/sys/kernel/perf_event_paranoid being too restrictive.


| relative |              95% CI |             ns/pass |              pass/s |    err% |     total | RowDispatch/Coherent/64
|---------:|--------------------:|--------------------:|--------------------:|--------:|----------:|:------------------------
|   100.0% |                     |               15.39 |       64,981,439.81 |    7.3% |      0.01 | `RowDispatch/Coherent/HandWritten/64`
|    71.6% |      64.5% .. 84.6% |               21.36 |       46,806,607.96 |    2.1% |      0.01 | `RowDispatch/Coherent/Each/64`
|    10.5% |       9.4% .. 11.9% |              156.18 |        6,402,952.31 |    9.5% |      0.07 | `RowDispatch/Coherent/Grain1/64`
|    66.6% |      56.2% .. 73.2% |               22.67 |       44,109,979.00 |    3.3% |      0.01 | `RowDispatch/Coherent/Grain64/64`
|    83.2% |      77.6% .. 97.2% |               18.07 |       55,338,190.60 |    3.3% |      0.01 | `RowDispatch/Coherent/Grain1024/64`

  Summary
    `RowDispatch/Coherent/HandWritten/64` is fastest of 5, 1.20x ahead of `RowDispatch/Coherent/Grain1024/64`
    95% CI [1.03 .. 1.29], intervals corrected for 4 comparisons, 15 paired rounds, interleaved

| relative |              95% CI |             ns/pass |              pass/s |    err% |     total | RowDispatch/Fragmented/64
|---------:|--------------------:|--------------------:|--------------------:|--------:|----------:|:--------------------------
|   100.0% |                     |               15.46 |       64,668,931.29 |    1.4% |      0.01 | `RowDispatch/Fragmented/HandWritten/64`
|    74.4% |      71.5% .. 77.8% |               20.44 |       48,929,455.02 |    2.0% |      0.01 | `RowDispatch/Fragmented/Each/64`
|    10.7% |      10.6% .. 11.3% |              142.60 |        7,012,420.81 |    1.9% |      0.07 | `RowDispatch/Fragmented/Grain1/64`
|    62.4% |      55.9% .. 66.2% |               24.62 |       40,611,305.39 |    3.3% |      0.01 | `RowDispatch/Fragmented/Grain64/64`
|    74.1% |      71.0% .. 78.8% |               20.63 |       48,470,367.11 |    2.4% |      0.01 | `RowDispatch/Fragmented/Grain1024/64`

  Summary
    `RowDispatch/Fragmented/HandWritten/64` is fastest of 5, 1.34x ahead of `RowDispatch/Fragmented/Each/64`
    95% CI [1.29 .. 1.40], intervals corrected for 4 comparisons, 15 paired rounds, interleaved

| relative |              95% CI |             ns/pass |              pass/s |    err% |     total | RowDispatch/Coherent/4096
|---------:|--------------------:|--------------------:|--------------------:|--------:|----------:|:--------------------------
|   100.0% |                     |              678.46 |        1,473,924.86 |    0.7% |      0.02 | `RowDispatch/Coherent/HandWritten/4096`
|    59.1% |      55.5% .. 65.3% |            1,155.06 |          865,753.76 |    1.7% |      0.03 | `RowDispatch/Coherent/Each/4096`
|     7.7% |        7.3% .. 8.1% |            9,010.79 |          110,978.01 |    2.4% |      0.20 | `RowDispatch/Coherent/Grain1/4096`
|    65.8% |      58.9% .. 72.4% |            1,065.34 |          938,665.84 |    2.9% |      0.02 | `RowDispatch/Coherent/Grain64/4096`
|    98.9% |     86.7% .. 110.5% |              724.47 |        1,380,321.46 |    5.9% |      0.02 | `RowDispatch/Coherent/Grain1024/4096`

  Summary
    `RowDispatch/Coherent/HandWritten/4096` and `RowDispatch/Coherent/Grain1024/4096` are the two fastest of 5, and were not separated
    95% CI [0.90 .. 1.15], intervals corrected for 4 comparisons, 15 paired rounds, interleaved

| relative |              95% CI |             ns/pass |              pass/s |    err% |     total | RowDispatch/Fragmented/4096
|---------:|--------------------:|--------------------:|--------------------:|--------:|----------:|:----------------------------
|   100.0% |                     |              662.73 |        1,508,915.49 |    1.4% |      0.02 | `RowDispatch/Fragmented/HandWritten/4096`
|    55.9% |      50.5% .. 57.7% |            1,197.60 |          835,002.03 |    3.8% |      0.03 | `RowDispatch/Fragmented/Each/4096`
|     7.3% |        6.9% .. 7.5% |            9,143.43 |          109,368.17 |    3.2% |      0.22 | `RowDispatch/Fragmented/Grain1/4096`
|    61.4% |      54.4% .. 64.0% |            1,146.76 |          872,022.62 |    9.3% |      0.03 | `RowDispatch/Fragmented/Grain64/4096`
|    93.7% |      77.8% .. 96.5% |              703.16 |        1,422,155.40 |    1.6% |      0.02 | `RowDispatch/Fragmented/Grain1024/4096`

  Summary
    `RowDispatch/Fragmented/HandWritten/4096` is fastest of 5, 1.07x ahead of `RowDispatch/Fragmented/Grain1024/4096`
    95% CI [1.04 .. 1.29], intervals corrected for 4 comparisons, 15 paired rounds, interleaved

| relative |              95% CI |             ns/pass |              pass/s |    err% |     total | RowDispatch/Coherent/100000
|---------:|--------------------:|--------------------:|--------------------:|--------:|----------:|:----------------------------
|   100.0% |                     |           21,158.48 |           47,262.37 |    1.0% |      0.02 | `RowDispatch/Coherent/HandWritten/100000`
|    71.3% |      65.4% .. 76.2% |           30,047.50 |           33,280.64 |    6.3% |      0.02 | `RowDispatch/Coherent/Each/100000`
|     9.6% |        8.9% .. 9.9% |          226,325.82 |            4,418.41 |    3.9% |      0.17 | `RowDispatch/Coherent/Grain1/100000`
|    79.0% |      67.1% .. 82.2% |           26,943.22 |           37,115.09 |    1.7% |      0.02 | `RowDispatch/Coherent/Grain64/100000`
|    98.1% |     94.5% .. 103.7% |           21,656.84 |           46,174.79 |    3.2% |      0.02 | `RowDispatch/Coherent/Grain1024/100000`

  Summary
    `RowDispatch/Coherent/HandWritten/100000` and `RowDispatch/Coherent/Grain1024/100000` are the two fastest of 5, and were not separated
    95% CI [0.96 .. 1.06], intervals corrected for 4 comparisons, 15 paired rounds, interleaved

| relative |              95% CI |             ns/pass |              pass/s |    err% |     total | RowDispatch/Fragmented/100000
|---------:|--------------------:|--------------------:|--------------------:|--------:|----------:|:------------------------------
|   100.0% |                     |           20,472.24 |           48,846.64 |    1.9% |      0.02 | `RowDispatch/Fragmented/HandWritten/100000`
|    71.2% |      65.3% .. 74.3% |           29,773.33 |           33,587.10 |    6.0% |      0.02 | `RowDispatch/Fragmented/Each/100000`
|     9.4% |       9.1% .. 10.3% |          216,752.27 |            4,613.56 |    2.4% |      0.17 | `RowDispatch/Fragmented/Grain1/100000`
|    76.1% |      71.5% .. 78.5% |           26,885.43 |           37,194.87 |    1.3% |      0.02 | `RowDispatch/Fragmented/Grain64/100000`
|    95.3% |      91.2% .. 98.2% |           21,743.18 |           45,991.44 |    3.0% |      0.02 | `RowDispatch/Fragmented/Grain1024/100000`

  Summary
    `RowDispatch/Fragmented/HandWritten/100000` is fastest of 5, 1.05x ahead of `RowDispatch/Fragmented/Grain1024/100000`
    95% CI [1.02 .. 1.10], intervals corrected for 4 comparisons, 15 paired rounds, interleaved
