Note: perf_event_open failed, so the ins/op, cyc/op, IPC, bra/op and miss% columns are missing.
This is usually a container or VM without virtualized performance counters, or
/proc/sys/kernel/perf_event_paranoid being too restrictive.


| relative |              95% CI |             ns/tick |              tick/s |    err% |     total | NBody/Ordered/64
|---------:|--------------------:|--------------------:|--------------------:|--------:|----------:|:-----------------
|   100.0% |                     |           15,924.00 |           62,798.29 |    1.3% |      0.00 | `NBody/Ordered/HandWritten/64`
|   101.2% |     40.9% .. 259.4% |           15,714.00 |           63,637.52 |    1.2% |      0.00 | `NBody/Ordered/ECS/64`
|   102.5% |    101.2% .. 261.8% |           15,523.50 |           64,418.46 |    0.3% |      0.00 | `NBody/Ordered/Native1/64`
|   101.6% |     66.8% .. 102.6% |           15,563.50 |           64,252.90 |    0.6% |      0.00 | `NBody/Ordered/Pipeline1/64`
|   101.3% |    100.0% .. 257.1% |           15,544.00 |           64,333.50 |    0.3% |      0.00 | `NBody/Ordered/NativeG64x1/64`
|   101.9% |     99.2% .. 262.8% |           15,553.50 |           64,294.21 |    0.5% |      0.00 | `NBody/Ordered/PipelineG64x1/64`
|   101.1% |     16.7% .. 261.6% |           15,613.50 |           64,047.14 |    0.5% |      0.00 | `NBody/Ordered/Native2/64`
|   101.5% |     95.5% .. 258.6% |           15,593.50 |           64,129.28 |    0.7% |      0.00 | `NBody/Ordered/Pipeline2/64`
|   101.2% |     93.1% .. 245.0% |           15,874.00 |           62,996.09 |    2.2% |      0.00 | `NBody/Ordered/NativeG64x2/64`
|   101.9% |    101.0% .. 262.8% |           15,509.00 |           64,478.69 |    0.2% |      0.00 | `NBody/Ordered/PipelineG64x2/64`
|   101.5% |    100.2% .. 257.0% |           15,558.50 |           64,273.55 |    0.4% |      0.00 | `NBody/Ordered/Native4/64`
|   102.3% |    100.8% .. 259.4% |           15,508.50 |           64,480.77 |    0.4% |      0.00 | `NBody/Ordered/Pipeline4/64`
|   101.9% |    101.0% .. 258.1% |           15,588.50 |           64,149.85 |    0.9% |      0.00 | `NBody/Ordered/NativeG64x4/64`
|   101.6% |     81.2% .. 259.9% |           15,593.00 |           64,131.34 |    0.8% |      0.00 | `NBody/Ordered/PipelineG64x4/64`

  Summary
    `NBody/Ordered/Pipeline4/64` and `NBody/Ordered/PipelineG64x2/64` are the two fastest of 14, and were not separated
    95% CI [0.99 .. 1.01], intervals corrected for 13 comparisons, 14 paired rounds, interleaved

| relative |              95% CI |             ns/tick |              tick/s |    err% |     total | NBody/MatchedNative1/64
|---------:|--------------------:|--------------------:|--------------------:|--------:|----------:|:------------------------
|   100.0% |                     |           16,059.00 |           62,270.38 |    0.6% |      0.00 | `NBody/MatchedNative1/HandWritten/64`
|   102.7% |    101.4% .. 104.6% |           15,584.00 |           64,168.38 |    0.3% |      0.00 | `NBody/MatchedNative1/ECS/64`

  Summary
    `NBody/MatchedNative1/ECS/64` ran 1.03x faster than `NBody/MatchedNative1/HandWritten/64`
    95% CI [1.01 .. 1.05], 12 paired rounds, interleaved

| relative |              95% CI |             ns/tick |              tick/s |    err% |     total | NBody/MatchedPipeline1/64
|---------:|--------------------:|--------------------:|--------------------:|--------:|----------:|:--------------------------
|   100.0% |                     |           15,338.00 |           65,197.55 |    0.1% |      0.00 | `NBody/MatchedPipeline1/HandWritten/64`
|    99.1% |      99.0% .. 99.4% |           15,488.00 |           64,566.12 |    0.1% |      0.00 | `NBody/MatchedPipeline1/ECS/64`

  Summary
    `NBody/MatchedPipeline1/ECS/64` ran 1.01x slower than `NBody/MatchedPipeline1/HandWritten/64`
    95% CI [1.01 .. 1.01], 12 paired rounds, interleaved

| relative |              95% CI |             ns/tick |              tick/s |    err% |     total | NBody/MatchedNative2/64
|---------:|--------------------:|--------------------:|--------------------:|--------:|----------:|:------------------------
|   100.0% |                     |           16,059.00 |           62,270.38 |    0.3% |      0.00 | `NBody/MatchedNative2/HandWritten/64`
|   103.6% |    103.4% .. 104.2% |           15,483.00 |           64,586.97 |    0.1% |      0.00 | `NBody/MatchedNative2/ECS/64`

  Summary
    `NBody/MatchedNative2/ECS/64` ran 1.04x faster than `NBody/MatchedNative2/HandWritten/64`
    95% CI [1.03 .. 1.04], 12 paired rounds, interleaved

| relative |              95% CI |             ns/tick |              tick/s |    err% |     total | NBody/MatchedPipeline2/64
|---------:|--------------------:|--------------------:|--------------------:|--------:|----------:|:--------------------------
|   100.0% |                     |           15,328.00 |           65,240.08 |    0.1% |      0.00 | `NBody/MatchedPipeline2/HandWritten/64`
|    99.0% |      99.0% .. 99.3% |           15,483.00 |           64,586.97 |    0.2% |      0.00 | `NBody/MatchedPipeline2/ECS/64`

  Summary
    `NBody/MatchedPipeline2/ECS/64` ran 1.01x slower than `NBody/MatchedPipeline2/HandWritten/64`
    95% CI [1.01 .. 1.01], 12 paired rounds, interleaved

| relative |              95% CI |             ns/tick |              tick/s |    err% |     total | NBody/MatchedNative4/64
|---------:|--------------------:|--------------------:|--------------------:|--------:|----------:|:------------------------
|   100.0% |                     |           16,144.50 |           61,940.60 |    0.6% |      0.00 | `NBody/MatchedNative4/HandWritten/64`
|   104.1% |    102.8% .. 105.1% |           15,498.50 |           64,522.37 |    0.4% |      0.00 | `NBody/MatchedNative4/ECS/64`

  Summary
    `NBody/MatchedNative4/ECS/64` ran 1.04x faster than `NBody/MatchedNative4/HandWritten/64`
    95% CI [1.03 .. 1.05], 12 paired rounds, interleaved

| relative |              95% CI |             ns/tick |              tick/s |    err% |     total | NBody/MatchedPipeline4/64
|---------:|--------------------:|--------------------:|--------------------:|--------:|----------:|:--------------------------
|   100.0% |                     |           15,323.00 |           65,261.37 |    0.1% |      0.00 | `NBody/MatchedPipeline4/HandWritten/64`
|    99.1% |      98.9% .. 99.3% |           15,478.00 |           64,607.83 |    0.2% |      0.00 | `NBody/MatchedPipeline4/ECS/64`

  Summary
    `NBody/MatchedPipeline4/ECS/64` ran 1.01x slower than `NBody/MatchedPipeline4/HandWritten/64`
    95% CI [1.01 .. 1.01], 12 paired rounds, interleaved

| relative |              95% CI |             ns/tick |              tick/s |    err% |     total | NBody/Ordered/1024
|---------:|--------------------:|--------------------:|--------------------:|--------:|----------:|:-------------------
|   100.0% |                     |        4,474,613.00 |              223.48 |    4.5% |      0.06 | `NBody/Ordered/HandWritten/1024`
|   100.6% |     95.3% .. 117.4% |        4,406,395.00 |              226.94 |    3.1% |      0.06 | `NBody/Ordered/ECS/1024`
|   103.4% |     96.0% .. 106.7% |        4,381,542.50 |              228.23 |    2.8% |      0.06 | `NBody/Ordered/Native1/1024`
|   106.6% |    100.6% .. 119.5% |        4,201,345.00 |              238.02 |    3.3% |      0.06 | `NBody/Ordered/Pipeline1/1024`
|   103.7% |     98.7% .. 109.6% |        4,387,817.00 |              227.90 |    4.4% |      0.06 | `NBody/Ordered/NativeG64x1/1024`
|   105.7% |     97.7% .. 114.6% |        4,307,355.00 |              232.16 |    1.6% |      0.06 | `NBody/Ordered/PipelineG64x1/1024`
|   106.3% |     95.2% .. 115.8% |        4,448,037.50 |              224.82 |    2.1% |      0.06 | `NBody/Ordered/Native2/1024`
|   106.5% |     95.4% .. 117.9% |        4,353,780.50 |              229.69 |    3.7% |      0.06 | `NBody/Ordered/Pipeline2/1024`
|   178.8% |    120.9% .. 210.4% |        2,436,803.50 |              410.37 |    6.4% |      0.04 | `NBody/Ordered/NativeG64x2/1024`
|   195.1% |    102.3% .. 224.4% |        2,322,786.00 |              430.52 |    7.7% |      0.04 | `NBody/Ordered/PipelineG64x2/1024`
|   105.6% |     98.6% .. 116.3% |        4,310,024.50 |              232.02 |    2.2% |      0.06 | `NBody/Ordered/Native4/1024`
|   107.1% |     92.9% .. 113.3% |        4,332,143.00 |              230.83 |    5.4% |      0.06 | `NBody/Ordered/Pipeline4/1024`
|   306.8% |    200.8% .. 409.0% |        1,567,414.50 |              637.99 |   23.2% |      0.02 | `NBody/Ordered/NativeG64x4/1024`
|   209.8% |    175.1% .. 374.0% |        2,118,502.00 |              472.03 |    8.1% |      0.03 | `NBody/Ordered/PipelineG64x4/1024`

  Summary
    `NBody/Ordered/NativeG64x4/1024` is fastest of 14, 1.13x ahead of `NBody/Ordered/PipelineG64x4/1024`
    95% CI [1.02 .. 1.75], intervals corrected for 13 comparisons, 14 paired rounds, interleaved

| relative |              95% CI |             ns/tick |              tick/s |    err% |     total | NBody/MatchedNative1/1024
|---------:|--------------------:|--------------------:|--------------------:|--------:|----------:|:--------------------------
|   100.0% |                     |        4,481,594.00 |              223.13 |    5.7% |      0.06 | `NBody/MatchedNative1/HandWritten/1024`
|    94.6% |     88.5% .. 106.2% |        4,578,160.00 |              218.43 |    4.7% |      0.06 | `NBody/MatchedNative1/ECS/1024`

  Summary
    no difference resolved between `NBody/MatchedNative1/HandWritten/1024` and `NBody/MatchedNative1/ECS/1024`
    ratio 0.95x, 95% CI [0.88 .. 1.06], 12 paired rounds, interleaved

| relative |              95% CI |             ns/tick |              tick/s |    err% |     total | NBody/MatchedPipeline1/1024
|---------:|--------------------:|--------------------:|--------------------:|--------:|----------:|:----------------------------
|   100.0% |                     |        4,396,635.00 |              227.45 |    3.1% |      0.05 | `NBody/MatchedPipeline1/HandWritten/1024`
|    95.8% |     93.6% .. 106.2% |        4,476,671.50 |              223.38 |    3.0% |      0.05 | `NBody/MatchedPipeline1/ECS/1024`

  Summary
    no difference resolved between `NBody/MatchedPipeline1/HandWritten/1024` and `NBody/MatchedPipeline1/ECS/1024`
    ratio 0.96x, 95% CI [0.94 .. 1.06], 12 paired rounds, interleaved

| relative |              95% CI |             ns/tick |              tick/s |    err% |     total | NBody/MatchedNative2/1024
|---------:|--------------------:|--------------------:|--------------------:|--------:|----------:|:--------------------------
|   100.0% |                     |        2,289,035.00 |              436.87 |    5.4% |      0.03 | `NBody/MatchedNative2/HandWritten/1024`
|   100.5% |     92.1% .. 168.7% |        2,340,567.00 |              427.25 |    4.2% |      0.03 | `NBody/MatchedNative2/ECS/1024`

  Summary
    no difference resolved between `NBody/MatchedNative2/HandWritten/1024` and `NBody/MatchedNative2/ECS/1024`
    ratio 1.01x, 95% CI [0.92 .. 1.69], 12 paired rounds, interleaved

| relative |              95% CI |             ns/tick |              tick/s |    err% |     total | NBody/MatchedPipeline2/1024
|---------:|--------------------:|--------------------:|--------------------:|--------:|----------:|:----------------------------
|   100.0% |                     |        4,174,607.00 |              239.54 |    0.8% |      0.04 | `NBody/MatchedPipeline2/HandWritten/1024`
|   143.2% |     97.7% .. 176.5% |        2,585,778.00 |              386.73 |    8.9% |      0.03 | `NBody/MatchedPipeline2/ECS/1024`

  Summary
    no difference resolved between `NBody/MatchedPipeline2/HandWritten/1024` and `NBody/MatchedPipeline2/ECS/1024`
    ratio 1.43x, 95% CI [0.98 .. 1.76], 12 paired rounds, interleaved

| relative |              95% CI |             ns/tick |              tick/s |    err% |     total | NBody/MatchedNative4/1024
|---------:|--------------------:|--------------------:|--------------------:|--------:|----------:|:--------------------------
|   100.0% |                     |        2,420,698.50 |              413.10 |   27.5% |      0.03 | `NBody/MatchedNative4/HandWritten/1024`
|   132.1% |     74.6% .. 185.0% |        2,022,604.50 |              494.41 |   22.1% |      0.03 | `NBody/MatchedNative4/ECS/1024`

  Summary
    no difference resolved between `NBody/MatchedNative4/HandWritten/1024` and `NBody/MatchedNative4/ECS/1024`
    ratio 1.32x, 95% CI [0.75 .. 1.85], 12 paired rounds, interleaved

| relative |              95% CI |             ns/tick |              tick/s |    err% |     total | NBody/MatchedPipeline4/1024
|---------:|--------------------:|--------------------:|--------------------:|--------:|----------:|:----------------------------
|   100.0% |                     |        2,077,615.50 |              481.32 |    7.6% |      0.02 | `NBody/MatchedPipeline4/HandWritten/1024`
|   103.7% |     99.0% .. 113.0% |        2,039,553.00 |              490.30 |    2.6% |      0.02 | `NBody/MatchedPipeline4/ECS/1024`

  Summary
    no difference resolved between `NBody/MatchedPipeline4/HandWritten/1024` and `NBody/MatchedPipeline4/ECS/1024`
    ratio 1.04x, 95% CI [0.99 .. 1.13], 12 paired rounds, interleaved

| relative |              95% CI |             ns/tick |              tick/s |    err% |     total | NBody/Ordered/4096
|---------:|--------------------:|--------------------:|--------------------:|--------:|----------:|:-------------------
|   100.0% |                     |       70,837,129.50 |               14.12 |    3.7% |      1.05 | `NBody/Ordered/HandWritten/4096`
|    96.7% |     88.3% .. 102.3% |       72,051,952.00 |               13.88 |    2.9% |      1.04 | `NBody/Ordered/ECS/4096`
|   100.5% |     83.8% .. 106.4% |       70,212,279.50 |               14.24 |    4.0% |      1.02 | `NBody/Ordered/Native1/4096`
|    97.1% |     87.2% .. 102.9% |       72,006,736.50 |               13.89 |    2.4% |      1.04 | `NBody/Ordered/Pipeline1/4096`
|    97.5% |     87.0% .. 104.8% |       72,127,930.50 |               13.86 |    2.0% |      1.03 | `NBody/Ordered/NativeG64x1/4096`
|   100.5% |     90.4% .. 107.4% |       69,228,745.00 |               14.44 |    2.0% |      1.02 | `NBody/Ordered/PipelineG64x1/4096`
|   193.8% |    176.9% .. 209.8% |       36,398,861.50 |               27.47 |    4.0% |      0.54 | `NBody/Ordered/Native2/4096`
|   186.9% |    117.2% .. 206.1% |       37,425,385.00 |               26.72 |    8.2% |      0.62 | `NBody/Ordered/Pipeline2/4096`
|   194.2% |    154.7% .. 207.2% |       35,923,137.00 |               27.84 |    2.4% |      0.54 | `NBody/Ordered/NativeG64x2/4096`
|   184.0% |    118.3% .. 202.9% |       41,190,275.50 |               24.28 |   18.9% |      0.63 | `NBody/Ordered/PipelineG64x2/4096`
|   273.0% |    210.9% .. 407.9% |       29,068,206.50 |               34.40 |   11.5% |      0.38 | `NBody/Ordered/Native4/4096`
|   226.1% |    203.5% .. 407.4% |       32,432,681.50 |               30.83 |    3.3% |      0.43 | `NBody/Ordered/Pipeline4/4096`
|   363.1% |    292.9% .. 396.7% |       20,896,042.00 |               47.86 |   11.1% |      0.29 | `NBody/Ordered/NativeG64x4/4096`
|   258.3% |    210.1% .. 383.5% |       29,941,388.50 |               33.40 |    9.8% |      0.46 | `NBody/Ordered/PipelineG64x4/4096`

  Summary
    `NBody/Ordered/NativeG64x4/4096` and `NBody/Ordered/Native4/4096` are the two fastest of 14, and were not separated
    95% CI [0.97 .. 1.69], intervals corrected for 13 comparisons, 14 paired rounds, interleaved

| relative |              95% CI |             ns/tick |              tick/s |    err% |     total | NBody/MatchedNative1/4096
|---------:|--------------------:|--------------------:|--------------------:|--------:|----------:|:--------------------------
|   100.0% |                     |       74,486,834.00 |               13.43 |    4.6% |      0.90 | `NBody/MatchedNative1/HandWritten/4096`
|   101.0% |     99.4% .. 104.9% |       73,556,539.00 |               13.59 |    3.0% |      0.90 | `NBody/MatchedNative1/ECS/4096`

  Summary
    no difference resolved between `NBody/MatchedNative1/HandWritten/4096` and `NBody/MatchedNative1/ECS/4096`
    ratio 1.01x, 95% CI [0.99 .. 1.05], 12 paired rounds, interleaved

| relative |              95% CI |             ns/tick |              tick/s |    err% |     total | NBody/MatchedPipeline1/4096
|---------:|--------------------:|--------------------:|--------------------:|--------:|----------:|:----------------------------
|   100.0% |                     |       77,404,129.00 |               12.92 |    4.6% |      0.95 | `NBody/MatchedPipeline1/HandWritten/4096`
|   103.4% |     91.2% .. 108.3% |       74,979,474.50 |               13.34 |    1.7% |      0.92 | `NBody/MatchedPipeline1/ECS/4096`

  Summary
    no difference resolved between `NBody/MatchedPipeline1/HandWritten/4096` and `NBody/MatchedPipeline1/ECS/4096`
    ratio 1.03x, 95% CI [0.91 .. 1.08], 12 paired rounds, interleaved

| relative |              95% CI |             ns/tick |              tick/s |    err% |     total | NBody/MatchedNative2/4096
|---------:|--------------------:|--------------------:|--------------------:|--------:|----------:|:--------------------------
|   100.0% |                     |       55,995,171.00 |               17.86 |   11.1% |      0.63 | `NBody/MatchedNative2/HandWritten/4096`
|   120.2% |     94.1% .. 150.7% |       42,671,393.50 |               23.43 |   14.9% |      0.54 | `NBody/MatchedNative2/ECS/4096`

  Summary
    no difference resolved between `NBody/MatchedNative2/HandWritten/4096` and `NBody/MatchedNative2/ECS/4096`
    ratio 1.20x, 95% CI [0.94 .. 1.51], 12 paired rounds, interleaved

| relative |              95% CI |             ns/tick |              tick/s |    err% |     total | NBody/MatchedPipeline2/4096
|---------:|--------------------:|--------------------:|--------------------:|--------:|----------:|:----------------------------
|   100.0% |                     |       55,082,085.50 |               18.15 |   17.3% |      0.64 | `NBody/MatchedPipeline2/HandWritten/4096`
|   110.9% |     75.0% .. 133.5% |       54,239,486.50 |               18.44 |   16.2% |      0.63 | `NBody/MatchedPipeline2/ECS/4096`

  Summary
    no difference resolved between `NBody/MatchedPipeline2/HandWritten/4096` and `NBody/MatchedPipeline2/ECS/4096`
    ratio 1.11x, 95% CI [0.75 .. 1.33], 12 paired rounds, interleaved

| relative |              95% CI |             ns/tick |              tick/s |    err% |     total | NBody/MatchedNative4/4096
|---------:|--------------------:|--------------------:|--------------------:|--------:|----------:|:--------------------------
|   100.0% |                     |       32,393,649.50 |               30.87 |    0.3% |      0.39 | `NBody/MatchedNative4/HandWritten/4096`
|    99.6% |     98.2% .. 120.0% |       32,436,063.50 |               30.83 |    1.5% |      0.37 | `NBody/MatchedNative4/ECS/4096`

  Summary
    no difference resolved between `NBody/MatchedNative4/HandWritten/4096` and `NBody/MatchedNative4/ECS/4096`
    ratio 1.00x, 95% CI [0.98 .. 1.20], 12 paired rounds, interleaved

| relative |              95% CI |             ns/tick |              tick/s |    err% |     total | NBody/MatchedPipeline4/4096
|---------:|--------------------:|--------------------:|--------------------:|--------:|----------:|:----------------------------
|   100.0% |                     |       33,023,826.50 |               30.28 |    0.7% |      0.40 | `NBody/MatchedPipeline4/HandWritten/4096`
|   100.8% |    100.1% .. 102.8% |       32,709,810.00 |               30.57 |    0.7% |      0.39 | `NBody/MatchedPipeline4/ECS/4096`

  Summary
    `NBody/MatchedPipeline4/ECS/4096` ran 1.01x faster than `NBody/MatchedPipeline4/HandWritten/4096`
    95% CI [1.00 .. 1.03], 12 paired rounds, interleaved
