Note: perf_event_open failed, so the ins/op, cyc/op, IPC, bra/op and miss% columns are missing.
This is usually a container or VM without virtualized performance counters, or
/proc/sys/kernel/perf_event_paranoid being too restrictive.


| relative |              95% CI |             ns/tick |              tick/s |    err% |     total | NBody/Ordered/64
|---------:|--------------------:|--------------------:|--------------------:|--------:|----------:|:-----------------
|   100.0% |                     |           15,739.00 |           63,536.44 |    0.2% |      0.00 | `NBody/Ordered/HandWritten/64`
|   101.6% |    101.2% .. 102.1% |           15,503.50 |           64,501.56 |    0.1% |      0.00 | `NBody/Ordered/ECS/64`
|    96.8% |      96.3% .. 97.6% |           16,270.00 |           61,462.81 |    0.4% |      0.00 | `NBody/Ordered/Native1/64`
|    97.1% |      95.8% .. 98.3% |           16,229.00 |           61,618.09 |    0.2% |      0.00 | `NBody/Ordered/Pipeline1/64`
|    96.6% |      94.9% .. 97.6% |           16,335.00 |           61,218.24 |    0.3% |      0.00 | `NBody/Ordered/NativeG64x1/64`
|    96.9% |      95.8% .. 97.8% |           16,244.00 |           61,561.19 |    0.9% |      0.00 | `NBody/Ordered/PipelineG64x1/64`
|    97.4% |      94.2% .. 99.1% |           16,149.50 |           61,921.42 |    0.5% |      0.00 | `NBody/Ordered/Native2/64`
|    97.1% |      95.9% .. 98.6% |           16,215.00 |           61,671.29 |    0.3% |      0.00 | `NBody/Ordered/Pipeline2/64`
|    96.8% |      94.7% .. 97.8% |           16,315.00 |           61,293.29 |    1.1% |      0.00 | `NBody/Ordered/NativeG64x2/64`
|    97.0% |      96.1% .. 98.5% |           16,204.50 |           61,711.25 |    0.5% |      0.00 | `NBody/Ordered/PipelineG64x2/64`
|    96.9% |      96.0% .. 97.9% |           16,264.50 |           61,483.60 |    0.5% |      0.00 | `NBody/Ordered/Native4/64`
|    96.7% |      96.5% .. 98.6% |           16,264.50 |           61,483.60 |    0.3% |      0.00 | `NBody/Ordered/Pipeline4/64`
|    96.8% |      96.0% .. 97.9% |           16,244.50 |           61,559.30 |    0.4% |      0.00 | `NBody/Ordered/NativeG64x4/64`
|    96.9% |      80.6% .. 98.1% |           16,289.50 |           61,389.24 |    0.5% |      0.00 | `NBody/Ordered/PipelineG64x4/64`

  Summary
    `NBody/Ordered/ECS/64` is fastest of 14, 1.02x ahead of `NBody/Ordered/HandWritten/64`
    95% CI [1.01 .. 1.02], intervals corrected for 13 comparisons, 14 paired rounds, interleaved

| relative |              95% CI |             ns/tick |              tick/s |    err% |     total | NBody/MatchedNative1/64
|---------:|--------------------:|--------------------:|--------------------:|--------:|----------:|:------------------------
|   100.0% |                     |           16,159.50 |           61,883.10 |    0.6% |      0.00 | `NBody/MatchedNative1/HandWritten/64`
|    99.1% |      55.1% .. 99.8% |           16,279.00 |           61,428.83 |    0.7% |      0.00 | `NBody/MatchedNative1/ECS/64`

  Summary
    `NBody/MatchedNative1/ECS/64` ran 1.01x slower than `NBody/MatchedNative1/HandWritten/64`
    95% CI [1.00 .. 1.81], 12 paired rounds, interleaved

| relative |              95% CI |             ns/tick |              tick/s |    err% |     total | NBody/MatchedPipeline1/64
|---------:|--------------------:|--------------------:|--------------------:|--------:|----------:|:--------------------------
|   100.0% |                     |           15,303.00 |           65,346.66 |    0.2% |      0.00 | `NBody/MatchedPipeline1/HandWritten/64`
|    94.7% |      93.9% .. 95.4% |           16,219.50 |           61,654.18 |    0.6% |      0.00 | `NBody/MatchedPipeline1/ECS/64`

  Summary
    `NBody/MatchedPipeline1/ECS/64` ran 1.06x slower than `NBody/MatchedPipeline1/HandWritten/64`
    95% CI [1.05 .. 1.06], 12 paired rounds, interleaved

| relative |              95% CI |             ns/tick |              tick/s |    err% |     total | NBody/MatchedNative2/64
|---------:|--------------------:|--------------------:|--------------------:|--------:|----------:|:------------------------
|   100.0% |                     |           16,234.50 |           61,597.22 |    0.5% |      0.00 | `NBody/MatchedNative2/HandWritten/64`
|   100.5% |     99.9% .. 103.1% |           16,159.50 |           61,883.10 |    0.3% |      0.00 | `NBody/MatchedNative2/ECS/64`

  Summary
    no difference resolved between `NBody/MatchedNative2/HandWritten/64` and `NBody/MatchedNative2/ECS/64`
    ratio 1.01x, 95% CI [1.00 .. 1.03], 12 paired rounds, interleaved

| relative |              95% CI |             ns/tick |              tick/s |    err% |     total | NBody/MatchedPipeline2/64
|---------:|--------------------:|--------------------:|--------------------:|--------:|----------:|:--------------------------
|   100.0% |                     |           15,308.00 |           65,325.32 |    0.1% |      0.00 | `NBody/MatchedPipeline2/HandWritten/64`
|    94.2% |      93.8% .. 94.9% |           16,244.00 |           61,561.19 |    0.3% |      0.00 | `NBody/MatchedPipeline2/ECS/64`

  Summary
    `NBody/MatchedPipeline2/ECS/64` ran 1.06x slower than `NBody/MatchedPipeline2/HandWritten/64`
    95% CI [1.05 .. 1.07], 12 paired rounds, interleaved

| relative |              95% CI |             ns/tick |              tick/s |    err% |     total | NBody/MatchedNative4/64
|---------:|--------------------:|--------------------:|--------------------:|--------:|----------:|:------------------------
|   100.0% |                     |           16,079.00 |           62,192.92 |    0.3% |      0.00 | `NBody/MatchedNative4/HandWritten/64`
|    99.6% |     98.8% .. 100.4% |           16,144.50 |           61,940.60 |    0.6% |      0.00 | `NBody/MatchedNative4/ECS/64`

  Summary
    no difference resolved between `NBody/MatchedNative4/HandWritten/64` and `NBody/MatchedNative4/ECS/64`
    ratio 1.00x, 95% CI [0.99 .. 1.00], 12 paired rounds, interleaved

| relative |              95% CI |             ns/tick |              tick/s |    err% |     total | NBody/MatchedPipeline4/64
|---------:|--------------------:|--------------------:|--------------------:|--------:|----------:|:--------------------------
|   100.0% |                     |           15,313.00 |           65,303.99 |    0.2% |      0.00 | `NBody/MatchedPipeline4/HandWritten/64`
|    94.3% |      93.6% .. 94.8% |           16,310.00 |           61,312.08 |    0.4% |      0.00 | `NBody/MatchedPipeline4/ECS/64`

  Summary
    `NBody/MatchedPipeline4/ECS/64` ran 1.06x slower than `NBody/MatchedPipeline4/HandWritten/64`
    95% CI [1.05 .. 1.07], 12 paired rounds, interleaved

| relative |              95% CI |             ns/tick |              tick/s |    err% |     total | NBody/Ordered/1024
|---------:|--------------------:|--------------------:|--------------------:|--------:|----------:|:-------------------
|   100.0% |                     |        4,444,184.50 |              225.01 |    3.5% |      0.07 | `NBody/Ordered/HandWritten/1024`
|   100.4% |     92.6% .. 125.2% |        4,533,073.50 |              220.60 |    4.7% |      0.06 | `NBody/Ordered/ECS/1024`
|   106.9% |     97.3% .. 140.2% |        4,216,812.00 |              237.15 |    3.9% |      0.06 | `NBody/Ordered/Native1/1024`
|   104.9% |     96.8% .. 144.9% |        4,325,716.50 |              231.18 |    6.7% |      0.06 | `NBody/Ordered/Pipeline1/1024`
|   107.2% |     99.8% .. 139.1% |        4,309,366.50 |              232.05 |    6.1% |      0.06 | `NBody/Ordered/NativeG64x1/1024`
|    99.4% |     88.7% .. 136.0% |        4,490,940.50 |              222.67 |    4.0% |      0.07 | `NBody/Ordered/PipelineG64x1/1024`
|   104.1% |     92.2% .. 119.2% |        4,572,273.00 |              218.71 |    5.0% |      0.07 | `NBody/Ordered/Native2/1024`
|   102.2% |     93.0% .. 140.9% |        4,430,318.50 |              225.72 |    5.8% |      0.06 | `NBody/Ordered/Pipeline2/1024`
|   208.2% |    182.0% .. 235.6% |        2,244,178.00 |              445.60 |    5.1% |      0.03 | `NBody/Ordered/NativeG64x2/1024`
|   177.2% |    109.0% .. 223.8% |        2,449,918.50 |              408.18 |   12.7% |      0.04 | `NBody/Ordered/PipelineG64x2/1024`
|   106.6% |     93.4% .. 136.9% |        4,375,456.00 |              228.55 |    4.6% |      0.06 | `NBody/Ordered/Native4/1024`
|   102.5% |     95.4% .. 123.6% |        4,413,303.00 |              226.59 |    4.6% |      0.06 | `NBody/Ordered/Pipeline4/1024`
|   278.3% |    238.4% .. 325.7% |        1,593,411.50 |              627.58 |    3.1% |      0.02 | `NBody/Ordered/NativeG64x4/1024`
|   173.0% |    137.2% .. 209.1% |        2,967,544.00 |              336.98 |   16.3% |      0.04 | `NBody/Ordered/PipelineG64x4/1024`

  Summary
    `NBody/Ordered/NativeG64x4/1024` is fastest of 14, 1.35x ahead of `NBody/Ordered/NativeG64x2/1024`
    95% CI [1.14 .. 1.53], intervals corrected for 13 comparisons, 14 paired rounds, interleaved

| relative |              95% CI |             ns/tick |              tick/s |    err% |     total | NBody/MatchedNative1/1024
|---------:|--------------------:|--------------------:|--------------------:|--------:|----------:|:--------------------------
|   100.0% |                     |        4,370,293.00 |              228.82 |    7.6% |      0.06 | `NBody/MatchedNative1/HandWritten/1024`
|   104.6% |     98.0% .. 108.0% |        4,380,368.50 |              228.29 |    2.5% |      0.05 | `NBody/MatchedNative1/ECS/1024`

  Summary
    no difference resolved between `NBody/MatchedNative1/HandWritten/1024` and `NBody/MatchedNative1/ECS/1024`
    ratio 1.05x, 95% CI [0.98 .. 1.08], 12 paired rounds, interleaved

| relative |              95% CI |             ns/tick |              tick/s |    err% |     total | NBody/MatchedPipeline1/1024
|---------:|--------------------:|--------------------:|--------------------:|--------:|----------:|:----------------------------
|   100.0% |                     |        4,374,865.00 |              228.58 |    6.5% |      0.06 | `NBody/MatchedPipeline1/HandWritten/1024`
|   102.5% |     96.7% .. 112.1% |        4,322,726.50 |              231.34 |    5.2% |      0.05 | `NBody/MatchedPipeline1/ECS/1024`

  Summary
    no difference resolved between `NBody/MatchedPipeline1/HandWritten/1024` and `NBody/MatchedPipeline1/ECS/1024`
    ratio 1.02x, 95% CI [0.97 .. 1.12], 12 paired rounds, interleaved

| relative |              95% CI |             ns/tick |              tick/s |    err% |     total | NBody/MatchedNative2/1024
|---------:|--------------------:|--------------------:|--------------------:|--------:|----------:|:--------------------------
|   100.0% |                     |        2,214,598.50 |              451.55 |    3.6% |      0.03 | `NBody/MatchedNative2/HandWritten/1024`
|    98.2% |     95.3% .. 108.2% |        2,206,066.00 |              453.30 |    5.5% |      0.03 | `NBody/MatchedNative2/ECS/1024`

  Summary
    no difference resolved between `NBody/MatchedNative2/HandWritten/1024` and `NBody/MatchedNative2/ECS/1024`
    ratio 0.98x, 95% CI [0.95 .. 1.08], 12 paired rounds, interleaved

| relative |              95% CI |             ns/tick |              tick/s |    err% |     total | NBody/MatchedPipeline2/1024
|---------:|--------------------:|--------------------:|--------------------:|--------:|----------:|:----------------------------
|   100.0% |                     |        2,427,687.50 |              411.91 |    7.5% |      0.03 | `NBody/MatchedPipeline2/HandWritten/1024`
|    98.1% |     94.3% .. 107.9% |        2,398,666.50 |              416.90 |    4.7% |      0.03 | `NBody/MatchedPipeline2/ECS/1024`

  Summary
    no difference resolved between `NBody/MatchedPipeline2/HandWritten/1024` and `NBody/MatchedPipeline2/ECS/1024`
    ratio 0.98x, 95% CI [0.94 .. 1.08], 12 paired rounds, interleaved

| relative |              95% CI |             ns/tick |              tick/s |    err% |     total | NBody/MatchedNative4/1024
|---------:|--------------------:|--------------------:|--------------------:|--------:|----------:|:--------------------------
|   100.0% |                     |        2,052,108.00 |              487.30 |    1.2% |      0.02 | `NBody/MatchedNative4/HandWritten/1024`
|    75.0% |      52.1% .. 90.3% |        2,451,330.50 |              407.94 |   17.1% |      0.03 | `NBody/MatchedNative4/ECS/1024`

  Summary
    `NBody/MatchedNative4/ECS/1024` ran 1.33x slower than `NBody/MatchedNative4/HandWritten/1024`
    95% CI [1.11 .. 1.92], 12 paired rounds, interleaved

| relative |              95% CI |             ns/tick |              tick/s |    err% |     total | NBody/MatchedPipeline4/1024
|---------:|--------------------:|--------------------:|--------------------:|--------:|----------:|:----------------------------
|   100.0% |                     |        2,086,240.00 |              479.33 |    1.9% |      0.03 | `NBody/MatchedPipeline4/HandWritten/1024`
|    97.6% |     94.8% .. 106.6% |        2,114,472.50 |              472.93 |    2.0% |      0.03 | `NBody/MatchedPipeline4/ECS/1024`

  Summary
    no difference resolved between `NBody/MatchedPipeline4/HandWritten/1024` and `NBody/MatchedPipeline4/ECS/1024`
    ratio 0.98x, 95% CI [0.95 .. 1.07], 12 paired rounds, interleaved

| relative |              95% CI |             ns/tick |              tick/s |    err% |     total | NBody/Ordered/4096
|---------:|--------------------:|--------------------:|--------------------:|--------:|----------:|:-------------------
|   100.0% |                     |       69,571,232.00 |               14.37 |    2.0% |      0.99 | `NBody/Ordered/HandWritten/4096`
|   100.5% |     93.7% .. 108.0% |       68,965,108.00 |               14.50 |    2.2% |      1.03 | `NBody/Ordered/ECS/4096`
|   101.0% |     98.4% .. 107.2% |       69,078,321.50 |               14.48 |    3.1% |      0.97 | `NBody/Ordered/Native1/4096`
|    99.7% |     92.4% .. 105.5% |       70,055,964.50 |               14.27 |    2.4% |      0.98 | `NBody/Ordered/Pipeline1/4096`
|    99.4% |     95.9% .. 106.3% |       70,395,429.50 |               14.21 |    2.1% |      0.98 | `NBody/Ordered/NativeG64x1/4096`
|   100.9% |     96.3% .. 106.4% |       69,592,411.50 |               14.37 |    2.0% |      0.98 | `NBody/Ordered/PipelineG64x1/4096`
|   178.7% |    105.1% .. 202.3% |       39,224,835.00 |               25.49 |   10.6% |      0.62 | `NBody/Ordered/Native2/4096`
|   198.6% |    169.3% .. 207.7% |       35,529,418.50 |               28.15 |    2.8% |      0.53 | `NBody/Ordered/Pipeline2/4096`
|   193.6% |    168.7% .. 205.8% |       36,233,745.50 |               27.60 |    4.2% |      0.52 | `NBody/Ordered/NativeG64x2/4096`
|   199.2% |    186.9% .. 212.8% |       34,877,544.50 |               28.67 |    3.5% |      0.49 | `NBody/Ordered/PipelineG64x2/4096`
|   237.3% |    210.6% .. 373.4% |       32,325,583.50 |               30.94 |    0.9% |      0.38 | `NBody/Ordered/Native4/4096`
|   219.0% |    209.5% .. 330.3% |       32,378,643.50 |               30.88 |    1.2% |      0.41 | `NBody/Ordered/Pipeline4/4096`
|   284.7% |    205.9% .. 390.8% |       24,275,767.50 |               41.19 |   25.6% |      0.35 | `NBody/Ordered/NativeG64x4/4096`
|   244.0% |    209.8% .. 374.3% |       32,397,992.50 |               30.87 |    0.9% |      0.39 | `NBody/Ordered/PipelineG64x4/4096`

  Summary
    `NBody/Ordered/NativeG64x4/4096` and `NBody/Ordered/Native4/4096` are the two fastest of 14, and were not separated
    95% CI [0.75 .. 1.40], intervals corrected for 13 comparisons, 14 paired rounds, interleaved

| relative |              95% CI |             ns/tick |              tick/s |    err% |     total | NBody/MatchedNative1/4096
|---------:|--------------------:|--------------------:|--------------------:|--------:|----------:|:--------------------------
|   100.0% |                     |       69,391,318.00 |               14.41 |    2.2% |      0.86 | `NBody/MatchedNative1/HandWritten/4096`
|   101.1% |     98.6% .. 105.3% |       69,100,830.00 |               14.47 |    1.5% |      0.82 | `NBody/MatchedNative1/ECS/4096`

  Summary
    no difference resolved between `NBody/MatchedNative1/HandWritten/4096` and `NBody/MatchedNative1/ECS/4096`
    ratio 1.01x, 95% CI [0.99 .. 1.05], 12 paired rounds, interleaved

| relative |              95% CI |             ns/tick |              tick/s |    err% |     total | NBody/MatchedPipeline1/4096
|---------:|--------------------:|--------------------:|--------------------:|--------:|----------:|:----------------------------
|   100.0% |                     |       67,338,603.50 |               14.85 |    1.5% |      0.81 | `NBody/MatchedPipeline1/HandWritten/4096`
|    97.9% |      96.1% .. 99.8% |       68,480,015.00 |               14.60 |    0.8% |      0.82 | `NBody/MatchedPipeline1/ECS/4096`

  Summary
    `NBody/MatchedPipeline1/ECS/4096` ran 1.02x slower than `NBody/MatchedPipeline1/HandWritten/4096`
    95% CI [1.00 .. 1.04], 12 paired rounds, interleaved

| relative |              95% CI |             ns/tick |              tick/s |    err% |     total | NBody/MatchedNative2/4096
|---------:|--------------------:|--------------------:|--------------------:|--------:|----------:|:--------------------------
|   100.0% |                     |       37,409,703.50 |               26.73 |    7.0% |      0.50 | `NBody/MatchedNative2/HandWritten/4096`
|   102.3% |     96.6% .. 134.9% |       36,376,201.00 |               27.49 |    4.2% |      0.46 | `NBody/MatchedNative2/ECS/4096`

  Summary
    no difference resolved between `NBody/MatchedNative2/HandWritten/4096` and `NBody/MatchedNative2/ECS/4096`
    ratio 1.02x, 95% CI [0.97 .. 1.35], 12 paired rounds, interleaved

| relative |              95% CI |             ns/tick |              tick/s |    err% |     total | NBody/MatchedPipeline2/4096
|---------:|--------------------:|--------------------:|--------------------:|--------:|----------:|:----------------------------
|   100.0% |                     |       39,599,660.00 |               25.25 |   12.0% |      0.52 | `NBody/MatchedPipeline2/HandWritten/4096`
|   110.9% |     95.1% .. 121.3% |       35,786,086.00 |               27.94 |    3.7% |      0.49 | `NBody/MatchedPipeline2/ECS/4096`

  Summary
    no difference resolved between `NBody/MatchedPipeline2/HandWritten/4096` and `NBody/MatchedPipeline2/ECS/4096`
    ratio 1.11x, 95% CI [0.95 .. 1.21], 12 paired rounds, interleaved

| relative |              95% CI |             ns/tick |              tick/s |    err% |     total | NBody/MatchedNative4/4096
|---------:|--------------------:|--------------------:|--------------------:|--------:|----------:|:--------------------------
|   100.0% |                     |       26,829,639.00 |               37.27 |   16.2% |      0.33 | `NBody/MatchedNative4/HandWritten/4096`
|   102.5% |     99.1% .. 122.8% |       23,853,291.00 |               41.92 |   16.8% |      0.31 | `NBody/MatchedNative4/ECS/4096`

  Summary
    no difference resolved between `NBody/MatchedNative4/HandWritten/4096` and `NBody/MatchedNative4/ECS/4096`
    ratio 1.03x, 95% CI [0.99 .. 1.23], 12 paired rounds, interleaved

| relative |              95% CI |             ns/tick |              tick/s |    err% |     total | NBody/MatchedPipeline4/4096
|---------:|--------------------:|--------------------:|--------------------:|--------:|----------:|:----------------------------
|   100.0% |                     |       32,827,856.00 |               30.46 |    0.7% |      0.37 | `NBody/MatchedPipeline4/HandWritten/4096`
|   101.3% |     99.1% .. 114.5% |       32,437,983.50 |               30.83 |    1.4% |      0.36 | `NBody/MatchedPipeline4/ECS/4096`

  Summary
    no difference resolved between `NBody/MatchedPipeline4/HandWritten/4096` and `NBody/MatchedPipeline4/ECS/4096`
    ratio 1.01x, 95% CI [0.99 .. 1.15], 12 paired rounds, interleaved
