Note: perf_event_open failed, so the ins/op, cyc/op, IPC, bra/op and miss% columns are missing.
This is usually a container or VM without virtualized performance counters, or
/proc/sys/kernel/perf_event_paranoid being too restrictive.


| relative |              95% CI |             ns/pass |              pass/s |    err% |     total | RowDispatch/Coherent/64
|---------:|--------------------:|--------------------:|--------------------:|--------:|----------:|:------------------------
|   100.0% |                     |               14.10 |       70,939,190.88 |    2.6% |      0.01 | `RowDispatch/Coherent/HandWritten/64`
|    90.1% |      72.1% .. 94.6% |               16.00 |       62,513,872.29 |    3.6% |      0.01 | `RowDispatch/Coherent/Each/64`
|    63.9% |      57.2% .. 69.4% |               22.04 |       45,370,340.28 |    5.7% |      0.01 | `RowDispatch/Coherent/Grain1/64`
|    78.0% |      74.6% .. 87.7% |               18.05 |       55,395,487.34 |    2.7% |      0.01 | `RowDispatch/Coherent/Grain64/64`
|    68.4% |      62.7% .. 71.6% |               20.69 |       48,331,983.59 |    3.8% |      0.01 | `RowDispatch/Coherent/Grain1024/64`

  Summary
    `RowDispatch/Coherent/HandWritten/64` is fastest of 5, 1.11x ahead of `RowDispatch/Coherent/Each/64`
    95% CI [1.06 .. 1.39], intervals corrected for 4 comparisons, 15 paired rounds, interleaved

| relative |              95% CI |             ns/pass |              pass/s |    err% |     total | RowDispatch/Fragmented/64
|---------:|--------------------:|--------------------:|--------------------:|--------:|----------:|:--------------------------
|   100.0% |                     |               16.43 |       60,879,644.81 |    3.5% |      0.01 | `RowDispatch/Fragmented/HandWritten/64`
|    83.8% |      77.4% .. 94.8% |               19.20 |       52,090,639.20 |    4.0% |      0.01 | `RowDispatch/Fragmented/Each/64`
|    11.6% |       9.8% .. 12.7% |              147.59 |        6,775,534.58 |    4.3% |      0.08 | `RowDispatch/Fragmented/Grain1/64`
|    76.1% |      69.7% .. 83.1% |               21.71 |       46,069,329.49 |    2.4% |      0.01 | `RowDispatch/Fragmented/Grain64/64`
|    77.5% |      71.1% .. 87.3% |               21.20 |       47,178,906.18 |    1.3% |      0.01 | `RowDispatch/Fragmented/Grain1024/64`

  Summary
    `RowDispatch/Fragmented/HandWritten/64` is fastest of 5, 1.19x ahead of `RowDispatch/Fragmented/Each/64`
    95% CI [1.06 .. 1.29], intervals corrected for 4 comparisons, 15 paired rounds, interleaved

| relative |              95% CI |             ns/pass |              pass/s |    err% |     total | RowDispatch/Coherent/4096
|---------:|--------------------:|--------------------:|--------------------:|--------:|----------:|:--------------------------
|   100.0% |                     |              701.80 |        1,424,908.71 |    2.8% |      0.02 | `RowDispatch/Coherent/HandWritten/4096`
|   105.2% |     97.9% .. 112.4% |              664.10 |        1,505,805.50 |    2.3% |      0.02 | `RowDispatch/Coherent/Each/4096`
|    59.2% |      55.0% .. 63.3% |            1,212.84 |          824,507.94 |    2.3% |      0.03 | `RowDispatch/Coherent/Grain1/4096`
|    88.7% |      79.9% .. 97.3% |              784.68 |        1,274,408.05 |    3.7% |      0.02 | `RowDispatch/Coherent/Grain64/4096`
|    58.4% |      57.2% .. 59.9% |            1,219.39 |          820,080.74 |    3.4% |      0.03 | `RowDispatch/Coherent/Grain1024/4096`

  Summary
    `RowDispatch/Coherent/Each/4096` and `RowDispatch/Coherent/HandWritten/4096` are the two fastest of 5, and were not separated
    95% CI [0.98 .. 1.12], intervals corrected for 4 comparisons, 15 paired rounds, interleaved

| relative |              95% CI |             ns/pass |              pass/s |    err% |     total | RowDispatch/Fragmented/4096
|---------:|--------------------:|--------------------:|--------------------:|--------:|----------:|:----------------------------
|   100.0% |                     |              749.81 |        1,333,669.42 |    4.3% |      0.02 | `RowDispatch/Fragmented/HandWritten/4096`
|   103.7% |     96.2% .. 122.5% |              698.97 |        1,430,684.45 |    2.3% |      0.02 | `RowDispatch/Fragmented/Each/4096`
|     8.2% |        6.8% .. 9.0% |            9,393.65 |          106,454.93 |    3.6% |      0.20 | `RowDispatch/Fragmented/Grain1/4096`
|    70.1% |      58.9% .. 74.9% |            1,065.04 |          938,932.32 |    3.3% |      0.02 | `RowDispatch/Fragmented/Grain64/4096`
|    58.5% |      55.8% .. 62.1% |            1,269.40 |          787,776.46 |    4.9% |      0.03 | `RowDispatch/Fragmented/Grain1024/4096`

  Summary
    `RowDispatch/Fragmented/Each/4096` and `RowDispatch/Fragmented/HandWritten/4096` are the two fastest of 5, and were not separated
    95% CI [0.96 .. 1.22], intervals corrected for 4 comparisons, 15 paired rounds, interleaved

| relative |              95% CI |             ns/pass |              pass/s |    err% |     total | RowDispatch/Coherent/100000
|---------:|--------------------:|--------------------:|--------------------:|--------:|----------:|:----------------------------
|   100.0% |                     |           21,921.29 |           45,617.74 |    4.0% |      0.02 | `RowDispatch/Coherent/HandWritten/100000`
|    99.2% |     83.1% .. 110.6% |           21,919.31 |           45,621.87 |    4.6% |      0.02 | `RowDispatch/Coherent/Each/100000`
|    75.0% |      65.9% .. 81.5% |           29,192.43 |           34,255.45 |    4.3% |      0.02 | `RowDispatch/Coherent/Grain1/100000`
|    99.2% |     95.1% .. 104.4% |           22,521.59 |           44,401.84 |    3.8% |      0.02 | `RowDispatch/Coherent/Grain64/100000`
|    68.7% |      58.3% .. 73.6% |           33,131.51 |           30,182.75 |   12.6% |      0.03 | `RowDispatch/Coherent/Grain1024/100000`

  Summary
    `RowDispatch/Coherent/Each/100000` and `RowDispatch/Coherent/HandWritten/100000` are the two fastest of 5, and were not separated
    95% CI [0.83 .. 1.11], intervals corrected for 4 comparisons, 15 paired rounds, interleaved

| relative |              95% CI |             ns/pass |              pass/s |    err% |     total | RowDispatch/Fragmented/100000
|---------:|--------------------:|--------------------:|--------------------:|--------:|----------:|:------------------------------
|   100.0% |                     |           22,517.14 |           44,410.61 |    4.6% |      0.02 | `RowDispatch/Fragmented/HandWritten/100000`
|   100.7% |     88.6% .. 109.6% |           22,454.84 |           44,533.83 |    7.3% |      0.02 | `RowDispatch/Fragmented/Each/100000`
|    10.1% |       9.3% .. 11.0% |          229,494.36 |            4,357.41 |    2.0% |      0.17 | `RowDispatch/Fragmented/Grain1/100000`
|    74.7% |      71.4% .. 83.3% |           29,879.86 |           33,467.36 |    5.1% |      0.03 | `RowDispatch/Fragmented/Grain64/100000`
|    66.7% |      64.2% .. 79.1% |           33,010.36 |           30,293.52 |    4.4% |      0.02 | `RowDispatch/Fragmented/Grain1024/100000`

  Summary
    `RowDispatch/Fragmented/Each/100000` and `RowDispatch/Fragmented/HandWritten/100000` are the two fastest of 5, and were not separated
    95% CI [0.89 .. 1.10], intervals corrected for 4 comparisons, 15 paired rounds, interleaved
