Note: perf_event_open failed, so the ins/op, cyc/op, IPC, bra/op and miss% columns are missing.
This is usually a container or VM without virtualized performance counters, or
/proc/sys/kernel/perf_event_paranoid being too restrictive.


| relative |              95% CI |             ns/pass |              pass/s |    err% |     total | RowDispatch/Coherent/64
|---------:|--------------------:|--------------------:|--------------------:|--------:|----------:|:------------------------
|   100.0% |                     |               13.98 |       71,551,891.28 |    3.8% |      0.01 | `RowDispatch/Coherent/HandWritten/64`
|    87.3% |      79.9% .. 94.2% |               16.15 |       61,904,914.05 |    4.3% |      0.01 | `RowDispatch/Coherent/Each/64`
|    28.1% |      24.1% .. 31.8% |               50.57 |       19,773,064.75 |    4.5% |      0.02 | `RowDispatch/Coherent/Grain1/64`
|    78.5% |      66.9% .. 83.9% |               18.09 |       55,292,108.81 |    7.0% |      0.01 | `RowDispatch/Coherent/Grain64/64`
|    77.8% |      65.1% .. 84.8% |               17.87 |       55,953,177.42 |    3.2% |      0.01 | `RowDispatch/Coherent/Grain1024/64`

  Summary
    `RowDispatch/Coherent/HandWritten/64` is fastest of 5, 1.15x ahead of `RowDispatch/Coherent/Each/64`
    95% CI [1.06 .. 1.25], intervals corrected for 4 comparisons, 15 paired rounds, interleaved

| relative |              95% CI |             ns/pass |              pass/s |    err% |     total | RowDispatch/Fragmented/64
|---------:|--------------------:|--------------------:|--------------------:|--------:|----------:|:--------------------------
|   100.0% |                     |               15.45 |       64,727,580.94 |    4.5% |      0.01 | `RowDispatch/Fragmented/HandWritten/64`
|    81.4% |      74.6% .. 89.5% |               19.45 |       51,412,304.64 |    5.4% |      0.01 | `RowDispatch/Fragmented/Each/64`
|    10.8% |      10.0% .. 15.6% |              147.07 |        6,799,570.52 |    2.7% |      0.06 | `RowDispatch/Fragmented/Grain1/64`
|    62.9% |      58.2% .. 67.7% |               25.15 |       39,760,282.26 |    4.3% |      0.01 | `RowDispatch/Fragmented/Grain64/64`
|    59.7% |      57.0% .. 62.1% |               26.13 |       38,267,000.18 |    5.1% |      0.01 | `RowDispatch/Fragmented/Grain1024/64`

  Summary
    `RowDispatch/Fragmented/HandWritten/64` is fastest of 5, 1.23x ahead of `RowDispatch/Fragmented/Each/64`
    95% CI [1.12 .. 1.34], intervals corrected for 4 comparisons, 15 paired rounds, interleaved

| relative |              95% CI |             ns/pass |              pass/s |    err% |     total | RowDispatch/Coherent/4096
|---------:|--------------------:|--------------------:|--------------------:|--------:|----------:|:--------------------------
|   100.0% |                     |              696.99 |        1,434,733.49 |    3.6% |      0.01 | `RowDispatch/Coherent/HandWritten/4096`
|   104.5% |     85.1% .. 148.0% |              659.30 |        1,516,758.30 |    2.7% |      0.01 | `RowDispatch/Coherent/Each/4096`
|    26.9% |      24.6% .. 35.3% |            2,571.68 |          388,851.31 |    4.0% |      0.04 | `RowDispatch/Coherent/Grain1/4096`
|    57.2% |      54.5% .. 70.4% |            1,223.04 |          817,635.04 |    1.6% |      0.02 | `RowDispatch/Coherent/Grain64/4096`
|    96.3% |      91.2% .. 99.6% |              733.69 |        1,362,971.81 |    2.2% |      0.01 | `RowDispatch/Coherent/Grain1024/4096`

  Summary
    `RowDispatch/Coherent/Each/4096` and `RowDispatch/Coherent/HandWritten/4096` are the two fastest of 5, and were not separated
    95% CI [0.85 .. 1.48], intervals corrected for 4 comparisons, 15 paired rounds, interleaved

| relative |              95% CI |             ns/pass |              pass/s |    err% |     total | RowDispatch/Fragmented/4096
|---------:|--------------------:|--------------------:|--------------------:|--------:|----------:|:----------------------------
|   100.0% |                     |              733.56 |        1,363,209.25 |    2.0% |      0.01 | `RowDispatch/Fragmented/HandWritten/4096`
|   108.0% |    103.1% .. 110.8% |              683.95 |        1,462,102.74 |    1.7% |      0.01 | `RowDispatch/Fragmented/Each/4096`
|     8.1% |        7.3% .. 9.0% |            9,080.90 |          110,121.28 |    3.0% |      0.15 | `RowDispatch/Fragmented/Grain1/4096`
|    66.6% |      59.0% .. 68.7% |            1,116.45 |          895,693.65 |    4.1% |      0.02 | `RowDispatch/Fragmented/Grain64/4096`
|   102.9% |     95.3% .. 107.6% |              730.70 |        1,368,551.06 |    3.4% |      0.01 | `RowDispatch/Fragmented/Grain1024/4096`

  Summary
    `RowDispatch/Fragmented/Each/4096` and `RowDispatch/Fragmented/Grain1024/4096` are the two fastest of 5, and were not separated
    95% CI [0.90 .. 1.13], intervals corrected for 4 comparisons, 15 paired rounds, interleaved

| relative |              95% CI |             ns/pass |              pass/s |    err% |     total | RowDispatch/Coherent/100000
|---------:|--------------------:|--------------------:|--------------------:|--------:|----------:|:----------------------------
|   100.0% |                     |           20,889.70 |           47,870.48 |    2.6% |      0.02 | `RowDispatch/Coherent/HandWritten/100000`
|   102.5% |     99.9% .. 113.8% |           20,513.92 |           48,747.39 |    2.3% |      0.02 | `RowDispatch/Coherent/Each/100000`
|    33.8% |      29.7% .. 37.9% |           62,803.26 |           15,922.74 |    4.1% |      0.05 | `RowDispatch/Coherent/Grain1/100000`
|    69.9% |      68.7% .. 78.1% |           29,749.26 |           33,614.28 |    1.5% |      0.02 | `RowDispatch/Coherent/Grain64/100000`
|   100.7% |     80.3% .. 111.0% |           20,927.14 |           47,784.84 |    2.4% |      0.02 | `RowDispatch/Coherent/Grain1024/100000`

  Summary
    `RowDispatch/Coherent/Each/100000` and `RowDispatch/Coherent/HandWritten/100000` are the two fastest of 5, and were not separated
    95% CI [1.00 .. 1.14], intervals corrected for 4 comparisons, 15 paired rounds, interleaved

| relative |              95% CI |             ns/pass |              pass/s |    err% |     total | RowDispatch/Fragmented/100000
|---------:|--------------------:|--------------------:|--------------------:|--------:|----------:|:------------------------------
|   100.0% |                     |           20,624.15 |           48,486.84 |    1.7% |      0.02 | `RowDispatch/Fragmented/HandWritten/100000`
|    98.5% |     96.1% .. 104.3% |           20,833.92 |           47,998.64 |    1.5% |      0.02 | `RowDispatch/Fragmented/Each/100000`
|     9.5% |       9.0% .. 11.1% |          218,855.87 |            4,569.22 |    1.6% |      0.17 | `RowDispatch/Fragmented/Grain1/100000`
|    76.2% |      69.6% .. 88.7% |           26,943.88 |           37,114.17 |    2.5% |      0.02 | `RowDispatch/Fragmented/Grain64/100000`
|    97.1% |     94.5% .. 105.5% |           21,211.60 |           47,144.02 |    1.1% |      0.02 | `RowDispatch/Fragmented/Grain1024/100000`

  Summary
    `RowDispatch/Fragmented/HandWritten/100000` and `RowDispatch/Fragmented/Each/100000` are the two fastest of 5, and were not separated
    95% CI [0.96 .. 1.04], intervals corrected for 4 comparisons, 15 paired rounds, interleaved
