Note: perf_event_open failed, so the ins/op, cyc/op, IPC, bra/op and miss% columns are missing.
This is usually a container or VM without virtualized performance counters, or
/proc/sys/kernel/perf_event_paranoid being too restrictive.


| relative |              95% CI |             ns/pass |              pass/s |    err% |     total | RowDispatch/Coherent/64
|---------:|--------------------:|--------------------:|--------------------:|--------:|----------:|:------------------------
|   100.0% |                     |               14.46 |       69,148,775.81 |    4.1% |      0.01 | `RowDispatch/Coherent/HandWritten/64`
|    67.6% |      61.6% .. 70.3% |               21.42 |       46,688,873.15 |    3.1% |      0.01 | `RowDispatch/Coherent/Each/64`
|     9.9% |       9.4% .. 10.7% |              144.94 |        6,899,595.33 |    2.9% |      0.07 | `RowDispatch/Coherent/Grain1/64`
|    62.9% |      58.7% .. 66.1% |               22.86 |       43,752,478.04 |    2.4% |      0.01 | `RowDispatch/Coherent/Grain64/64`
|    77.4% |      67.2% .. 84.9% |               18.28 |       54,711,339.42 |    3.2% |      0.01 | `RowDispatch/Coherent/Grain1024/64`

  Summary
    `RowDispatch/Coherent/HandWritten/64` is fastest of 5, 1.29x ahead of `RowDispatch/Coherent/Grain1024/64`
    95% CI [1.18 .. 1.49], intervals corrected for 4 comparisons, 15 paired rounds, interleaved

| relative |              95% CI |             ns/pass |              pass/s |    err% |     total | RowDispatch/Fragmented/64
|---------:|--------------------:|--------------------:|--------------------:|--------:|----------:|:--------------------------
|   100.0% |                     |               15.95 |       62,689,067.20 |    2.1% |      0.01 | `RowDispatch/Fragmented/HandWritten/64`
|    75.4% |      66.4% .. 81.4% |               20.89 |       47,863,040.07 |    4.3% |      0.01 | `RowDispatch/Fragmented/Each/64`
|    11.2% |      10.6% .. 11.8% |              137.92 |        7,250,506.08 |    1.0% |      0.06 | `RowDispatch/Fragmented/Grain1/64`
|    63.0% |      60.4% .. 67.6% |               24.23 |       41,277,249.62 |    2.4% |      0.01 | `RowDispatch/Fragmented/Grain64/64`
|    75.3% |      71.9% .. 81.4% |               20.78 |       48,133,634.77 |    2.4% |      0.01 | `RowDispatch/Fragmented/Grain1024/64`

  Summary
    `RowDispatch/Fragmented/HandWritten/64` is fastest of 5, 1.33x ahead of `RowDispatch/Fragmented/Grain1024/64`
    95% CI [1.23 .. 1.39], intervals corrected for 4 comparisons, 15 paired rounds, interleaved

| relative |              95% CI |             ns/pass |              pass/s |    err% |     total | RowDispatch/Coherent/4096
|---------:|--------------------:|--------------------:|--------------------:|--------:|----------:|:--------------------------
|   100.0% |                     |              686.50 |        1,456,654.19 |    1.6% |      0.01 | `RowDispatch/Coherent/HandWritten/4096`
|    58.5% |      53.8% .. 64.9% |            1,163.87 |          859,204.91 |    1.7% |      0.03 | `RowDispatch/Coherent/Each/4096`
|     7.7% |        7.5% .. 8.5% |            8,921.43 |          112,089.64 |    1.0% |      0.18 | `RowDispatch/Coherent/Grain1/4096`
|    65.6% |      63.1% .. 69.6% |            1,046.27 |          955,772.05 |    2.1% |      0.02 | `RowDispatch/Coherent/Grain64/4096`
|    98.0% |     92.4% .. 103.3% |              719.44 |        1,389,972.96 |    3.4% |      0.01 | `RowDispatch/Coherent/Grain1024/4096`

  Summary
    `RowDispatch/Coherent/HandWritten/4096` and `RowDispatch/Coherent/Grain1024/4096` are the two fastest of 5, and were not separated
    95% CI [0.97 .. 1.08], intervals corrected for 4 comparisons, 15 paired rounds, interleaved

| relative |              95% CI |             ns/pass |              pass/s |    err% |     total | RowDispatch/Fragmented/4096
|---------:|--------------------:|--------------------:|--------------------:|--------:|----------:|:----------------------------
|   100.0% |                     |              725.68 |        1,378,018.92 |    2.1% |      0.02 | `RowDispatch/Fragmented/HandWritten/4096`
|    61.8% |      52.8% .. 65.4% |            1,194.95 |          836,854.24 |    3.3% |      0.03 | `RowDispatch/Fragmented/Each/4096`
|     8.3% |        7.8% .. 9.2% |            8,798.52 |          113,655.42 |    1.8% |      0.19 | `RowDispatch/Fragmented/Grain1/4096`
|    68.5% |      67.8% .. 76.2% |            1,048.49 |          953,749.46 |    0.7% |      0.02 | `RowDispatch/Fragmented/Grain64/4096`
|   104.1% |    100.4% .. 113.9% |              693.51 |        1,441,934.26 |    0.9% |      0.02 | `RowDispatch/Fragmented/Grain1024/4096`

  Summary
    `RowDispatch/Fragmented/Grain1024/4096` is fastest of 5, 1.04x ahead of `RowDispatch/Fragmented/HandWritten/4096`
    95% CI [1.00 .. 1.14], intervals corrected for 4 comparisons, 15 paired rounds, interleaved

| relative |              95% CI |             ns/pass |              pass/s |    err% |     total | RowDispatch/Coherent/100000
|---------:|--------------------:|--------------------:|--------------------:|--------:|----------:|:----------------------------
|   100.0% |                     |           21,117.90 |           47,353.19 |    2.6% |      0.02 | `RowDispatch/Coherent/HandWritten/100000`
|    74.0% |      70.8% .. 78.0% |           29,051.45 |           34,421.69 |    2.5% |      0.02 | `RowDispatch/Coherent/Each/100000`
|     9.5% |       9.3% .. 10.5% |          220,941.10 |            4,526.09 |    1.5% |      0.17 | `RowDispatch/Coherent/Grain1/100000`
|    78.0% |      73.8% .. 84.8% |           27,268.37 |           36,672.52 |    2.9% |      0.02 | `RowDispatch/Coherent/Grain64/100000`
|    99.8% |     94.3% .. 107.2% |           21,510.67 |           46,488.56 |    2.0% |      0.02 | `RowDispatch/Coherent/Grain1024/100000`

  Summary
    `RowDispatch/Coherent/HandWritten/100000` and `RowDispatch/Coherent/Grain1024/100000` are the two fastest of 5, and were not separated
    95% CI [0.93 .. 1.06], intervals corrected for 4 comparisons, 15 paired rounds, interleaved

| relative |              95% CI |             ns/pass |              pass/s |    err% |     total | RowDispatch/Fragmented/100000
|---------:|--------------------:|--------------------:|--------------------:|--------:|----------:|:------------------------------
|   100.0% |                     |           21,847.12 |           45,772.63 |    4.7% |      0.01 | `RowDispatch/Fragmented/HandWritten/100000`
|    72.7% |      63.1% .. 80.9% |           32,280.28 |           30,978.67 |    5.3% |      0.02 | `RowDispatch/Fragmented/Each/100000`
|     9.3% |       8.6% .. 10.9% |          235,680.60 |            4,243.03 |    3.0% |      0.15 | `RowDispatch/Fragmented/Grain1/100000`
|    76.7% |      66.1% .. 83.7% |           30,312.67 |           32,989.50 |    7.5% |      0.02 | `RowDispatch/Fragmented/Grain64/100000`
|    96.8% |     80.2% .. 107.9% |           23,772.58 |           42,065.27 |   10.3% |      0.02 | `RowDispatch/Fragmented/Grain1024/100000`

  Summary
    `RowDispatch/Fragmented/HandWritten/100000` and `RowDispatch/Fragmented/Grain1024/100000` are the two fastest of 5, and were not separated
    95% CI [0.93 .. 1.25], intervals corrected for 4 comparisons, 15 paired rounds, interleaved
