Note: perf_event_open failed, so the ins/op, cyc/op, IPC, bra/op and miss% columns are missing.
This is usually a container or VM without virtualized performance counters, or
/proc/sys/kernel/perf_event_paranoid being too restrictive.


| relative |              95% CI |             ns/pass |              pass/s |    err% |     total | RowDispatch/Coherent/64
|---------:|--------------------:|--------------------:|--------------------:|--------:|----------:|:------------------------
|   100.0% |                     |               14.58 |       68,586,054.48 |    3.7% |      0.01 | `RowDispatch/Coherent/HandWritten/64`
|    69.7% |      67.5% .. 76.6% |               20.44 |       48,913,191.55 |    2.5% |      0.01 | `RowDispatch/Coherent/Each/64`
|    10.3% |       9.9% .. 10.8% |              139.94 |        7,145,909.21 |    1.8% |      0.06 | `RowDispatch/Coherent/Grain1/64`
|    65.0% |      61.1% .. 69.1% |               22.40 |       44,642,034.39 |    1.6% |      0.01 | `RowDispatch/Coherent/Grain64/64`
|    81.6% |      77.9% .. 86.9% |               17.74 |       56,370,258.46 |    2.0% |      0.01 | `RowDispatch/Coherent/Grain1024/64`

  Summary
    `RowDispatch/Coherent/HandWritten/64` is fastest of 5, 1.23x ahead of `RowDispatch/Coherent/Grain1024/64`
    95% CI [1.15 .. 1.28], intervals corrected for 4 comparisons, 15 paired rounds, interleaved

| relative |              95% CI |             ns/pass |              pass/s |    err% |     total | RowDispatch/Fragmented/64
|---------:|--------------------:|--------------------:|--------------------:|--------:|----------:|:--------------------------
|   100.0% |                     |               17.02 |       58,762,974.88 |    3.1% |      0.01 | `RowDispatch/Fragmented/HandWritten/64`
|    83.0% |      72.9% .. 95.0% |               20.50 |       48,786,179.70 |    2.3% |      0.01 | `RowDispatch/Fragmented/Each/64`
|    12.0% |      11.3% .. 13.3% |              142.83 |        7,001,362.26 |    2.8% |      0.07 | `RowDispatch/Fragmented/Grain1/64`
|    68.8% |      67.3% .. 75.6% |               24.69 |       40,502,291.54 |    3.0% |      0.01 | `RowDispatch/Fragmented/Grain64/64`
|    76.3% |      68.5% .. 85.7% |               22.43 |       44,588,047.52 |    3.1% |      0.01 | `RowDispatch/Fragmented/Grain1024/64`

  Summary
    `RowDispatch/Fragmented/HandWritten/64` is fastest of 5, 1.20x ahead of `RowDispatch/Fragmented/Each/64`
    95% CI [1.05 .. 1.37], intervals corrected for 4 comparisons, 15 paired rounds, interleaved

| relative |              95% CI |             ns/pass |              pass/s |    err% |     total | RowDispatch/Coherent/4096
|---------:|--------------------:|--------------------:|--------------------:|--------:|----------:|:--------------------------
|   100.0% |                     |              681.04 |        1,468,350.27 |    0.8% |      0.01 | `RowDispatch/Coherent/HandWritten/4096`
|    59.0% |      57.9% .. 60.2% |            1,154.62 |          866,088.63 |    1.1% |      0.02 | `RowDispatch/Coherent/Each/4096`
|     7.7% |        7.5% .. 8.0% |            8,820.14 |          113,376.92 |    2.3% |      0.19 | `RowDispatch/Coherent/Grain1/4096`
|    65.5% |      64.4% .. 66.6% |            1,036.00 |          965,252.27 |    0.8% |      0.02 | `RowDispatch/Coherent/Grain64/4096`
|    98.4% |     88.4% .. 102.0% |              688.31 |        1,452,834.76 |    0.8% |      0.02 | `RowDispatch/Coherent/Grain1024/4096`

  Summary
    `RowDispatch/Coherent/HandWritten/4096` and `RowDispatch/Coherent/Grain1024/4096` are the two fastest of 5, and were not separated
    95% CI [0.98 .. 1.13], intervals corrected for 4 comparisons, 15 paired rounds, interleaved

| relative |              95% CI |             ns/pass |              pass/s |    err% |     total | RowDispatch/Fragmented/4096
|---------:|--------------------:|--------------------:|--------------------:|--------:|----------:|:----------------------------
|   100.0% |                     |              667.61 |        1,497,885.16 |    1.2% |      0.02 | `RowDispatch/Fragmented/HandWritten/4096`
|    55.1% |      51.1% .. 62.0% |            1,213.25 |          824,234.29 |    6.0% |      0.03 | `RowDispatch/Fragmented/Each/4096`
|     7.6% |        7.3% .. 8.7% |            8,999.82 |          111,113.28 |    3.0% |      0.20 | `RowDispatch/Fragmented/Grain1/4096`
|    64.3% |      59.8% .. 77.7% |            1,094.41 |          913,737.33 |    1.6% |      0.02 | `RowDispatch/Fragmented/Grain64/4096`
|    95.8% |     93.2% .. 109.8% |              703.04 |        1,422,386.66 |    1.9% |      0.02 | `RowDispatch/Fragmented/Grain1024/4096`

  Summary
    `RowDispatch/Fragmented/HandWritten/4096` and `RowDispatch/Fragmented/Grain1024/4096` are the two fastest of 5, and were not separated
    95% CI [0.91 .. 1.07], intervals corrected for 4 comparisons, 15 paired rounds, interleaved

| relative |              95% CI |             ns/pass |              pass/s |    err% |     total | RowDispatch/Coherent/100000
|---------:|--------------------:|--------------------:|--------------------:|--------:|----------:|:----------------------------
|   100.0% |                     |           20,895.96 |           47,856.14 |    1.7% |      0.02 | `RowDispatch/Coherent/HandWritten/100000`
|    73.4% |      65.0% .. 77.7% |           28,631.28 |           34,926.84 |    2.6% |      0.02 | `RowDispatch/Coherent/Each/100000`
|     9.7% |       9.2% .. 10.2% |          217,411.40 |            4,599.57 |    1.3% |      0.17 | `RowDispatch/Coherent/Grain1/100000`
|    78.2% |      75.9% .. 81.6% |           26,951.32 |           37,103.93 |    1.5% |      0.02 | `RowDispatch/Coherent/Grain64/100000`
|    98.5% |     97.0% .. 104.4% |           21,323.22 |           46,897.23 |    1.8% |      0.02 | `RowDispatch/Coherent/Grain1024/100000`

  Summary
    `RowDispatch/Coherent/HandWritten/100000` and `RowDispatch/Coherent/Grain1024/100000` are the two fastest of 5, and were not separated
    95% CI [0.96 .. 1.03], intervals corrected for 4 comparisons, 15 paired rounds, interleaved
