Note: perf_event_open failed, so the ins/op, cyc/op, IPC, bra/op and miss% columns are missing.
This is usually a container or VM without virtualized performance counters, or
/proc/sys/kernel/perf_event_paranoid being too restrictive.


| relative |              95% CI |             ns/pass |              pass/s |    err% |     total | RowDispatch/Coherent/64
|---------:|--------------------:|--------------------:|--------------------:|--------:|----------:|:------------------------
|   100.0% |                     |               14.32 |       69,831,355.13 |    3.2% |      0.01 | `RowDispatch/Coherent/HandWritten/64`
|    91.5% |      86.6% .. 96.7% |               15.91 |       62,856,515.36 |    2.1% |      0.01 | `RowDispatch/Coherent/Each/64`
|    31.2% |      28.3% .. 34.4% |               46.33 |       21,582,378.71 |    4.9% |      0.02 | `RowDispatch/Coherent/Grain1/64`
|    81.0% |      76.2% .. 87.7% |               17.70 |       56,508,472.14 |    4.2% |      0.01 | `RowDispatch/Coherent/Grain64/64`
|    80.1% |      73.3% .. 83.1% |               18.14 |       55,132,823.49 |    1.3% |      0.01 | `RowDispatch/Coherent/Grain1024/64`

  Summary
    `RowDispatch/Coherent/HandWritten/64` is fastest of 5, 1.09x ahead of `RowDispatch/Coherent/Each/64`
    95% CI [1.03 .. 1.15], intervals corrected for 4 comparisons, 15 paired rounds, interleaved

| relative |              95% CI |             ns/pass |              pass/s |    err% |     total | RowDispatch/Fragmented/64
|---------:|--------------------:|--------------------:|--------------------:|--------:|----------:|:--------------------------
|   100.0% |                     |               15.22 |       65,711,817.30 |    2.1% |      0.01 | `RowDispatch/Fragmented/HandWritten/64`
|    78.8% |      76.7% .. 83.2% |               19.04 |       52,522,022.14 |    2.5% |      0.01 | `RowDispatch/Fragmented/Each/64`
|    10.4% |      10.0% .. 10.9% |              145.05 |        6,894,293.76 |    2.9% |      0.07 | `RowDispatch/Fragmented/Grain1/64`
|    60.6% |      57.3% .. 63.2% |               24.84 |       40,265,485.60 |    2.8% |      0.01 | `RowDispatch/Fragmented/Grain64/64`
|    60.1% |      56.5% .. 63.1% |               25.04 |       39,940,478.37 |    1.6% |      0.01 | `RowDispatch/Fragmented/Grain1024/64`

  Summary
    `RowDispatch/Fragmented/HandWritten/64` is fastest of 5, 1.27x ahead of `RowDispatch/Fragmented/Each/64`
    95% CI [1.20 .. 1.30], intervals corrected for 4 comparisons, 15 paired rounds, interleaved

| relative |              95% CI |             ns/pass |              pass/s |    err% |     total | RowDispatch/Coherent/4096
|---------:|--------------------:|--------------------:|--------------------:|--------:|----------:|:--------------------------
|   100.0% |                     |              679.48 |        1,471,710.72 |    1.1% |      0.02 | `RowDispatch/Coherent/HandWritten/4096`
|   103.8% |     99.7% .. 110.8% |              650.91 |        1,536,311.31 |    0.3% |      0.02 | `RowDispatch/Coherent/Each/4096`
|    27.5% |      26.0% .. 28.5% |            2,528.74 |          395,454.11 |    3.7% |      0.06 | `RowDispatch/Coherent/Grain1/4096`
|    55.5% |      50.5% .. 57.6% |            1,253.36 |          797,854.30 |    3.1% |      0.03 | `RowDispatch/Coherent/Grain64/4096`
|    94.4% |      87.8% .. 98.9% |              719.23 |        1,390,381.72 |    0.6% |      0.02 | `RowDispatch/Coherent/Grain1024/4096`

  Summary
    `RowDispatch/Coherent/Each/4096` and `RowDispatch/Coherent/HandWritten/4096` are the two fastest of 5, and were not separated
    95% CI [1.00 .. 1.11], intervals corrected for 4 comparisons, 15 paired rounds, interleaved

| relative |              95% CI |             ns/pass |              pass/s |    err% |     total | RowDispatch/Fragmented/4096
|---------:|--------------------:|--------------------:|--------------------:|--------:|----------:|:----------------------------
|   100.0% |                     |              677.38 |        1,476,273.67 |    0.8% |      0.02 | `RowDispatch/Fragmented/HandWritten/4096`
|    97.9% |     91.9% .. 100.0% |              695.71 |        1,437,375.92 |    2.7% |      0.02 | `RowDispatch/Fragmented/Each/4096`
|     7.6% |        7.3% .. 7.7% |            8,993.49 |          111,191.50 |    1.2% |      0.20 | `RowDispatch/Fragmented/Grain1/4096`
|    64.7% |      58.8% .. 67.1% |            1,042.14 |          959,562.61 |    1.1% |      0.02 | `RowDispatch/Fragmented/Grain64/4096`
|    98.0% |     95.5% .. 100.8% |              694.85 |        1,439,154.69 |    1.4% |      0.02 | `RowDispatch/Fragmented/Grain1024/4096`

  Summary
    `RowDispatch/Fragmented/HandWritten/4096` and `RowDispatch/Fragmented/Grain1024/4096` are the two fastest of 5, and were not separated
    95% CI [0.99 .. 1.05], intervals corrected for 4 comparisons, 15 paired rounds, interleaved

| relative |              95% CI |             ns/pass |              pass/s |    err% |     total | RowDispatch/Coherent/100000
|---------:|--------------------:|--------------------:|--------------------:|--------:|----------:|:----------------------------
|   100.0% |                     |           22,052.84 |           45,345.63 |    8.2% |      0.02 | `RowDispatch/Coherent/HandWritten/100000`
|    99.2% |     84.1% .. 111.7% |           23,005.10 |           43,468.62 |   10.8% |      0.02 | `RowDispatch/Coherent/Each/100000`
|    33.4% |      25.6% .. 37.0% |           64,281.94 |           15,556.47 |    5.6% |      0.05 | `RowDispatch/Coherent/Grain1/100000`
|    69.3% |      55.1% .. 75.0% |           30,220.18 |           33,090.47 |    2.7% |      0.03 | `RowDispatch/Coherent/Grain64/100000`
|    98.6% |     88.4% .. 104.2% |           21,805.08 |           45,860.87 |    6.7% |      0.02 | `RowDispatch/Coherent/Grain1024/100000`

  Summary
    `RowDispatch/Coherent/Grain1024/100000` and `RowDispatch/Coherent/HandWritten/100000` are the two fastest of 5, and were not separated
    95% CI [0.88 .. 1.04], intervals corrected for 4 comparisons, 15 paired rounds, interleaved

| relative |              95% CI |             ns/pass |              pass/s |    err% |     total | RowDispatch/Fragmented/100000
|---------:|--------------------:|--------------------:|--------------------:|--------:|----------:|:------------------------------
|   100.0% |                     |           22,497.86 |           44,448.67 |    3.2% |      0.02 | `RowDispatch/Fragmented/HandWritten/100000`
|   102.1% |     91.0% .. 107.8% |           22,505.51 |           44,433.56 |    7.0% |      0.02 | `RowDispatch/Fragmented/Each/100000`
|    10.1% |       9.6% .. 11.4% |          220,073.43 |            4,543.94 |    1.7% |      0.17 | `RowDispatch/Fragmented/Grain1/100000`
|    78.4% |      73.1% .. 91.1% |           28,398.51 |           35,213.12 |    2.1% |      0.02 | `RowDispatch/Fragmented/Grain64/100000`
|    93.8% |     87.9% .. 103.2% |           23,435.73 |           42,669.90 |    7.3% |      0.02 | `RowDispatch/Fragmented/Grain1024/100000`

  Summary
    `RowDispatch/Fragmented/HandWritten/100000` and `RowDispatch/Fragmented/Each/100000` are the two fastest of 5, and were not separated
    95% CI [0.93 .. 1.10], intervals corrected for 4 comparisons, 15 paired rounds, interleaved
