Note: perf_event_open failed, so the ins/op, cyc/op, IPC, bra/op and miss% columns are missing.
This is usually a container or VM without virtualized performance counters, or
/proc/sys/kernel/perf_event_paranoid being too restrictive.


| relative |              95% CI |             ns/tick |              tick/s |    err% |     total | NBody/Ordered/64
|---------:|--------------------:|--------------------:|--------------------:|--------:|----------:|:-----------------
|   100.0% |                     |           15,748.50 |           63,498.11 |    0.4% |      0.00 | `NBody/Ordered/HandWritten/64`
|   101.4% |    100.4% .. 166.5% |           15,509.00 |           64,478.69 |    0.2% |      0.00 | `NBody/Ordered/ECS/64`
|   101.3% |     86.2% .. 167.7% |           15,504.00 |           64,499.48 |    0.2% |      0.00 | `NBody/Ordered/Native1/64`
|   101.6% |    101.0% .. 167.1% |           15,493.00 |           64,545.28 |    0.2% |      0.00 | `NBody/Ordered/Pipeline1/64`
|   101.4% |    101.0% .. 167.4% |           15,529.00 |           64,395.65 |    0.2% |      0.00 | `NBody/Ordered/NativeG64x1/64`
|   101.7% |    101.2% .. 167.3% |           15,493.50 |           64,543.20 |    0.1% |      0.00 | `NBody/Ordered/PipelineG64x1/64`
|   101.6% |    101.3% .. 167.1% |           15,493.00 |           64,545.28 |    0.2% |      0.00 | `NBody/Ordered/Native2/64`
|   101.6% |    100.8% .. 167.7% |           15,498.50 |           64,522.37 |    0.2% |      0.00 | `NBody/Ordered/Pipeline2/64`
|   101.3% |     62.7% .. 102.5% |           15,523.50 |           64,418.46 |    0.3% |      0.00 | `NBody/Ordered/NativeG64x2/64`
|   101.6% |    101.1% .. 167.7% |           15,483.00 |           64,586.97 |    0.2% |      0.00 | `NBody/Ordered/PipelineG64x2/64`
|   101.7% |    100.9% .. 167.8% |           15,499.00 |           64,520.29 |    0.1% |      0.00 | `NBody/Ordered/Native4/64`
|   101.4% |    100.8% .. 136.5% |           15,523.50 |           64,418.46 |    0.2% |      0.00 | `NBody/Ordered/Pipeline4/64`
|   101.6% |    100.8% .. 142.3% |           15,493.00 |           64,545.28 |    0.1% |      0.00 | `NBody/Ordered/NativeG64x4/64`
|   101.5% |    100.9% .. 102.9% |           15,503.00 |           64,503.64 |    0.1% |      0.00 | `NBody/Ordered/PipelineG64x4/64`

  Summary
    `NBody/Ordered/PipelineG64x2/64` and `NBody/Ordered/Pipeline1/64` are the two fastest of 14, and were not separated
    95% CI [1.00 .. 1.00], intervals corrected for 13 comparisons, 14 paired rounds, interleaved

| relative |              95% CI |             ns/tick |              tick/s |    err% |     total | NBody/MatchedNative1/64
|---------:|--------------------:|--------------------:|--------------------:|--------:|----------:|:------------------------
|   100.0% |                     |           16,059.00 |           62,270.38 |    0.3% |      0.00 | `NBody/MatchedNative1/HandWritten/64`
|   103.8% |    102.9% .. 104.1% |           15,473.50 |           64,626.62 |    0.2% |      0.00 | `NBody/MatchedNative1/ECS/64`

  Summary
    `NBody/MatchedNative1/ECS/64` ran 1.04x faster than `NBody/MatchedNative1/HandWritten/64`
    95% CI [1.03 .. 1.04], 12 paired rounds, interleaved

| relative |              95% CI |             ns/tick |              tick/s |    err% |     total | NBody/MatchedPipeline1/64
|---------:|--------------------:|--------------------:|--------------------:|--------:|----------:|:--------------------------
|   100.0% |                     |           15,318.00 |           65,282.67 |    0.2% |      0.00 | `NBody/MatchedPipeline1/HandWritten/64`
|    99.1% |      98.9% .. 99.4% |           15,463.50 |           64,668.41 |    0.1% |      0.00 | `NBody/MatchedPipeline1/ECS/64`

  Summary
    `NBody/MatchedPipeline1/ECS/64` ran 1.01x slower than `NBody/MatchedPipeline1/HandWritten/64`
    95% CI [1.01 .. 1.01], 12 paired rounds, interleaved

| relative |              95% CI |             ns/tick |              tick/s |    err% |     total | NBody/MatchedNative2/64
|---------:|--------------------:|--------------------:|--------------------:|--------:|----------:|:------------------------
|   100.0% |                     |           16,054.50 |           62,287.83 |    0.7% |      0.00 | `NBody/MatchedNative2/HandWritten/64`
|   103.7% |    103.0% .. 104.7% |           15,463.50 |           64,668.41 |    0.1% |      0.00 | `NBody/MatchedNative2/ECS/64`

  Summary
    `NBody/MatchedNative2/ECS/64` ran 1.04x faster than `NBody/MatchedNative2/HandWritten/64`
    95% CI [1.03 .. 1.05], 12 paired rounds, interleaved

| relative |              95% CI |             ns/tick |              tick/s |    err% |     total | NBody/MatchedPipeline2/64
|---------:|--------------------:|--------------------:|--------------------:|--------:|----------:|:--------------------------
|   100.0% |                     |           15,358.00 |           65,112.64 |    0.2% |      0.00 | `NBody/MatchedPipeline2/HandWritten/64`
|    99.2% |      98.8% .. 99.2% |           15,488.00 |           64,566.12 |    0.3% |      0.00 | `NBody/MatchedPipeline2/ECS/64`

  Summary
    `NBody/MatchedPipeline2/ECS/64` ran 1.01x slower than `NBody/MatchedPipeline2/HandWritten/64`
    95% CI [1.01 .. 1.01], 12 paired rounds, interleaved

| relative |              95% CI |             ns/tick |              tick/s |    err% |     total | NBody/MatchedNative4/64
|---------:|--------------------:|--------------------:|--------------------:|--------:|----------:|:------------------------
|   100.0% |                     |           16,084.00 |           62,173.59 |    0.3% |      0.00 | `NBody/MatchedNative4/HandWritten/64`
|   103.9% |    103.4% .. 104.5% |           15,473.00 |           64,628.71 |    0.1% |      0.00 | `NBody/MatchedNative4/ECS/64`

  Summary
    `NBody/MatchedNative4/ECS/64` ran 1.04x faster than `NBody/MatchedNative4/HandWritten/64`
    95% CI [1.03 .. 1.04], 12 paired rounds, interleaved

| relative |              95% CI |             ns/tick |              tick/s |    err% |     total | NBody/MatchedPipeline4/64
|---------:|--------------------:|--------------------:|--------------------:|--------:|----------:|:--------------------------
|   100.0% |                     |           15,333.00 |           65,218.81 |    0.2% |      0.00 | `NBody/MatchedPipeline4/HandWritten/64`
|    99.2% |      98.8% .. 99.5% |           15,468.00 |           64,649.60 |    0.2% |      0.00 | `NBody/MatchedPipeline4/ECS/64`

  Summary
    `NBody/MatchedPipeline4/ECS/64` ran 1.01x slower than `NBody/MatchedPipeline4/HandWritten/64`
    95% CI [1.01 .. 1.01], 12 paired rounds, interleaved

| relative |              95% CI |             ns/tick |              tick/s |    err% |     total | NBody/Ordered/1024
|---------:|--------------------:|--------------------:|--------------------:|--------:|----------:|:-------------------
|   100.0% |                     |        4,349,041.50 |              229.94 |    5.2% |      0.07 | `NBody/Ordered/HandWritten/1024`
|   101.0% |     85.4% .. 124.0% |        4,367,990.00 |              228.94 |    4.2% |      0.06 | `NBody/Ordered/ECS/1024`
|   100.6% |     91.3% .. 122.2% |        4,388,706.50 |              227.86 |    3.2% |      0.06 | `NBody/Ordered/Native1/1024`
|   100.2% |     95.3% .. 117.7% |        4,376,764.00 |              228.48 |    2.0% |      0.06 | `NBody/Ordered/Pipeline1/1024`
|    99.2% |     88.2% .. 126.1% |        4,494,747.00 |              222.48 |    5.2% |      0.06 | `NBody/Ordered/NativeG64x1/1024`
|   100.8% |     89.8% .. 129.0% |        4,334,980.00 |              230.68 |    4.7% |      0.06 | `NBody/Ordered/PipelineG64x1/1024`
|   101.7% |     79.7% .. 124.5% |        4,317,244.00 |              231.63 |    4.9% |      0.06 | `NBody/Ordered/Native2/1024`
|    98.9% |     91.2% .. 116.9% |        4,380,739.00 |              228.27 |    3.0% |      0.06 | `NBody/Ordered/Pipeline2/1024`
|   185.7% |    128.7% .. 206.6% |        2,367,394.00 |              422.41 |    7.1% |      0.04 | `NBody/Ordered/NativeG64x2/1024`
|   196.4% |    168.4% .. 215.0% |        2,254,133.00 |              443.63 |    2.5% |      0.03 | `NBody/Ordered/PipelineG64x2/1024`
|   102.4% |     79.1% .. 121.8% |        4,426,578.50 |              225.91 |    3.0% |      0.06 | `NBody/Ordered/Native4/1024`
|    98.5% |     82.5% .. 121.1% |        4,324,149.00 |              231.26 |    4.1% |      0.06 | `NBody/Ordered/Pipeline4/1024`
|   365.1% |    259.4% .. 382.5% |        1,318,202.50 |              758.61 |   16.0% |      0.02 | `NBody/Ordered/NativeG64x4/1024`
|   314.1% |    186.9% .. 378.1% |        1,380,511.50 |              724.37 |   16.5% |      0.02 | `NBody/Ordered/PipelineG64x4/1024`

  Summary
    `NBody/Ordered/NativeG64x4/1024` and `NBody/Ordered/PipelineG64x4/1024` are the two fastest of 14, and were not separated
    95% CI [0.88 .. 2.03], intervals corrected for 13 comparisons, 14 paired rounds, interleaved

| relative |              95% CI |             ns/tick |              tick/s |    err% |     total | NBody/MatchedNative1/1024
|---------:|--------------------:|--------------------:|--------------------:|--------:|----------:|:--------------------------
|   100.0% |                     |        4,330,223.00 |              230.93 |    4.0% |      0.05 | `NBody/MatchedNative1/HandWritten/1024`
|   101.0% |     93.1% .. 108.8% |        4,320,478.50 |              231.46 |    4.2% |      0.05 | `NBody/MatchedNative1/ECS/1024`

  Summary
    no difference resolved between `NBody/MatchedNative1/HandWritten/1024` and `NBody/MatchedNative1/ECS/1024`
    ratio 1.01x, 95% CI [0.93 .. 1.09], 12 paired rounds, interleaved

| relative |              95% CI |             ns/tick |              tick/s |    err% |     total | NBody/MatchedPipeline1/1024
|---------:|--------------------:|--------------------:|--------------------:|--------:|----------:|:----------------------------
|   100.0% |                     |        4,283,442.50 |              233.46 |    2.3% |      0.05 | `NBody/MatchedPipeline1/HandWritten/1024`
|    98.0% |     88.9% .. 102.9% |        4,397,209.50 |              227.42 |    3.7% |      0.05 | `NBody/MatchedPipeline1/ECS/1024`

  Summary
    no difference resolved between `NBody/MatchedPipeline1/HandWritten/1024` and `NBody/MatchedPipeline1/ECS/1024`
    ratio 0.98x, 95% CI [0.89 .. 1.03], 12 paired rounds, interleaved

| relative |              95% CI |             ns/tick |              tick/s |    err% |     total | NBody/MatchedNative2/1024
|---------:|--------------------:|--------------------:|--------------------:|--------:|----------:|:--------------------------
|   100.0% |                     |        2,216,706.50 |              451.12 |    5.4% |      0.03 | `NBody/MatchedNative2/HandWritten/1024`
|    97.9% |     94.1% .. 109.9% |        2,229,601.00 |              448.51 |    3.7% |      0.03 | `NBody/MatchedNative2/ECS/1024`

  Summary
    no difference resolved between `NBody/MatchedNative2/HandWritten/1024` and `NBody/MatchedNative2/ECS/1024`
    ratio 0.98x, 95% CI [0.94 .. 1.10], 12 paired rounds, interleaved

| relative |              95% CI |             ns/tick |              tick/s |    err% |     total | NBody/MatchedPipeline2/1024
|---------:|--------------------:|--------------------:|--------------------:|--------:|----------:|:----------------------------
|   100.0% |                     |        2,421,333.00 |              413.00 |   10.5% |      0.04 | `NBody/MatchedPipeline2/HandWritten/1024`
|   103.2% |     91.0% .. 154.8% |        2,406,663.50 |              415.51 |    2.9% |      0.03 | `NBody/MatchedPipeline2/ECS/1024`

  Summary
    no difference resolved between `NBody/MatchedPipeline2/HandWritten/1024` and `NBody/MatchedPipeline2/ECS/1024`
    ratio 1.03x, 95% CI [0.91 .. 1.55], 12 paired rounds, interleaved

| relative |              95% CI |             ns/tick |              tick/s |    err% |     total | NBody/MatchedNative4/1024
|---------:|--------------------:|--------------------:|--------------------:|--------:|----------:|:--------------------------
|   100.0% |                     |        1,700,538.50 |              588.05 |   11.2% |      0.02 | `NBody/MatchedNative4/HandWritten/1024`
|    98.3% |     95.0% .. 102.5% |        1,859,618.50 |              537.74 |   12.4% |      0.02 | `NBody/MatchedNative4/ECS/1024`

  Summary
    no difference resolved between `NBody/MatchedNative4/HandWritten/1024` and `NBody/MatchedNative4/ECS/1024`
    ratio 0.98x, 95% CI [0.95 .. 1.03], 12 paired rounds, interleaved

| relative |              95% CI |             ns/tick |              tick/s |    err% |     total | NBody/MatchedPipeline4/1024
|---------:|--------------------:|--------------------:|--------------------:|--------:|----------:|:----------------------------
|   100.0% |                     |        2,153,632.00 |              464.33 |    3.3% |      0.03 | `NBody/MatchedPipeline4/HandWritten/1024`
|    99.6% |     93.0% .. 127.8% |        2,100,396.50 |              476.10 |    4.6% |      0.02 | `NBody/MatchedPipeline4/ECS/1024`

  Summary
    no difference resolved between `NBody/MatchedPipeline4/HandWritten/1024` and `NBody/MatchedPipeline4/ECS/1024`
    ratio 1.00x, 95% CI [0.93 .. 1.28], 12 paired rounds, interleaved

| relative |              95% CI |             ns/tick |              tick/s |    err% |     total | NBody/Ordered/4096
|---------:|--------------------:|--------------------:|--------------------:|--------:|----------:|:-------------------
|   100.0% |                     |       72,019,591.00 |               13.89 |    3.4% |      1.01 | `NBody/Ordered/HandWritten/4096`
|   100.8% |     87.6% .. 104.7% |       73,090,876.00 |               13.68 |    3.6% |      1.03 | `NBody/Ordered/ECS/4096`
|    98.0% |     84.5% .. 106.6% |       72,575,409.00 |               13.78 |    4.1% |      1.04 | `NBody/Ordered/Native1/4096`
|    97.4% |     86.7% .. 104.1% |       74,977,243.50 |               13.34 |    4.6% |      1.06 | `NBody/Ordered/Pipeline1/4096`
|    97.4% |     85.0% .. 104.3% |       76,275,548.00 |               13.11 |    4.0% |      1.06 | `NBody/Ordered/NativeG64x1/4096`
|   103.1% |     89.3% .. 107.8% |       71,423,688.50 |               14.00 |    4.1% |      1.01 | `NBody/Ordered/PipelineG64x1/4096`
|   184.9% |    111.9% .. 200.8% |       40,174,364.50 |               24.89 |    9.7% |      0.62 | `NBody/Ordered/Native2/4096`
|   162.8% |    110.1% .. 195.3% |       45,841,352.00 |               21.81 |   19.9% |      0.69 | `NBody/Ordered/Pipeline2/4096`
|   132.6% |    110.5% .. 199.4% |       54,075,369.00 |               18.49 |   17.6% |      0.73 | `NBody/Ordered/NativeG64x2/4096`
|   166.3% |    110.7% .. 202.0% |       45,312,411.00 |               22.07 |   24.6% |      0.67 | `NBody/Ordered/PipelineG64x2/4096`
|   220.4% |    204.2% .. 362.0% |       32,643,431.00 |               30.63 |    2.3% |      0.42 | `NBody/Ordered/Native4/4096`
|   220.7% |    202.3% .. 238.3% |       32,544,213.50 |               30.73 |    0.9% |      0.46 | `NBody/Ordered/Pipeline4/4096`
|   274.3% |    205.1% .. 312.0% |       26,620,933.50 |               37.56 |   13.5% |      0.40 | `NBody/Ordered/NativeG64x4/4096`
|   220.2% |    202.3% .. 334.0% |       32,420,645.00 |               30.84 |    2.9% |      0.44 | `NBody/Ordered/PipelineG64x4/4096`

  Summary
    `NBody/Ordered/NativeG64x4/4096` and `NBody/Ordered/PipelineG64x4/4096` are the two fastest of 14, and were not separated
    95% CI [0.68 .. 1.35], intervals corrected for 13 comparisons, 14 paired rounds, interleaved

| relative |              95% CI |             ns/tick |              tick/s |    err% |     total | NBody/MatchedNative1/4096
|---------:|--------------------:|--------------------:|--------------------:|--------:|----------:|:--------------------------
|   100.0% |                     |       73,982,346.00 |               13.52 |    2.5% |      0.93 | `NBody/MatchedNative1/HandWritten/4096`
|    98.3% |     95.8% .. 116.0% |       75,170,522.50 |               13.30 |    2.2% |      0.90 | `NBody/MatchedNative1/ECS/4096`

  Summary
    no difference resolved between `NBody/MatchedNative1/HandWritten/4096` and `NBody/MatchedNative1/ECS/4096`
    ratio 0.98x, 95% CI [0.96 .. 1.16], 12 paired rounds, interleaved

| relative |              95% CI |             ns/tick |              tick/s |    err% |     total | NBody/MatchedPipeline1/4096
|---------:|--------------------:|--------------------:|--------------------:|--------:|----------:|:----------------------------
|   100.0% |                     |       74,515,226.00 |               13.42 |    4.1% |      0.89 | `NBody/MatchedPipeline1/HandWritten/4096`
|    96.4% |     93.6% .. 101.0% |       74,828,556.00 |               13.36 |    4.3% |      0.93 | `NBody/MatchedPipeline1/ECS/4096`

  Summary
    no difference resolved between `NBody/MatchedPipeline1/HandWritten/4096` and `NBody/MatchedPipeline1/ECS/4096`
    ratio 0.96x, 95% CI [0.94 .. 1.01], 12 paired rounds, interleaved

| relative |              95% CI |             ns/tick |              tick/s |    err% |     total | NBody/MatchedNative2/4096
|---------:|--------------------:|--------------------:|--------------------:|--------:|----------:|:--------------------------
|   100.0% |                     |       49,384,336.50 |               20.25 |   23.8% |      0.60 | `NBody/MatchedNative2/HandWritten/4096`
|   141.9% |    105.3% .. 174.2% |       35,140,978.50 |               28.46 |    1.8% |      0.43 | `NBody/MatchedNative2/ECS/4096`

  Summary
    `NBody/MatchedNative2/ECS/4096` ran 1.42x faster than `NBody/MatchedNative2/HandWritten/4096`
    95% CI [1.05 .. 1.74], 12 paired rounds, interleaved

| relative |              95% CI |             ns/tick |              tick/s |    err% |     total | NBody/MatchedPipeline2/4096
|---------:|--------------------:|--------------------:|--------------------:|--------:|----------:|:----------------------------
|   100.0% |                     |       52,362,176.50 |               19.10 |   21.8% |      0.60 | `NBody/MatchedPipeline2/HandWritten/4096`
|   110.8% |     96.3% .. 142.8% |       39,494,647.00 |               25.32 |    5.8% |      0.53 | `NBody/MatchedPipeline2/ECS/4096`

  Summary
    no difference resolved between `NBody/MatchedPipeline2/HandWritten/4096` and `NBody/MatchedPipeline2/ECS/4096`
    ratio 1.11x, 95% CI [0.96 .. 1.43], 12 paired rounds, interleaved

| relative |              95% CI |             ns/tick |              tick/s |    err% |     total | NBody/MatchedNative4/4096
|---------:|--------------------:|--------------------:|--------------------:|--------:|----------:|:--------------------------
|   100.0% |                     |       32,242,559.00 |               31.01 |    0.8% |      0.37 | `NBody/MatchedNative4/HandWritten/4096`
|    98.3% |      91.2% .. 99.7% |       32,535,991.50 |               30.74 |    0.8% |      0.39 | `NBody/MatchedNative4/ECS/4096`

  Summary
    `NBody/MatchedNative4/ECS/4096` ran 1.02x slower than `NBody/MatchedNative4/HandWritten/4096`
    95% CI [1.00 .. 1.10], 12 paired rounds, interleaved

| relative |              95% CI |             ns/tick |              tick/s |    err% |     total | NBody/MatchedPipeline4/4096
|---------:|--------------------:|--------------------:|--------------------:|--------:|----------:|:----------------------------
|   100.0% |                     |       29,061,603.50 |               34.41 |   11.5% |      0.34 | `NBody/MatchedPipeline4/HandWritten/4096`
|    91.5% |     74.2% .. 100.0% |       32,539,962.50 |               30.73 |    1.0% |      0.39 | `NBody/MatchedPipeline4/ECS/4096`

  Summary
    `NBody/MatchedPipeline4/ECS/4096` ran 1.09x slower than `NBody/MatchedPipeline4/HandWritten/4096`
    95% CI [1.00 .. 1.35], 12 paired rounds, interleaved
