Note: perf_event_open failed, so the ins/op, cyc/op, IPC, bra/op and miss% columns are missing.
This is usually a container or VM without virtualized performance counters, or
/proc/sys/kernel/perf_event_paranoid being too restrictive.


| relative |              95% CI |             ns/pass |              pass/s |    err% |     total | RowDispatch/Coherent/64
|---------:|--------------------:|--------------------:|--------------------:|--------:|----------:|:------------------------
|   100.0% |                     |               14.12 |       70,818,649.74 |    3.2% |      0.01 | `RowDispatch/Coherent/HandWritten/64`
|    66.1% |      63.0% .. 78.6% |               21.69 |       46,102,274.03 |    3.8% |      0.01 | `RowDispatch/Coherent/Each/64`
|    10.0% |       9.6% .. 11.8% |              143.86 |        6,951,369.85 |    1.9% |      0.07 | `RowDispatch/Coherent/Grain1/64`
|    60.4% |      53.4% .. 74.0% |               23.95 |       41,758,939.10 |    5.0% |      0.01 | `RowDispatch/Coherent/Grain64/64`
|    81.8% |      73.9% .. 99.4% |               17.77 |       56,278,368.76 |    5.5% |      0.01 | `RowDispatch/Coherent/Grain1024/64`

  Summary
    `RowDispatch/Coherent/HandWritten/64` is fastest of 5, 1.22x ahead of `RowDispatch/Coherent/Grain1024/64`
    95% CI [1.01 .. 1.35], intervals corrected for 4 comparisons, 15 paired rounds, interleaved

| relative |              95% CI |             ns/pass |              pass/s |    err% |     total | RowDispatch/Fragmented/64
|---------:|--------------------:|--------------------:|--------------------:|--------:|----------:|:--------------------------
|   100.0% |                     |               15.92 |       62,822,034.88 |    6.8% |      0.01 | `RowDispatch/Fragmented/HandWritten/64`
|    72.6% |      64.7% .. 85.7% |               21.97 |       45,508,708.07 |    9.3% |      0.01 | `RowDispatch/Fragmented/Each/64`
|    11.4% |      10.6% .. 13.9% |              145.10 |        6,891,870.08 |    2.3% |      0.08 | `RowDispatch/Fragmented/Grain1/64`
|    62.9% |      55.8% .. 70.9% |               25.15 |       39,760,566.30 |    5.2% |      0.01 | `RowDispatch/Fragmented/Grain64/64`
|    79.5% |      70.9% .. 87.1% |               20.92 |       47,799,434.59 |    4.3% |      0.01 | `RowDispatch/Fragmented/Grain1024/64`

  Summary
    `RowDispatch/Fragmented/HandWritten/64` is fastest of 5, 1.26x ahead of `RowDispatch/Fragmented/Grain1024/64`
    95% CI [1.15 .. 1.41], intervals corrected for 4 comparisons, 15 paired rounds, interleaved

| relative |              95% CI |             ns/pass |              pass/s |    err% |     total | RowDispatch/Coherent/4096
|---------:|--------------------:|--------------------:|--------------------:|--------:|----------:|:--------------------------
|   100.0% |                     |              702.18 |        1,424,137.08 |    3.9% |      0.02 | `RowDispatch/Coherent/HandWritten/4096`
|    60.3% |      54.9% .. 68.8% |            1,158.77 |          862,987.15 |    1.8% |      0.03 | `RowDispatch/Coherent/Each/4096`
|     7.6% |        7.1% .. 8.7% |            9,516.75 |          105,077.85 |    2.3% |      0.20 | `RowDispatch/Coherent/Grain1/4096`
|    64.8% |      59.5% .. 72.0% |            1,100.38 |          908,776.35 |    5.0% |      0.02 | `RowDispatch/Coherent/Grain64/4096`
|    98.6% |     92.9% .. 109.0% |              729.63 |        1,370,563.02 |    5.2% |      0.02 | `RowDispatch/Coherent/Grain1024/4096`

  Summary
    `RowDispatch/Coherent/HandWritten/4096` and `RowDispatch/Coherent/Grain1024/4096` are the two fastest of 5, and were not separated
    95% CI [0.92 .. 1.08], intervals corrected for 4 comparisons, 15 paired rounds, interleaved

| relative |              95% CI |             ns/pass |              pass/s |    err% |     total | RowDispatch/Fragmented/4096
|---------:|--------------------:|--------------------:|--------------------:|--------:|----------:|:----------------------------
|   100.0% |                     |              734.20 |        1,362,033.67 |    2.9% |      0.02 | `RowDispatch/Fragmented/HandWritten/4096`
|    57.9% |      54.9% .. 67.1% |            1,275.72 |          783,873.48 |    4.6% |      0.03 | `RowDispatch/Fragmented/Each/4096`
|     8.1% |        7.7% .. 9.4% |            9,042.20 |          110,592.58 |    1.2% |      0.20 | `RowDispatch/Fragmented/Grain1/4096`
|    69.2% |      63.0% .. 75.3% |            1,107.74 |          902,740.26 |    3.3% |      0.02 | `RowDispatch/Fragmented/Grain64/4096`
|   102.1% |     90.3% .. 108.6% |              724.86 |        1,379,568.56 |    4.7% |      0.02 | `RowDispatch/Fragmented/Grain1024/4096`

  Summary
    `RowDispatch/Fragmented/Grain1024/4096` and `RowDispatch/Fragmented/HandWritten/4096` are the two fastest of 5, and were not separated
    95% CI [0.90 .. 1.09], intervals corrected for 4 comparisons, 15 paired rounds, interleaved

| relative |              95% CI |             ns/pass |              pass/s |    err% |     total | RowDispatch/Coherent/100000
|---------:|--------------------:|--------------------:|--------------------:|--------:|----------:|:----------------------------
|   100.0% |                     |           21,691.90 |           46,100.16 |    4.2% |      0.02 | `RowDispatch/Coherent/HandWritten/100000`
|    74.6% |      66.9% .. 82.8% |           29,066.42 |           34,403.96 |    4.3% |      0.02 | `RowDispatch/Coherent/Each/100000`
|     9.7% |       9.1% .. 10.6% |          223,416.82 |            4,475.94 |    2.8% |      0.17 | `RowDispatch/Coherent/Grain1/100000`
|    77.1% |      66.0% .. 82.7% |           28,063.10 |           35,633.98 |    6.2% |      0.02 | `RowDispatch/Coherent/Grain64/100000`
|    97.4% |     95.7% .. 104.1% |           21,631.20 |           46,229.52 |    2.3% |      0.02 | `RowDispatch/Coherent/Grain1024/100000`

  Summary
    `RowDispatch/Coherent/Grain1024/100000` and `RowDispatch/Coherent/HandWritten/100000` are the two fastest of 5, and were not separated
    95% CI [0.96 .. 1.04], intervals corrected for 4 comparisons, 15 paired rounds, interleaved

| relative |              95% CI |             ns/pass |              pass/s |    err% |     total | RowDispatch/Fragmented/100000
|---------:|--------------------:|--------------------:|--------------------:|--------:|----------:|:------------------------------
|   100.0% |                     |           22,976.90 |           43,521.98 |    5.8% |      0.02 | `RowDispatch/Fragmented/HandWritten/100000`
|    75.5% |      62.9% .. 82.2% |           30,761.08 |           32,508.61 |    7.6% |      0.02 | `RowDispatch/Fragmented/Each/100000`
|    10.2% |       9.2% .. 11.4% |          219,261.59 |            4,560.76 |    0.7% |      0.16 | `RowDispatch/Fragmented/Grain1/100000`
|    76.8% |      66.9% .. 81.0% |           29,666.96 |           33,707.53 |    6.2% |      0.02 | `RowDispatch/Fragmented/Grain64/100000`
|    94.7% |     87.8% .. 111.6% |           23,750.90 |           42,103.67 |    5.4% |      0.02 | `RowDispatch/Fragmented/Grain1024/100000`

  Summary
    `RowDispatch/Fragmented/HandWritten/100000` and `RowDispatch/Fragmented/Grain1024/100000` are the two fastest of 5, and were not separated
    95% CI [0.90 .. 1.14], intervals corrected for 4 comparisons, 15 paired rounds, interleaved
