Note: perf_event_open failed, so the ins/op, cyc/op, IPC, bra/op and miss% columns are missing.
This is usually a container or VM without virtualized performance counters, or
/proc/sys/kernel/perf_event_paranoid being too restrictive.


| relative |              95% CI |             ns/tick |              tick/s |    err% |     total | NBody/Ordered/64
|---------:|--------------------:|--------------------:|--------------------:|--------:|----------:|:-----------------
|   100.0% |                     |           15,839.00 |           63,135.30 |    0.3% |      0.00 | `NBody/Ordered/HandWritten/64`
|   101.8% |    100.9% .. 103.1% |           15,558.50 |           64,273.55 |    0.1% |      0.00 | `NBody/Ordered/ECS/64`
|    97.9% |      96.3% .. 99.9% |           16,285.00 |           61,406.20 |    0.8% |      0.00 | `NBody/Ordered/Native1/64`
|    98.5% |      97.2% .. 99.8% |           16,129.00 |           62,000.12 |    0.7% |      0.00 | `NBody/Ordered/Pipeline1/64`
|    98.1% |      96.2% .. 99.9% |           16,214.00 |           61,675.10 |    1.0% |      0.00 | `NBody/Ordered/NativeG64x1/64`
|    98.2% |     96.6% .. 101.7% |           16,134.50 |           61,978.99 |    0.6% |      0.00 | `NBody/Ordered/PipelineG64x1/64`
|    98.3% |     96.7% .. 100.8% |           16,150.00 |           61,919.50 |    0.4% |      0.00 | `NBody/Ordered/Native2/64`
|    98.1% |     96.8% .. 100.4% |           16,204.50 |           61,711.25 |    0.5% |      0.00 | `NBody/Ordered/Pipeline2/64`
|    98.3% |     97.0% .. 101.1% |           16,204.50 |           61,711.25 |    0.6% |      0.00 | `NBody/Ordered/NativeG64x2/64`
|    98.2% |     97.2% .. 100.8% |           16,149.00 |           61,923.34 |    0.4% |      0.00 | `NBody/Ordered/PipelineG64x2/64`
|    98.1% |     81.7% .. 102.0% |           16,174.00 |           61,827.62 |    1.0% |      0.00 | `NBody/Ordered/Native4/64`
|    98.5% |     96.5% .. 102.5% |           16,154.00 |           61,904.17 |    0.7% |      0.00 | `NBody/Ordered/Pipeline4/64`
|    98.0% |     97.1% .. 101.2% |           16,225.00 |           61,633.28 |    0.6% |      0.00 | `NBody/Ordered/NativeG64x4/64`
|    97.7% |     96.5% .. 101.8% |           16,249.50 |           61,540.36 |    0.6% |      0.00 | `NBody/Ordered/PipelineG64x4/64`

  Summary
    `NBody/Ordered/ECS/64` is fastest of 14, 1.02x ahead of `NBody/Ordered/HandWritten/64`
    95% CI [1.01 .. 1.03], intervals corrected for 13 comparisons, 14 paired rounds, interleaved

| relative |              95% CI |             ns/tick |              tick/s |    err% |     total | NBody/MatchedNative1/64
|---------:|--------------------:|--------------------:|--------------------:|--------:|----------:|:------------------------
|   100.0% |                     |           15,994.00 |           62,523.45 |    0.7% |      0.00 | `NBody/MatchedNative1/HandWritten/64`
|    99.4% |     98.6% .. 182.8% |           16,100.00 |           62,111.80 |    0.7% |      0.00 | `NBody/MatchedNative1/ECS/64`

  Summary
    no difference resolved between `NBody/MatchedNative1/HandWritten/64` and `NBody/MatchedNative1/ECS/64`
    ratio 0.99x, 95% CI [0.99 .. 1.83], 12 paired rounds, interleaved

| relative |              95% CI |             ns/tick |              tick/s |    err% |     total | NBody/MatchedPipeline1/64
|---------:|--------------------:|--------------------:|--------------------:|--------:|----------:|:--------------------------
|   100.0% |                     |           15,353.00 |           65,133.85 |    0.1% |      0.00 | `NBody/MatchedPipeline1/HandWritten/64`
|    95.3% |      93.8% .. 96.1% |           16,174.50 |           61,825.71 |    1.0% |      0.00 | `NBody/MatchedPipeline1/ECS/64`

  Summary
    `NBody/MatchedPipeline1/ECS/64` ran 1.05x slower than `NBody/MatchedPipeline1/HandWritten/64`
    95% CI [1.04 .. 1.07], 12 paired rounds, interleaved

| relative |              95% CI |             ns/tick |              tick/s |    err% |     total | NBody/MatchedNative2/64
|---------:|--------------------:|--------------------:|--------------------:|--------:|----------:|:------------------------
|   100.0% |                     |           15,874.00 |           62,996.09 |    0.4% |      0.00 | `NBody/MatchedNative2/HandWritten/64`
|    98.7% |      98.1% .. 99.5% |           16,069.00 |           62,231.63 |    0.6% |      0.00 | `NBody/MatchedNative2/ECS/64`

  Summary
    `NBody/MatchedNative2/ECS/64` ran 1.01x slower than `NBody/MatchedNative2/HandWritten/64`
    95% CI [1.01 .. 1.02], 12 paired rounds, interleaved

| relative |              95% CI |             ns/tick |              tick/s |    err% |     total | NBody/MatchedPipeline2/64
|---------:|--------------------:|--------------------:|--------------------:|--------:|----------:|:--------------------------
|   100.0% |                     |           15,338.00 |           65,197.55 |    0.2% |      0.00 | `NBody/MatchedPipeline2/HandWritten/64`
|    94.4% |      93.2% .. 95.9% |           16,229.00 |           61,618.09 |    1.1% |      0.00 | `NBody/MatchedPipeline2/ECS/64`

  Summary
    `NBody/MatchedPipeline2/ECS/64` ran 1.06x slower than `NBody/MatchedPipeline2/HandWritten/64`
    95% CI [1.04 .. 1.07], 12 paired rounds, interleaved

| relative |              95% CI |             ns/tick |              tick/s |    err% |     total | NBody/MatchedNative4/64
|---------:|--------------------:|--------------------:|--------------------:|--------:|----------:|:------------------------
|   100.0% |                     |           15,954.00 |           62,680.21 |    1.4% |      0.00 | `NBody/MatchedNative4/HandWritten/64`
|    98.9% |     96.9% .. 100.9% |           16,169.00 |           61,846.74 |    0.5% |      0.00 | `NBody/MatchedNative4/ECS/64`

  Summary
    no difference resolved between `NBody/MatchedNative4/HandWritten/64` and `NBody/MatchedNative4/ECS/64`
    ratio 0.99x, 95% CI [0.97 .. 1.01], 12 paired rounds, interleaved

| relative |              95% CI |             ns/tick |              tick/s |    err% |     total | NBody/MatchedPipeline4/64
|---------:|--------------------:|--------------------:|--------------------:|--------:|----------:|:--------------------------
|   100.0% |                     |           15,313.50 |           65,301.86 |    0.1% |      0.00 | `NBody/MatchedPipeline4/HandWritten/64`
|    95.0% |      94.6% .. 95.4% |           16,119.00 |           62,038.59 |    0.2% |      0.00 | `NBody/MatchedPipeline4/ECS/64`

  Summary
    `NBody/MatchedPipeline4/ECS/64` ran 1.05x slower than `NBody/MatchedPipeline4/HandWritten/64`
    95% CI [1.05 .. 1.06], 12 paired rounds, interleaved

| relative |              95% CI |             ns/tick |              tick/s |    err% |     total | NBody/Ordered/1024
|---------:|--------------------:|--------------------:|--------------------:|--------:|----------:|:-------------------
|   100.0% |                     |        4,331,731.50 |              230.85 |    4.5% |      0.07 | `NBody/Ordered/HandWritten/1024`
|    95.4% |     68.1% .. 109.7% |        4,603,026.50 |              217.25 |    6.5% |      0.07 | `NBody/Ordered/ECS/1024`
|    98.0% |     91.3% .. 110.1% |        4,388,327.00 |              227.88 |    2.7% |      0.07 | `NBody/Ordered/Native1/1024`
|   100.9% |     92.9% .. 109.0% |        4,423,975.50 |              226.04 |    4.5% |      0.07 | `NBody/Ordered/Pipeline1/1024`
|    97.2% |     88.2% .. 109.4% |        4,494,222.50 |              222.51 |    4.4% |      0.07 | `NBody/Ordered/NativeG64x1/1024`
|    96.2% |     60.2% .. 115.2% |        4,516,295.00 |              221.42 |    5.3% |      0.07 | `NBody/Ordered/PipelineG64x1/1024`
|    99.6% |     85.1% .. 122.2% |        4,317,776.00 |              231.60 |    4.7% |      0.07 | `NBody/Ordered/Native2/1024`
|    95.1% |     60.2% .. 116.7% |        4,515,498.50 |              221.46 |    4.8% |      0.07 | `NBody/Ordered/Pipeline2/1024`
|   127.9% |     98.8% .. 231.9% |        3,541,755.50 |              282.35 |   17.6% |      0.05 | `NBody/Ordered/NativeG64x2/1024`
|   194.3% |    161.1% .. 210.6% |        2,342,672.00 |              426.86 |    5.5% |      0.03 | `NBody/Ordered/PipelineG64x2/1024`
|    99.1% |     90.5% .. 113.8% |        4,323,474.50 |              231.30 |    4.7% |      0.07 | `NBody/Ordered/Native4/1024`
|   101.4% |     57.1% .. 121.7% |        4,467,827.00 |              223.82 |    5.2% |      0.07 | `NBody/Ordered/Pipeline4/1024`
|   189.2% |    119.7% .. 275.2% |        2,338,166.00 |              427.69 |   25.6% |      0.03 | `NBody/Ordered/NativeG64x4/1024`
|   196.4% |    104.2% .. 222.4% |        2,227,543.50 |              448.93 |    6.5% |      0.04 | `NBody/Ordered/PipelineG64x4/1024`

  Summary
    `NBody/Ordered/PipelineG64x4/1024` and `NBody/Ordered/NativeG64x4/1024` are the two fastest of 14, and were not separated
    95% CI [0.61 .. 1.76], intervals corrected for 13 comparisons, 14 paired rounds, interleaved

| relative |              95% CI |             ns/tick |              tick/s |    err% |     total | NBody/MatchedNative1/1024
|---------:|--------------------:|--------------------:|--------------------:|--------:|----------:|:--------------------------
|   100.0% |                     |        4,596,547.00 |              217.55 |    4.1% |      0.05 | `NBody/MatchedNative1/HandWritten/1024`
|   104.6% |     98.9% .. 112.2% |        4,298,502.00 |              232.64 |    4.3% |      0.05 | `NBody/MatchedNative1/ECS/1024`

  Summary
    no difference resolved between `NBody/MatchedNative1/HandWritten/1024` and `NBody/MatchedNative1/ECS/1024`
    ratio 1.05x, 95% CI [0.99 .. 1.12], 12 paired rounds, interleaved

| relative |              95% CI |             ns/tick |              tick/s |    err% |     total | NBody/MatchedPipeline1/1024
|---------:|--------------------:|--------------------:|--------------------:|--------:|----------:|:----------------------------
|   100.0% |                     |        4,247,660.50 |              235.42 |    3.0% |      0.05 | `NBody/MatchedPipeline1/HandWritten/1024`
|    99.3% |     92.8% .. 107.4% |        4,326,059.50 |              231.16 |    7.0% |      0.05 | `NBody/MatchedPipeline1/ECS/1024`

  Summary
    no difference resolved between `NBody/MatchedPipeline1/HandWritten/1024` and `NBody/MatchedPipeline1/ECS/1024`
    ratio 0.99x, 95% CI [0.93 .. 1.07], 12 paired rounds, interleaved

| relative |              95% CI |             ns/tick |              tick/s |    err% |     total | NBody/MatchedNative2/1024
|---------:|--------------------:|--------------------:|--------------------:|--------:|----------:|:--------------------------
|   100.0% |                     |        4,022,301.00 |              248.61 |    0.7% |      0.04 | `NBody/MatchedNative2/HandWritten/1024`
|   175.9% |    100.5% .. 181.7% |        2,234,224.00 |              447.58 |    2.6% |      0.03 | `NBody/MatchedNative2/ECS/1024`

  Summary
    `NBody/MatchedNative2/ECS/1024` ran 1.76x faster than `NBody/MatchedNative2/HandWritten/1024`
    95% CI [1.01 .. 1.82], 12 paired rounds, interleaved

| relative |              95% CI |             ns/tick |              tick/s |    err% |     total | NBody/MatchedPipeline2/1024
|---------:|--------------------:|--------------------:|--------------------:|--------:|----------:|:----------------------------
|   100.0% |                     |        2,451,367.00 |              407.94 |    7.0% |      0.03 | `NBody/MatchedPipeline2/HandWritten/1024`
|   101.0% |     95.4% .. 109.9% |        2,373,654.50 |              421.29 |    5.4% |      0.03 | `NBody/MatchedPipeline2/ECS/1024`

  Summary
    no difference resolved between `NBody/MatchedPipeline2/HandWritten/1024` and `NBody/MatchedPipeline2/ECS/1024`
    ratio 1.01x, 95% CI [0.95 .. 1.10], 12 paired rounds, interleaved

| relative |              95% CI |             ns/tick |              tick/s |    err% |     total | NBody/MatchedNative4/1024
|---------:|--------------------:|--------------------:|--------------------:|--------:|----------:|:--------------------------
|   100.0% |                     |        1,570,498.00 |              636.74 |    2.3% |      0.02 | `NBody/MatchedNative4/HandWritten/1024`
|   100.0% |     96.5% .. 103.7% |        1,548,766.00 |              645.68 |    1.8% |      0.02 | `NBody/MatchedNative4/ECS/1024`

  Summary
    no difference resolved between `NBody/MatchedNative4/HandWritten/1024` and `NBody/MatchedNative4/ECS/1024`
    ratio 1.00x, 95% CI [0.96 .. 1.04], 12 paired rounds, interleaved

| relative |              95% CI |             ns/tick |              tick/s |    err% |     total | NBody/MatchedPipeline4/1024
|---------:|--------------------:|--------------------:|--------------------:|--------:|----------:|:----------------------------
|   100.0% |                     |        2,093,021.50 |              477.78 |    0.8% |      0.03 | `NBody/MatchedPipeline4/HandWritten/1024`
|   102.2% |    100.6% .. 103.4% |        2,059,966.50 |              485.44 |    0.8% |      0.02 | `NBody/MatchedPipeline4/ECS/1024`

  Summary
    `NBody/MatchedPipeline4/ECS/1024` ran 1.02x faster than `NBody/MatchedPipeline4/HandWritten/1024`
    95% CI [1.01 .. 1.03], 12 paired rounds, interleaved

| relative |              95% CI |             ns/tick |              tick/s |    err% |     total | NBody/Ordered/4096
|---------:|--------------------:|--------------------:|--------------------:|--------:|----------:|:-------------------
|   100.0% |                     |       71,323,760.50 |               14.02 |    2.5% |      0.99 | `NBody/Ordered/HandWritten/4096`
|   101.5% |     97.9% .. 105.6% |       69,724,198.00 |               14.34 |    2.8% |      0.98 | `NBody/Ordered/ECS/4096`
|    98.7% |     88.3% .. 105.1% |       71,284,463.00 |               14.03 |    3.3% |      1.04 | `NBody/Ordered/Native1/4096`
|    99.5% |     89.9% .. 106.2% |       70,694,816.50 |               14.15 |    3.1% |      1.00 | `NBody/Ordered/Pipeline1/4096`
|    99.3% |     88.4% .. 106.3% |       70,667,963.00 |               14.15 |    2.3% |      1.01 | `NBody/Ordered/NativeG64x1/4096`
|    98.6% |     95.2% .. 103.5% |       71,758,981.00 |               13.94 |    3.1% |      1.00 | `NBody/Ordered/PipelineG64x1/4096`
|   194.7% |    117.8% .. 210.3% |       36,356,876.00 |               27.51 |    4.3% |      0.58 | `NBody/Ordered/Native2/4096`
|   198.6% |    141.5% .. 210.3% |       35,862,363.50 |               27.88 |    4.9% |      0.54 | `NBody/Ordered/Pipeline2/4096`
|   194.1% |    133.0% .. 210.9% |       36,210,763.50 |               27.62 |    3.7% |      0.55 | `NBody/Ordered/NativeG64x2/4096`
|   193.8% |    129.7% .. 206.5% |       35,886,791.00 |               27.87 |    5.7% |      0.56 | `NBody/Ordered/PipelineG64x2/4096`
|   227.0% |    207.3% .. 378.5% |       30,878,510.50 |               32.38 |   17.8% |      0.39 | `NBody/Ordered/Native4/4096`
|   259.3% |    209.2% .. 367.0% |       28,321,934.50 |               35.31 |   12.5% |      0.38 | `NBody/Ordered/Pipeline4/4096`
|   309.1% |    283.1% .. 403.3% |       22,688,359.00 |               44.08 |    2.6% |      0.32 | `NBody/Ordered/NativeG64x4/4096`
|   228.0% |    204.6% .. 320.0% |       32,390,750.00 |               30.87 |    1.6% |      0.41 | `NBody/Ordered/PipelineG64x4/4096`

  Summary
    `NBody/Ordered/NativeG64x4/4096` and `NBody/Ordered/Pipeline4/4096` are the two fastest of 14, and were not separated
    95% CI [0.85 .. 1.46], intervals corrected for 13 comparisons, 14 paired rounds, interleaved

| relative |              95% CI |             ns/tick |              tick/s |    err% |     total | NBody/MatchedNative1/4096
|---------:|--------------------:|--------------------:|--------------------:|--------:|----------:|:--------------------------
|   100.0% |                     |       69,111,754.50 |               14.47 |    2.7% |      0.83 | `NBody/MatchedNative1/HandWritten/4096`
|    99.8% |     97.7% .. 103.4% |       68,437,858.00 |               14.61 |    2.8% |      0.84 | `NBody/MatchedNative1/ECS/4096`

  Summary
    no difference resolved between `NBody/MatchedNative1/HandWritten/4096` and `NBody/MatchedNative1/ECS/4096`
    ratio 1.00x, 95% CI [0.98 .. 1.03], 12 paired rounds, interleaved

| relative |              95% CI |             ns/tick |              tick/s |    err% |     total | NBody/MatchedPipeline1/4096
|---------:|--------------------:|--------------------:|--------------------:|--------:|----------:|:----------------------------
|   100.0% |                     |       67,924,949.50 |               14.72 |    1.3% |      0.81 | `NBody/MatchedPipeline1/HandWritten/4096`
|    97.3% |      93.8% .. 99.3% |       69,586,745.50 |               14.37 |    0.9% |      0.84 | `NBody/MatchedPipeline1/ECS/4096`

  Summary
    `NBody/MatchedPipeline1/ECS/4096` ran 1.03x slower than `NBody/MatchedPipeline1/HandWritten/4096`
    95% CI [1.01 .. 1.07], 12 paired rounds, interleaved

| relative |              95% CI |             ns/tick |              tick/s |    err% |     total | NBody/MatchedNative2/4096
|---------:|--------------------:|--------------------:|--------------------:|--------:|----------:|:--------------------------
|   100.0% |                     |       34,328,183.00 |               29.13 |    2.0% |      0.42 | `NBody/MatchedNative2/HandWritten/4096`
|    97.6% |     94.3% .. 100.3% |       35,392,083.00 |               28.25 |    1.8% |      0.43 | `NBody/MatchedNative2/ECS/4096`

  Summary
    no difference resolved between `NBody/MatchedNative2/HandWritten/4096` and `NBody/MatchedNative2/ECS/4096`
    ratio 0.98x, 95% CI [0.94 .. 1.00], 12 paired rounds, interleaved

| relative |              95% CI |             ns/tick |              tick/s |    err% |     total | NBody/MatchedPipeline2/4096
|---------:|--------------------:|--------------------:|--------------------:|--------:|----------:|:----------------------------
|   100.0% |                     |       37,125,217.50 |               26.94 |    5.8% |      0.47 | `NBody/MatchedPipeline2/HandWritten/4096`
|    98.7% |     95.3% .. 103.6% |       35,923,680.00 |               27.84 |    4.0% |      0.49 | `NBody/MatchedPipeline2/ECS/4096`

  Summary
    no difference resolved between `NBody/MatchedPipeline2/HandWritten/4096` and `NBody/MatchedPipeline2/ECS/4096`
    ratio 0.99x, 95% CI [0.95 .. 1.04], 12 paired rounds, interleaved

| relative |              95% CI |             ns/tick |              tick/s |    err% |     total | NBody/MatchedNative4/4096
|---------:|--------------------:|--------------------:|--------------------:|--------:|----------:|:--------------------------
|   100.0% |                     |       25,688,945.00 |               38.93 |    4.9% |      0.32 | `NBody/MatchedNative4/HandWritten/4096`
|    99.8% |     92.5% .. 106.0% |       25,366,451.00 |               39.42 |    5.5% |      0.32 | `NBody/MatchedNative4/ECS/4096`

  Summary
    no difference resolved between `NBody/MatchedNative4/HandWritten/4096` and `NBody/MatchedNative4/ECS/4096`
    ratio 1.00x, 95% CI [0.93 .. 1.06], 12 paired rounds, interleaved

| relative |              95% CI |             ns/tick |              tick/s |    err% |     total | NBody/MatchedPipeline4/4096
|---------:|--------------------:|--------------------:|--------------------:|--------:|----------:|:----------------------------
|   100.0% |                     |       21,127,974.50 |               47.33 |   10.2% |      0.29 | `NBody/MatchedPipeline4/HandWritten/4096`
|   104.3% |     94.8% .. 112.1% |       24,266,118.50 |               41.21 |   25.4% |      0.29 | `NBody/MatchedPipeline4/ECS/4096`

  Summary
    no difference resolved between `NBody/MatchedPipeline4/HandWritten/4096` and `NBody/MatchedPipeline4/ECS/4096`
    ratio 1.04x, 95% CI [0.95 .. 1.12], 12 paired rounds, interleaved
