Note: perf_event_open failed, so the ins/op, cyc/op, IPC, bra/op and miss% columns are missing.
This is usually a container or VM without virtualized performance counters, or
/proc/sys/kernel/perf_event_paranoid being too restrictive.


| relative |              95% CI |             ns/pass |              pass/s |    err% |     total | RowDispatch/Coherent/64
|---------:|--------------------:|--------------------:|--------------------:|--------:|----------:|:------------------------
|   100.0% |                     |               14.74 |       67,830,658.48 |    7.7% |      0.01 | `RowDispatch/Coherent/HandWritten/64`
|    87.6% |     70.7% .. 104.7% |               16.94 |       59,033,874.55 |    6.9% |      0.01 | `RowDispatch/Coherent/Each/64`
|    75.0% |     63.1% .. 100.9% |               19.62 |       50,969,032.01 |   12.3% |      0.01 | `RowDispatch/Coherent/Grain1/64`
|    63.4% |      54.1% .. 70.7% |               23.98 |       41,708,307.02 |    6.0% |      0.01 | `RowDispatch/Coherent/Grain64/64`
|    61.9% |      50.5% .. 71.7% |               22.74 |       43,967,265.80 |    5.0% |      0.01 | `RowDispatch/Coherent/Grain1024/64`

  Summary
    `RowDispatch/Coherent/HandWritten/64` and `RowDispatch/Coherent/Each/64` are the two fastest of 5, and were not separated
    95% CI [0.95 .. 1.41], intervals corrected for 4 comparisons, 15 paired rounds, interleaved

| relative |              95% CI |             ns/pass |              pass/s |    err% |     total | RowDispatch/Fragmented/64
|---------:|--------------------:|--------------------:|--------------------:|--------:|----------:|:--------------------------
|   100.0% |                     |               15.87 |       63,026,242.51 |    2.6% |      0.01 | `RowDispatch/Fragmented/HandWritten/64`
|    83.5% |      77.9% .. 88.3% |               18.88 |       52,952,287.89 |    1.2% |      0.01 | `RowDispatch/Fragmented/Each/64`
|    11.2% |      10.4% .. 11.8% |              141.13 |        7,085,839.26 |    2.2% |      0.07 | `RowDispatch/Fragmented/Grain1/64`
|    60.7% |      55.2% .. 64.1% |               25.72 |       38,877,086.26 |    2.7% |      0.01 | `RowDispatch/Fragmented/Grain64/64`
|    62.0% |      56.4% .. 68.6% |               25.17 |       39,728,380.75 |    2.1% |      0.01 | `RowDispatch/Fragmented/Grain1024/64`

  Summary
    `RowDispatch/Fragmented/HandWritten/64` is fastest of 5, 1.20x ahead of `RowDispatch/Fragmented/Each/64`
    95% CI [1.13 .. 1.28], intervals corrected for 4 comparisons, 15 paired rounds, interleaved

| relative |              95% CI |             ns/pass |              pass/s |    err% |     total | RowDispatch/Coherent/4096
|---------:|--------------------:|--------------------:|--------------------:|--------:|----------:|:--------------------------
|   100.0% |                     |              688.15 |        1,453,165.45 |    1.6% |      0.02 | `RowDispatch/Coherent/HandWritten/4096`
|   105.0% |     96.7% .. 123.4% |              658.87 |        1,517,751.42 |    1.3% |      0.02 | `RowDispatch/Coherent/Each/4096`
|   104.6% |     99.2% .. 113.8% |              665.78 |        1,502,006.12 |    1.6% |      0.02 | `RowDispatch/Coherent/Grain1/4096`
|    98.0% |     93.6% .. 107.9% |              705.97 |        1,416,493.79 |    1.8% |      0.02 | `RowDispatch/Coherent/Grain64/4096`
|   104.5% |    102.8% .. 119.7% |              658.73 |        1,518,084.03 |    0.2% |      0.02 | `RowDispatch/Coherent/Grain1024/4096`

  Summary
    `RowDispatch/Coherent/Grain1024/4096` and `RowDispatch/Coherent/Each/4096` are the two fastest of 5, and were not separated
    95% CI [0.97 .. 1.08], intervals corrected for 4 comparisons, 15 paired rounds, interleaved

| relative |              95% CI |             ns/pass |              pass/s |    err% |     total | RowDispatch/Fragmented/4096
|---------:|--------------------:|--------------------:|--------------------:|--------:|----------:|:----------------------------
|   100.0% |                     |              685.68 |        1,458,412.49 |    1.7% |      0.02 | `RowDispatch/Fragmented/HandWritten/4096`
|   101.9% |     96.4% .. 108.5% |              672.40 |        1,487,209.39 |    1.3% |      0.02 | `RowDispatch/Fragmented/Each/4096`
|     7.8% |        7.5% .. 8.0% |            9,044.67 |          110,562.38 |    1.0% |      0.20 | `RowDispatch/Fragmented/Grain1/4096`
|    65.7% |      59.9% .. 67.0% |            1,042.08 |          959,621.67 |    1.5% |      0.02 | `RowDispatch/Fragmented/Grain64/4096`
|    97.9% |     95.0% .. 100.1% |              691.84 |        1,445,421.13 |    0.4% |      0.02 | `RowDispatch/Fragmented/Grain1024/4096`

  Summary
    `RowDispatch/Fragmented/Each/4096` and `RowDispatch/Fragmented/HandWritten/4096` are the two fastest of 5, and were not separated
    95% CI [0.96 .. 1.08], intervals corrected for 4 comparisons, 15 paired rounds, interleaved

| relative |              95% CI |             ns/pass |              pass/s |    err% |     total | RowDispatch/Coherent/100000
|---------:|--------------------:|--------------------:|--------------------:|--------:|----------:|:----------------------------
|   100.0% |                     |           20,745.47 |           48,203.29 |    1.1% |      0.02 | `RowDispatch/Coherent/HandWritten/100000`
|   103.5% |     95.9% .. 110.1% |           20,107.06 |           49,733.78 |    1.3% |      0.02 | `RowDispatch/Coherent/Each/100000`
|   102.0% |     96.8% .. 114.7% |           20,293.82 |           49,276.08 |    1.5% |      0.02 | `RowDispatch/Coherent/Grain1/100000`
|   101.1% |     99.9% .. 113.5% |           20,449.35 |           48,901.30 |    0.4% |      0.02 | `RowDispatch/Coherent/Grain64/100000`
|   100.9% |     83.6% .. 111.0% |           20,535.16 |           48,696.97 |    1.7% |      0.02 | `RowDispatch/Coherent/Grain1024/100000`

  Summary
    `RowDispatch/Coherent/Each/100000` and `RowDispatch/Coherent/Grain1/100000` are the two fastest of 5, and were not separated
    95% CI [0.92 .. 1.06], intervals corrected for 4 comparisons, 15 paired rounds, interleaved

| relative |              95% CI |             ns/pass |              pass/s |    err% |     total | RowDispatch/Fragmented/100000
|---------:|--------------------:|--------------------:|--------------------:|--------:|----------:|:------------------------------
|   100.0% |                     |           20,837.37 |           47,990.70 |    3.6% |      0.02 | `RowDispatch/Fragmented/HandWritten/100000`
|   101.0% |     97.9% .. 121.2% |           20,581.10 |           48,588.27 |    1.5% |      0.02 | `RowDispatch/Fragmented/Each/100000`
|     9.6% |       9.2% .. 11.6% |          219,868.57 |            4,548.17 |    1.5% |      0.17 | `RowDispatch/Fragmented/Grain1/100000`
|    77.5% |      75.2% .. 89.9% |           26,982.94 |           37,060.45 |    1.7% |      0.02 | `RowDispatch/Fragmented/Grain64/100000`
|   101.3% |     96.2% .. 111.9% |           21,051.24 |           47,503.15 |    0.9% |      0.02 | `RowDispatch/Fragmented/Grain1024/100000`

  Summary
    `RowDispatch/Fragmented/Each/100000` and `RowDispatch/Fragmented/HandWritten/100000` are the two fastest of 5, and were not separated
    95% CI [0.98 .. 1.21], intervals corrected for 4 comparisons, 15 paired rounds, interleaved
