Note: perf_event_open failed, so the ins/op, cyc/op, IPC, bra/op and miss% columns are missing.
This is usually a container or VM without virtualized performance counters, or
/proc/sys/kernel/perf_event_paranoid being too restrictive.


| relative |              95% CI |             ns/tick |              tick/s |    err% |     total | NBody/Ordered/64
|---------:|--------------------:|--------------------:|--------------------:|--------:|----------:|:-----------------
|   100.0% |                     |           15,728.50 |           63,578.85 |    0.3% |      0.00 | `NBody/Ordered/HandWritten/64`
|   101.2% |     21.7% .. 101.7% |           15,528.50 |           64,397.72 |    0.3% |      0.00 | `NBody/Ordered/ECS/64`
|    96.5% |      95.1% .. 97.2% |           16,300.00 |           61,349.69 |    0.4% |      0.00 | `NBody/Ordered/Native1/64`
|    96.5% |      95.2% .. 97.4% |           16,329.00 |           61,240.74 |    0.6% |      0.00 | `NBody/Ordered/Pipeline1/64`
|    96.4% |      89.8% .. 97.5% |           16,339.50 |           61,201.38 |    0.6% |      0.00 | `NBody/Ordered/NativeG64x1/64`
|    96.7% |      95.8% .. 98.5% |           16,264.50 |           61,483.60 |    0.5% |      0.00 | `NBody/Ordered/PipelineG64x1/64`
|    96.7% |      96.0% .. 98.0% |           16,264.50 |           61,483.60 |    0.3% |      0.00 | `NBody/Ordered/Native2/64`
|    96.3% |      94.9% .. 97.8% |           16,294.50 |           61,370.40 |    0.3% |      0.00 | `NBody/Ordered/Pipeline2/64`
|    96.2% |      91.5% .. 98.6% |           16,364.50 |           61,107.89 |    0.6% |      0.00 | `NBody/Ordered/NativeG64x2/64`
|    96.7% |      89.3% .. 97.5% |           16,295.00 |           61,368.52 |    0.3% |      0.00 | `NBody/Ordered/PipelineG64x2/64`
|    96.9% |      96.5% .. 98.8% |           16,249.50 |           61,540.36 |    0.4% |      0.00 | `NBody/Ordered/Native4/64`
|    96.8% |      95.7% .. 99.5% |           16,285.00 |           61,406.20 |    0.5% |      0.00 | `NBody/Ordered/Pipeline4/64`
|    96.5% |      95.8% .. 97.5% |           16,340.00 |           61,199.51 |    0.4% |      0.00 | `NBody/Ordered/NativeG64x4/64`
|    96.5% |      95.9% .. 97.5% |           16,310.00 |           61,312.08 |    0.3% |      0.00 | `NBody/Ordered/PipelineG64x4/64`

  Summary
    `NBody/Ordered/ECS/64` and `NBody/Ordered/HandWritten/64` are the two fastest of 14, and were not separated
    95% CI [0.22 .. 1.02], intervals corrected for 13 comparisons, 14 paired rounds, interleaved

| relative |              95% CI |             ns/tick |              tick/s |    err% |     total | NBody/MatchedNative1/64
|---------:|--------------------:|--------------------:|--------------------:|--------:|----------:|:------------------------
|   100.0% |                     |           16,094.00 |           62,134.96 |    0.4% |      0.00 | `NBody/MatchedNative1/HandWritten/64`
|    98.9% |      98.4% .. 99.6% |           16,230.00 |           61,614.29 |    0.4% |      0.00 | `NBody/MatchedNative1/ECS/64`

  Summary
    `NBody/MatchedNative1/ECS/64` ran 1.01x slower than `NBody/MatchedNative1/HandWritten/64`
    95% CI [1.00 .. 1.02], 12 paired rounds, interleaved

| relative |              95% CI |             ns/tick |              tick/s |    err% |     total | NBody/MatchedPipeline1/64
|---------:|--------------------:|--------------------:|--------------------:|--------:|----------:|:--------------------------
|   100.0% |                     |           15,323.00 |           65,261.37 |    0.1% |      0.00 | `NBody/MatchedPipeline1/HandWritten/64`
|    94.8% |      94.2% .. 95.5% |           16,199.00 |           61,732.21 |    0.5% |      0.00 | `NBody/MatchedPipeline1/ECS/64`

  Summary
    `NBody/MatchedPipeline1/ECS/64` ran 1.06x slower than `NBody/MatchedPipeline1/HandWritten/64`
    95% CI [1.05 .. 1.06], 12 paired rounds, interleaved

| relative |              95% CI |             ns/tick |              tick/s |    err% |     total | NBody/MatchedNative2/64
|---------:|--------------------:|--------------------:|--------------------:|--------:|----------:|:------------------------
|   100.0% |                     |           16,119.00 |           62,038.59 |    0.4% |      0.00 | `NBody/MatchedNative2/HandWritten/64`
|    99.2% |     98.9% .. 100.0% |           16,254.50 |           61,521.42 |    0.4% |      0.00 | `NBody/MatchedNative2/ECS/64`

  Summary
    `NBody/MatchedNative2/ECS/64` ran 1.01x slower than `NBody/MatchedNative2/HandWritten/64`
    95% CI [1.00 .. 1.01], 12 paired rounds, interleaved

| relative |              95% CI |             ns/tick |              tick/s |    err% |     total | NBody/MatchedPipeline2/64
|---------:|--------------------:|--------------------:|--------------------:|--------:|----------:|:--------------------------
|   100.0% |                     |           15,313.00 |           65,303.99 |    0.1% |      0.00 | `NBody/MatchedPipeline2/HandWritten/64`
|    94.2% |      93.9% .. 94.7% |           16,234.50 |           61,597.22 |    0.3% |      0.00 | `NBody/MatchedPipeline2/ECS/64`

  Summary
    `NBody/MatchedPipeline2/ECS/64` ran 1.06x slower than `NBody/MatchedPipeline2/HandWritten/64`
    95% CI [1.06 .. 1.06], 12 paired rounds, interleaved

| relative |              95% CI |             ns/tick |              tick/s |    err% |     total | NBody/MatchedNative4/64
|---------:|--------------------:|--------------------:|--------------------:|--------:|----------:|:------------------------
|   100.0% |                     |           16,084.00 |           62,173.59 |    0.4% |      0.00 | `NBody/MatchedNative4/HandWritten/64`
|    99.3% |      98.8% .. 99.5% |           16,264.00 |           61,485.49 |    0.3% |      0.00 | `NBody/MatchedNative4/ECS/64`

  Summary
    `NBody/MatchedNative4/ECS/64` ran 1.01x slower than `NBody/MatchedNative4/HandWritten/64`
    95% CI [1.00 .. 1.01], 12 paired rounds, interleaved

| relative |              95% CI |             ns/tick |              tick/s |    err% |     total | NBody/MatchedPipeline4/64
|---------:|--------------------:|--------------------:|--------------------:|--------:|----------:|:--------------------------
|   100.0% |                     |           15,318.00 |           65,282.67 |    0.2% |      0.00 | `NBody/MatchedPipeline4/HandWritten/64`
|    94.8% |      94.1% .. 95.3% |           16,174.00 |           61,827.62 |    0.3% |      0.00 | `NBody/MatchedPipeline4/ECS/64`

  Summary
    `NBody/MatchedPipeline4/ECS/64` ran 1.06x slower than `NBody/MatchedPipeline4/HandWritten/64`
    95% CI [1.05 .. 1.06], 12 paired rounds, interleaved

| relative |              95% CI |             ns/tick |              tick/s |    err% |     total | NBody/Ordered/1024
|---------:|--------------------:|--------------------:|--------------------:|--------:|----------:|:-------------------
|   100.0% |                     |        4,119,115.50 |              242.77 |    1.0% |      0.06 | `NBody/Ordered/HandWritten/1024`
|    95.4% |     84.8% .. 109.0% |        4,317,991.00 |              231.59 |    5.1% |      0.07 | `NBody/Ordered/ECS/1024`
|    95.0% |     90.7% .. 105.0% |        4,340,629.50 |              230.38 |    3.4% |      0.06 | `NBody/Ordered/Native1/1024`
|    98.5% |     93.7% .. 107.9% |        4,258,255.00 |              234.84 |    4.0% |      0.06 | `NBody/Ordered/Pipeline1/1024`
|    98.3% |     91.7% .. 104.0% |        4,306,238.50 |              232.22 |    3.5% |      0.06 | `NBody/Ordered/NativeG64x1/1024`
|    97.5% |     86.0% .. 108.6% |        4,342,763.00 |              230.27 |    6.7% |      0.07 | `NBody/Ordered/PipelineG64x1/1024`
|    95.5% |     85.7% .. 104.4% |        4,316,508.50 |              231.67 |    5.5% |      0.06 | `NBody/Ordered/Native2/1024`
|   101.4% |     93.4% .. 108.8% |        4,235,911.50 |              236.08 |    4.1% |      0.06 | `NBody/Ordered/Pipeline2/1024`
|   189.6% |    172.7% .. 210.0% |        2,194,556.50 |              455.67 |    3.1% |      0.03 | `NBody/Ordered/NativeG64x2/1024`
|   191.4% |     96.9% .. 205.8% |        2,283,906.50 |              437.85 |    6.9% |      0.04 | `NBody/Ordered/PipelineG64x2/1024`
|    97.9% |     88.0% .. 107.6% |        4,331,040.00 |              230.89 |    6.7% |      0.06 | `NBody/Ordered/Native4/1024`
|    97.6% |     85.4% .. 108.4% |        4,305,472.00 |              232.26 |    5.5% |      0.06 | `NBody/Ordered/Pipeline4/1024`
|   265.3% |    255.9% .. 399.0% |        1,558,195.00 |              641.77 |    2.0% |      0.02 | `NBody/Ordered/NativeG64x4/1024`
|   192.9% |    186.1% .. 232.2% |        2,135,818.00 |              468.20 |    2.1% |      0.03 | `NBody/Ordered/PipelineG64x4/1024`

  Summary
    `NBody/Ordered/NativeG64x4/1024` is fastest of 14, 1.36x ahead of `NBody/Ordered/PipelineG64x4/1024`
    95% CI [1.29 .. 2.11], intervals corrected for 13 comparisons, 14 paired rounds, interleaved

| relative |              95% CI |             ns/tick |              tick/s |    err% |     total | NBody/MatchedNative1/1024
|---------:|--------------------:|--------------------:|--------------------:|--------:|----------:|:--------------------------
|   100.0% |                     |        4,132,455.50 |              241.99 |    2.6% |      0.05 | `NBody/MatchedNative1/HandWritten/1024`
|    96.4% |     91.8% .. 101.1% |        4,348,552.00 |              229.96 |    4.6% |      0.05 | `NBody/MatchedNative1/ECS/1024`

  Summary
    no difference resolved between `NBody/MatchedNative1/HandWritten/1024` and `NBody/MatchedNative1/ECS/1024`
    ratio 0.96x, 95% CI [0.92 .. 1.01], 12 paired rounds, interleaved

| relative |              95% CI |             ns/tick |              tick/s |    err% |     total | NBody/MatchedPipeline1/1024
|---------:|--------------------:|--------------------:|--------------------:|--------:|----------:|:----------------------------
|   100.0% |                     |        4,154,409.00 |              240.71 |    3.7% |      0.05 | `NBody/MatchedPipeline1/HandWritten/1024`
|   101.3% |     94.3% .. 103.1% |        4,315,426.50 |              231.73 |    6.2% |      0.05 | `NBody/MatchedPipeline1/ECS/1024`

  Summary
    no difference resolved between `NBody/MatchedPipeline1/HandWritten/1024` and `NBody/MatchedPipeline1/ECS/1024`
    ratio 1.01x, 95% CI [0.94 .. 1.03], 12 paired rounds, interleaved

| relative |              95% CI |             ns/tick |              tick/s |    err% |     total | NBody/MatchedNative2/1024
|---------:|--------------------:|--------------------:|--------------------:|--------:|----------:|:--------------------------
|   100.0% |                     |        2,254,687.00 |              443.52 |    4.1% |      0.03 | `NBody/MatchedNative2/HandWritten/1024`
|    99.1% |     98.0% .. 109.3% |        2,160,855.50 |              462.78 |    3.8% |      0.03 | `NBody/MatchedNative2/ECS/1024`

  Summary
    no difference resolved between `NBody/MatchedNative2/HandWritten/1024` and `NBody/MatchedNative2/ECS/1024`
    ratio 0.99x, 95% CI [0.98 .. 1.09], 12 paired rounds, interleaved

| relative |              95% CI |             ns/tick |              tick/s |    err% |     total | NBody/MatchedPipeline2/1024
|---------:|--------------------:|--------------------:|--------------------:|--------:|----------:|:----------------------------
|   100.0% |                     |        2,323,326.50 |              430.42 |    6.7% |      0.03 | `NBody/MatchedPipeline2/HandWritten/1024`
|   101.5% |     88.7% .. 108.9% |        2,323,208.50 |              430.44 |    3.9% |      0.03 | `NBody/MatchedPipeline2/ECS/1024`

  Summary
    no difference resolved between `NBody/MatchedPipeline2/HandWritten/1024` and `NBody/MatchedPipeline2/ECS/1024`
    ratio 1.01x, 95% CI [0.89 .. 1.09], 12 paired rounds, interleaved

| relative |              95% CI |             ns/tick |              tick/s |    err% |     total | NBody/MatchedNative4/1024
|---------:|--------------------:|--------------------:|--------------------:|--------:|----------:|:--------------------------
|   100.0% |                     |        1,569,121.00 |              637.30 |    3.9% |      0.02 | `NBody/MatchedNative4/HandWritten/1024`
|    94.0% |     68.9% .. 129.0% |        1,716,398.50 |              582.62 |   12.0% |      0.02 | `NBody/MatchedNative4/ECS/1024`

  Summary
    no difference resolved between `NBody/MatchedNative4/HandWritten/1024` and `NBody/MatchedNative4/ECS/1024`
    ratio 0.94x, 95% CI [0.69 .. 1.29], 12 paired rounds, interleaved

| relative |              95% CI |             ns/tick |              tick/s |    err% |     total | NBody/MatchedPipeline4/1024
|---------:|--------------------:|--------------------:|--------------------:|--------:|----------:|:----------------------------
|   100.0% |                     |        1,268,467.00 |              788.35 |    3.4% |      0.02 | `NBody/MatchedPipeline4/HandWritten/1024`
|    70.3% |      54.2% .. 99.2% |        2,095,732.50 |              477.16 |    5.9% |      0.02 | `NBody/MatchedPipeline4/ECS/1024`

  Summary
    `NBody/MatchedPipeline4/ECS/1024` ran 1.42x slower than `NBody/MatchedPipeline4/HandWritten/1024`
    95% CI [1.01 .. 1.85], 12 paired rounds, interleaved

| relative |              95% CI |             ns/tick |              tick/s |    err% |     total | NBody/Ordered/4096
|---------:|--------------------:|--------------------:|--------------------:|--------:|----------:|:-------------------
|   100.0% |                     |       69,313,870.00 |               14.43 |    3.5% |      0.99 | `NBody/Ordered/HandWritten/4096`
|    97.7% |     95.3% .. 104.6% |       70,457,654.00 |               14.19 |    2.2% |      0.99 | `NBody/Ordered/ECS/4096`
|    94.3% |     72.0% .. 104.8% |       72,058,708.50 |               13.88 |    8.9% |      1.20 | `NBody/Ordered/Native1/4096`
|    99.1% |     91.7% .. 105.1% |       71,519,704.00 |               13.98 |    4.4% |      1.00 | `NBody/Ordered/Pipeline1/4096`
|    96.8% |     73.6% .. 102.4% |       71,445,862.50 |               14.00 |    4.2% |      1.16 | `NBody/Ordered/NativeG64x1/4096`
|    99.6% |     89.4% .. 103.4% |       70,408,400.00 |               14.20 |    4.9% |      1.03 | `NBody/Ordered/PipelineG64x1/4096`
|   186.7% |    121.7% .. 203.4% |       39,004,826.50 |               25.64 |   13.6% |      0.59 | `NBody/Ordered/Native2/4096`
|   182.7% |    114.7% .. 202.0% |       37,211,654.00 |               26.87 |    8.1% |      0.60 | `NBody/Ordered/Pipeline2/4096`
|   195.1% |    137.9% .. 201.3% |       35,951,649.50 |               27.82 |    6.2% |      0.56 | `NBody/Ordered/NativeG64x2/4096`
|   186.7% |    175.2% .. 205.0% |       36,654,599.50 |               27.28 |    3.6% |      0.54 | `NBody/Ordered/PipelineG64x2/4096`
|   214.0% |    173.0% .. 251.5% |       32,473,067.00 |               30.79 |    8.6% |      0.47 | `NBody/Ordered/Native4/4096`
|   216.6% |    205.3% .. 381.9% |       32,455,596.00 |               30.81 |    0.3% |      0.41 | `NBody/Ordered/Pipeline4/4096`
|   297.0% |    222.5% .. 379.4% |       23,393,560.50 |               42.75 |   11.6% |      0.34 | `NBody/Ordered/NativeG64x4/4096`
|   215.1% |    196.6% .. 361.5% |       32,492,001.00 |               30.78 |    0.5% |      0.44 | `NBody/Ordered/PipelineG64x4/4096`

  Summary
    `NBody/Ordered/NativeG64x4/4096` and `NBody/Ordered/Pipeline4/4096` are the two fastest of 14, and were not separated
    95% CI [0.82 .. 1.76], intervals corrected for 13 comparisons, 14 paired rounds, interleaved

| relative |              95% CI |             ns/tick |              tick/s |    err% |     total | NBody/MatchedNative1/4096
|---------:|--------------------:|--------------------:|--------------------:|--------:|----------:|:--------------------------
|   100.0% |                     |       71,221,143.50 |               14.04 |    3.0% |      0.86 | `NBody/MatchedNative1/HandWritten/4096`
|    99.2% |     94.0% .. 107.1% |       71,213,411.50 |               14.04 |    2.4% |      0.87 | `NBody/MatchedNative1/ECS/4096`

  Summary
    no difference resolved between `NBody/MatchedNative1/HandWritten/4096` and `NBody/MatchedNative1/ECS/4096`
    ratio 0.99x, 95% CI [0.94 .. 1.07], 12 paired rounds, interleaved

| relative |              95% CI |             ns/tick |              tick/s |    err% |     total | NBody/MatchedPipeline1/4096
|---------:|--------------------:|--------------------:|--------------------:|--------:|----------:|:----------------------------
|   100.0% |                     |       68,675,825.50 |               14.56 |    1.7% |      0.83 | `NBody/MatchedPipeline1/HandWritten/4096`
|    98.3% |     96.5% .. 101.6% |       70,530,509.50 |               14.18 |    1.7% |      0.84 | `NBody/MatchedPipeline1/ECS/4096`

  Summary
    no difference resolved between `NBody/MatchedPipeline1/HandWritten/4096` and `NBody/MatchedPipeline1/ECS/4096`
    ratio 0.98x, 95% CI [0.96 .. 1.02], 12 paired rounds, interleaved

| relative |              95% CI |             ns/tick |              tick/s |    err% |     total | NBody/MatchedNative2/4096
|---------:|--------------------:|--------------------:|--------------------:|--------:|----------:|:--------------------------
|   100.0% |                     |       34,189,215.50 |               29.25 |    2.2% |      0.41 | `NBody/MatchedNative2/HandWritten/4096`
|    97.7% |     92.7% .. 101.8% |       35,226,598.50 |               28.39 |    1.4% |      0.44 | `NBody/MatchedNative2/ECS/4096`

  Summary
    no difference resolved between `NBody/MatchedNative2/HandWritten/4096` and `NBody/MatchedNative2/ECS/4096`
    ratio 0.98x, 95% CI [0.93 .. 1.02], 12 paired rounds, interleaved

| relative |              95% CI |             ns/tick |              tick/s |    err% |     total | NBody/MatchedPipeline2/4096
|---------:|--------------------:|--------------------:|--------------------:|--------:|----------:|:----------------------------
|   100.0% |                     |       34,522,950.00 |               28.97 |    1.1% |      0.42 | `NBody/MatchedPipeline2/HandWritten/4096`
|    99.3% |     99.1% .. 101.1% |       34,583,359.50 |               28.92 |    0.8% |      0.42 | `NBody/MatchedPipeline2/ECS/4096`

  Summary
    no difference resolved between `NBody/MatchedPipeline2/HandWritten/4096` and `NBody/MatchedPipeline2/ECS/4096`
    ratio 0.99x, 95% CI [0.99 .. 1.01], 12 paired rounds, interleaved

| relative |              95% CI |             ns/tick |              tick/s |    err% |     total | NBody/MatchedNative4/4096
|---------:|--------------------:|--------------------:|--------------------:|--------:|----------:|:--------------------------
|   100.0% |                     |       18,632,018.50 |               53.67 |    8.4% |      0.24 | `NBody/MatchedNative4/HandWritten/4096`
|    95.4% |      81.5% .. 99.7% |       22,108,578.50 |               45.23 |    7.5% |      0.25 | `NBody/MatchedNative4/ECS/4096`

  Summary
    `NBody/MatchedNative4/ECS/4096` ran 1.05x slower than `NBody/MatchedNative4/HandWritten/4096`
    95% CI [1.00 .. 1.23], 12 paired rounds, interleaved

| relative |              95% CI |             ns/tick |              tick/s |    err% |     total | NBody/MatchedPipeline4/4096
|---------:|--------------------:|--------------------:|--------------------:|--------:|----------:|:----------------------------
|   100.0% |                     |       18,468,006.00 |               54.15 |    1.7% |      0.23 | `NBody/MatchedPipeline4/HandWritten/4096`
|    99.9% |     93.9% .. 102.3% |       18,544,631.50 |               53.92 |    2.9% |      0.25 | `NBody/MatchedPipeline4/ECS/4096`

  Summary
    no difference resolved between `NBody/MatchedPipeline4/HandWritten/4096` and `NBody/MatchedPipeline4/ECS/4096`
    ratio 1.00x, 95% CI [0.94 .. 1.02], 12 paired rounds, interleaved
