Note: perf_event_open failed, so the ins/op, cyc/op, IPC, bra/op and miss% columns are missing.
This is usually a container or VM without virtualized performance counters, or
/proc/sys/kernel/perf_event_paranoid being too restrictive.


| relative |              95% CI |             ns/pass |              pass/s |    err% |     total | RowDispatch/Coherent/64
|---------:|--------------------:|--------------------:|--------------------:|--------:|----------:|:------------------------
|   100.0% |                     |               16.60 |       60,230,413.17 |   18.0% |      0.01 | `RowDispatch/Coherent/HandWritten/64`
|    82.9% |     43.4% .. 115.2% |               19.44 |       51,437,651.27 |   10.6% |      0.01 | `RowDispatch/Coherent/Each/64`
|    81.3% |     65.5% .. 119.5% |               19.93 |       50,186,874.09 |   10.1% |      0.01 | `RowDispatch/Coherent/Grain1/64`
|    62.7% |      49.6% .. 92.8% |               24.33 |       41,104,991.59 |   10.6% |      0.01 | `RowDispatch/Coherent/Grain64/64`
|    63.6% |     51.7% .. 104.1% |               24.36 |       41,055,281.99 |    8.3% |      0.01 | `RowDispatch/Coherent/Grain1024/64`

  Summary
    `RowDispatch/Coherent/HandWritten/64` and `RowDispatch/Coherent/Each/64` are the two fastest of 5, and were not separated
    95% CI [0.87 .. 2.31], intervals corrected for 4 comparisons, 15 paired rounds, interleaved

| relative |              95% CI |             ns/pass |              pass/s |    err% |     total | RowDispatch/Fragmented/64
|---------:|--------------------:|--------------------:|--------------------:|--------:|----------:|:--------------------------
|   100.0% |                     |               19.21 |       52,045,372.89 |   13.0% |      0.01 | `RowDispatch/Fragmented/HandWritten/64`
|    87.1% |      74.4% .. 99.8% |               22.30 |       44,841,015.11 |    6.7% |      0.01 | `RowDispatch/Fragmented/Each/64`
|    12.4% |      10.3% .. 14.2% |              153.20 |        6,527,511.11 |    4.6% |      0.07 | `RowDispatch/Fragmented/Grain1/64`
|    60.7% |      47.9% .. 77.4% |               30.06 |       33,268,843.24 |   11.9% |      0.02 | `RowDispatch/Fragmented/Grain64/64`
|    66.2% |      53.6% .. 79.1% |               27.88 |       35,867,388.56 |    9.4% |      0.01 | `RowDispatch/Fragmented/Grain1024/64`

  Summary
    `RowDispatch/Fragmented/HandWritten/64` is fastest of 5, 1.15x ahead of `RowDispatch/Fragmented/Each/64`
    95% CI [1.00 .. 1.34], intervals corrected for 4 comparisons, 15 paired rounds, interleaved

| relative |              95% CI |             ns/pass |              pass/s |    err% |     total | RowDispatch/Coherent/4096
|---------:|--------------------:|--------------------:|--------------------:|--------:|----------:|:--------------------------
|   100.0% |                     |              822.51 |        1,215,788.87 |    5.8% |      0.02 | `RowDispatch/Coherent/HandWritten/4096`
|   107.2% |     86.6% .. 126.4% |              757.17 |        1,320,710.11 |    8.9% |      0.02 | `RowDispatch/Coherent/Each/4096`
|   113.5% |     88.4% .. 126.0% |              735.93 |        1,358,829.79 |    8.8% |      0.02 | `RowDispatch/Coherent/Grain1/4096`
|   105.7% |     70.6% .. 122.2% |              782.72 |        1,277,592.93 |    9.6% |      0.02 | `RowDispatch/Coherent/Grain64/4096`
|   110.5% |     91.8% .. 124.4% |              746.98 |        1,338,721.23 |   11.2% |      0.02 | `RowDispatch/Coherent/Grain1024/4096`

  Summary
    `RowDispatch/Coherent/Grain1/4096` and `RowDispatch/Coherent/Grain1024/4096` are the two fastest of 5, and were not separated
    95% CI [0.87 .. 1.19], intervals corrected for 4 comparisons, 15 paired rounds, interleaved

| relative |              95% CI |             ns/pass |              pass/s |    err% |     total | RowDispatch/Fragmented/4096
|---------:|--------------------:|--------------------:|--------------------:|--------:|----------:|:----------------------------
|   100.0% |                     |              844.77 |        1,183,757.35 |   17.5% |      0.02 | `RowDispatch/Fragmented/HandWritten/4096`
|   119.4% |     94.9% .. 150.5% |              695.74 |        1,437,322.64 |    6.3% |      0.02 | `RowDispatch/Fragmented/Each/4096`
|     7.8% |        7.3% .. 9.3% |           10,946.14 |           91,356.37 |    7.7% |      0.25 | `RowDispatch/Fragmented/Grain1/4096`
|    74.6% |      59.2% .. 81.4% |            1,237.61 |          808,009.17 |    9.0% |      0.03 | `RowDispatch/Fragmented/Grain64/4096`
|   105.5% |     94.2% .. 121.7% |              766.76 |        1,304,183.96 |   11.0% |      0.02 | `RowDispatch/Fragmented/Grain1024/4096`

  Summary
    `RowDispatch/Fragmented/Each/4096` and `RowDispatch/Fragmented/Grain1024/4096` are the two fastest of 5, and were not separated
    95% CI [0.96 .. 1.20], intervals corrected for 4 comparisons, 15 paired rounds, interleaved

| relative |              95% CI |             ns/pass |              pass/s |    err% |     total | RowDispatch/Coherent/100000
|---------:|--------------------:|--------------------:|--------------------:|--------:|----------:|:----------------------------
|   100.0% |                     |           25,018.65 |           39,970.19 |   10.3% |      0.02 | `RowDispatch/Coherent/HandWritten/100000`
|    98.5% |     81.5% .. 117.6% |           24,334.69 |           41,093.60 |   10.3% |      0.02 | `RowDispatch/Coherent/Each/100000`
|   104.2% |     84.2% .. 110.5% |           25,711.56 |           38,893.01 |   18.0% |      0.02 | `RowDispatch/Coherent/Grain1/100000`
|   103.1% |     87.7% .. 123.7% |           23,740.67 |           42,121.82 |    9.7% |      0.02 | `RowDispatch/Coherent/Grain64/100000`
|   103.2% |     79.6% .. 117.8% |           23,275.79 |           42,963.09 |    4.9% |      0.02 | `RowDispatch/Coherent/Grain1024/100000`

  Summary
    `RowDispatch/Coherent/Grain1024/100000` and `RowDispatch/Coherent/Grain64/100000` are the two fastest of 5, and were not separated
    95% CI [0.76 .. 1.19], intervals corrected for 4 comparisons, 15 paired rounds, interleaved

| relative |              95% CI |             ns/pass |              pass/s |    err% |     total | RowDispatch/Fragmented/100000
|---------:|--------------------:|--------------------:|--------------------:|--------:|----------:|:------------------------------
|   100.0% |                     |           26,790.86 |           37,326.16 |    7.3% |      0.02 | `RowDispatch/Fragmented/HandWritten/100000`
|   112.2% |     97.0% .. 134.6% |           23,503.18 |           42,547.44 |   12.0% |      0.02 | `RowDispatch/Fragmented/Each/100000`
|     9.3% |       7.6% .. 11.0% |          268,433.53 |            3,725.32 |    5.2% |      0.22 | `RowDispatch/Fragmented/Grain1/100000`
|    82.8% |     72.3% .. 100.1% |           31,466.18 |           31,780.16 |    7.4% |      0.02 | `RowDispatch/Fragmented/Grain64/100000`
|   102.9% |     90.1% .. 121.5% |           24,470.90 |           40,864.86 |   12.9% |      0.02 | `RowDispatch/Fragmented/Grain1024/100000`

  Summary
    `RowDispatch/Fragmented/Each/100000` and `RowDispatch/Fragmented/Grain1024/100000` are the two fastest of 5, and were not separated
    95% CI [1.00 .. 1.21], intervals corrected for 4 comparisons, 15 paired rounds, interleaved
