Note: perf_event_open failed, so the ins/op, cyc/op, IPC, bra/op and miss% columns are missing.
This is usually a container or VM without virtualized performance counters, or
/proc/sys/kernel/perf_event_paranoid being too restrictive.


| relative |              95% CI |             ns/pass |              pass/s |    err% |     total | RowDispatch/Coherent/64
|---------:|--------------------:|--------------------:|--------------------:|--------:|----------:|:------------------------
|   100.0% |                     |               14.52 |       68,855,375.50 |    1.9% |      0.01 | `RowDispatch/Coherent/HandWritten/64`
|    86.1% |      79.9% .. 91.4% |               16.46 |       60,765,436.56 |    3.0% |      0.01 | `RowDispatch/Coherent/Each/64`
|    83.6% |      82.0% .. 85.0% |               17.09 |       58,527,056.57 |    2.2% |      0.01 | `RowDispatch/Coherent/Grain1/64`
|    63.9% |      58.3% .. 65.7% |               22.68 |       44,089,334.38 |    2.7% |      0.01 | `RowDispatch/Coherent/Grain64/64`
|    64.1% |      58.2% .. 67.2% |               22.73 |       43,995,166.85 |    4.9% |      0.01 | `RowDispatch/Coherent/Grain1024/64`

  Summary
    `RowDispatch/Coherent/HandWritten/64` is fastest of 5, 1.16x ahead of `RowDispatch/Coherent/Each/64`
    95% CI [1.09 .. 1.25], intervals corrected for 4 comparisons, 15 paired rounds, interleaved

| relative |              95% CI |             ns/pass |              pass/s |    err% |     total | RowDispatch/Fragmented/64
|---------:|--------------------:|--------------------:|--------------------:|--------:|----------:|:--------------------------
|   100.0% |                     |               16.39 |       60,994,938.59 |    4.2% |      0.01 | `RowDispatch/Fragmented/HandWritten/64`
|    86.7% |      79.5% .. 90.1% |               18.98 |       52,685,112.57 |    1.3% |      0.01 | `RowDispatch/Fragmented/Each/64`
|    11.0% |      10.6% .. 11.9% |              145.89 |        6,854,426.34 |    3.6% |      0.07 | `RowDispatch/Fragmented/Grain1/64`
|    63.4% |      56.6% .. 65.0% |               26.05 |       38,384,906.32 |    2.3% |      0.01 | `RowDispatch/Fragmented/Grain64/64`
|    61.8% |      56.7% .. 67.0% |               25.26 |       39,583,280.88 |    1.1% |      0.01 | `RowDispatch/Fragmented/Grain1024/64`

  Summary
    `RowDispatch/Fragmented/HandWritten/64` is fastest of 5, 1.15x ahead of `RowDispatch/Fragmented/Each/64`
    95% CI [1.11 .. 1.26], intervals corrected for 4 comparisons, 15 paired rounds, interleaved

| relative |              95% CI |             ns/pass |              pass/s |    err% |     total | RowDispatch/Coherent/4096
|---------:|--------------------:|--------------------:|--------------------:|--------:|----------:|:--------------------------
|   100.0% |                     |              728.96 |        1,371,811.67 |    6.3% |      0.02 | `RowDispatch/Coherent/HandWritten/4096`
|   110.4% |     98.3% .. 119.4% |              663.22 |        1,507,794.25 |    2.0% |      0.02 | `RowDispatch/Coherent/Each/4096`
|   104.2% |     87.2% .. 110.2% |              699.15 |        1,430,309.92 |    6.5% |      0.02 | `RowDispatch/Coherent/Grain1/4096`
|   100.5% |     89.8% .. 112.1% |              729.11 |        1,371,537.21 |    5.1% |      0.02 | `RowDispatch/Coherent/Grain64/4096`
|   103.8% |     88.1% .. 114.1% |              668.61 |        1,495,630.09 |    1.8% |      0.02 | `RowDispatch/Coherent/Grain1024/4096`

  Summary
    `RowDispatch/Coherent/Each/4096` and `RowDispatch/Coherent/Grain1024/4096` are the two fastest of 5, and were not separated
    95% CI [0.99 .. 1.29], intervals corrected for 4 comparisons, 15 paired rounds, interleaved

| relative |              95% CI |             ns/pass |              pass/s |    err% |     total | RowDispatch/Fragmented/4096
|---------:|--------------------:|--------------------:|--------------------:|--------:|----------:|:----------------------------
|   100.0% |                     |              730.10 |        1,369,669.18 |    3.1% |      0.02 | `RowDispatch/Fragmented/HandWritten/4096`
|   102.2% |     89.0% .. 120.3% |              720.59 |        1,387,747.75 |    7.6% |      0.02 | `RowDispatch/Fragmented/Each/4096`
|     7.7% |        7.0% .. 8.5% |            9,925.03 |          100,755.33 |    3.4% |      0.23 | `RowDispatch/Fragmented/Grain1/4096`
|    65.4% |      61.1% .. 71.5% |            1,111.18 |          899,947.31 |    4.7% |      0.03 | `RowDispatch/Fragmented/Grain64/4096`
|    97.9% |     83.4% .. 112.6% |              743.53 |        1,344,927.62 |    4.9% |      0.02 | `RowDispatch/Fragmented/Grain1024/4096`

  Summary
    `RowDispatch/Fragmented/Each/4096` and `RowDispatch/Fragmented/HandWritten/4096` are the two fastest of 5, and were not separated
    95% CI [0.89 .. 1.20], intervals corrected for 4 comparisons, 15 paired rounds, interleaved

| relative |              95% CI |             ns/pass |              pass/s |    err% |     total | RowDispatch/Coherent/100000
|---------:|--------------------:|--------------------:|--------------------:|--------:|----------:|:----------------------------
|   100.0% |                     |           22,596.29 |           44,255.04 |    9.6% |      0.02 | `RowDispatch/Coherent/HandWritten/100000`
|    96.0% |     80.2% .. 121.1% |           21,950.80 |           45,556.42 |    5.1% |      0.02 | `RowDispatch/Coherent/Each/100000`
|    99.4% |     86.0% .. 113.5% |           21,985.98 |           45,483.53 |    8.5% |      0.02 | `RowDispatch/Coherent/Grain1/100000`
|   104.2% |     88.6% .. 119.7% |           22,088.10 |           45,273.25 |    5.1% |      0.02 | `RowDispatch/Coherent/Grain64/100000`
|   100.3% |     84.6% .. 119.5% |           20,840.31 |           47,983.92 |    3.5% |      0.02 | `RowDispatch/Coherent/Grain1024/100000`

  Summary
    `RowDispatch/Coherent/Grain1024/100000` and `RowDispatch/Coherent/Each/100000` are the two fastest of 5, and were not separated
    95% CI [0.91 .. 1.35], intervals corrected for 4 comparisons, 15 paired rounds, interleaved

| relative |              95% CI |             ns/pass |              pass/s |    err% |     total | RowDispatch/Fragmented/100000
|---------:|--------------------:|--------------------:|--------------------:|--------:|----------:|:------------------------------
|   100.0% |                     |           22,276.02 |           44,891.32 |    6.3% |      0.02 | `RowDispatch/Fragmented/HandWritten/100000`
|    98.3% |     85.8% .. 127.2% |           21,884.65 |           45,694.13 |    6.5% |      0.02 | `RowDispatch/Fragmented/Each/100000`
|     8.9% |        7.9% .. 9.9% |          251,640.10 |            3,973.93 |    4.1% |      0.20 | `RowDispatch/Fragmented/Grain1/100000`
|    74.4% |      59.1% .. 90.3% |           28,430.80 |           35,173.12 |    3.8% |      0.03 | `RowDispatch/Fragmented/Grain64/100000`
|    98.6% |     86.3% .. 115.2% |           23,086.47 |           43,315.41 |    6.5% |      0.02 | `RowDispatch/Fragmented/Grain1024/100000`

  Summary
    `RowDispatch/Fragmented/Each/100000` and `RowDispatch/Fragmented/HandWritten/100000` are the two fastest of 5, and were not separated
    95% CI [0.86 .. 1.27], intervals corrected for 4 comparisons, 15 paired rounds, interleaved
