Note: perf_event_open failed, so the ins/op, cyc/op, IPC, bra/op and miss% columns are missing.
This is usually a container or VM without virtualized performance counters, or
/proc/sys/kernel/perf_event_paranoid being too restrictive.


| relative |              95% CI |             ns/pass |              pass/s |    err% |     total | RowDispatch/Coherent/64
|---------:|--------------------:|--------------------:|--------------------:|--------:|----------:|:------------------------
|   100.0% |                     |               14.30 |       69,914,314.45 |    5.0% |      0.01 | `RowDispatch/Coherent/HandWritten/64`
|    87.8% |      74.9% .. 98.1% |               16.75 |       59,696,175.38 |    5.0% |      0.01 | `RowDispatch/Coherent/Each/64`
|    64.5% |      51.0% .. 67.3% |               23.35 |       42,826,339.32 |   10.2% |      0.01 | `RowDispatch/Coherent/Grain1/64`
|    75.7% |      71.4% .. 84.8% |               18.39 |       54,382,749.47 |    2.7% |      0.01 | `RowDispatch/Coherent/Grain64/64`
|    66.3% |      60.2% .. 71.6% |               21.69 |       46,094,531.58 |    7.5% |      0.01 | `RowDispatch/Coherent/Grain1024/64`

  Summary
    `RowDispatch/Coherent/HandWritten/64` is fastest of 5, 1.14x ahead of `RowDispatch/Coherent/Each/64`
    95% CI [1.02 .. 1.34], intervals corrected for 4 comparisons, 15 paired rounds, interleaved

| relative |              95% CI |             ns/pass |              pass/s |    err% |     total | RowDispatch/Fragmented/64
|---------:|--------------------:|--------------------:|--------------------:|--------:|----------:|:--------------------------
|   100.0% |                     |               15.54 |       64,348,170.00 |    5.2% |      0.01 | `RowDispatch/Fragmented/HandWritten/64`
|    79.8% |      67.9% .. 96.5% |               19.71 |       50,747,041.34 |    4.8% |      0.01 | `RowDispatch/Fragmented/Each/64`
|    10.3% |      10.1% .. 11.8% |              149.57 |        6,685,690.37 |    7.1% |      0.08 | `RowDispatch/Fragmented/Grain1/64`
|    70.6% |      59.1% .. 82.0% |               22.85 |       43,761,273.41 |    4.2% |      0.01 | `RowDispatch/Fragmented/Grain64/64`
|    70.9% |      64.3% .. 81.8% |               22.52 |       44,403,054.36 |    3.6% |      0.01 | `RowDispatch/Fragmented/Grain1024/64`

  Summary
    `RowDispatch/Fragmented/HandWritten/64` is fastest of 5, 1.25x ahead of `RowDispatch/Fragmented/Each/64`
    95% CI [1.04 .. 1.47], intervals corrected for 4 comparisons, 15 paired rounds, interleaved

| relative |              95% CI |             ns/pass |              pass/s |    err% |     total | RowDispatch/Coherent/4096
|---------:|--------------------:|--------------------:|--------------------:|--------:|----------:|:--------------------------
|   100.0% |                     |              756.82 |        1,321,318.42 |    8.3% |      0.02 | `RowDispatch/Coherent/HandWritten/4096`
|   108.5% |     95.7% .. 124.1% |              683.80 |        1,462,408.08 |    4.9% |      0.02 | `RowDispatch/Coherent/Each/4096`
|    63.5% |      42.1% .. 70.1% |            1,226.14 |          815,566.59 |    6.6% |      0.03 | `RowDispatch/Coherent/Grain1/4096`
|    95.0% |     89.1% .. 121.4% |              766.08 |        1,305,343.92 |    2.0% |      0.02 | `RowDispatch/Coherent/Grain64/4096`
|    59.3% |      53.4% .. 67.1% |            1,216.67 |          821,916.54 |    4.3% |      0.03 | `RowDispatch/Coherent/Grain1024/4096`

  Summary
    `RowDispatch/Coherent/Each/4096` and `RowDispatch/Coherent/HandWritten/4096` are the two fastest of 5, and were not separated
    95% CI [0.96 .. 1.24], intervals corrected for 4 comparisons, 15 paired rounds, interleaved

| relative |              95% CI |             ns/pass |              pass/s |    err% |     total | RowDispatch/Fragmented/4096
|---------:|--------------------:|--------------------:|--------------------:|--------:|----------:|:----------------------------
|   100.0% |                     |              690.98 |        1,447,220.31 |    3.4% |      0.02 | `RowDispatch/Fragmented/HandWritten/4096`
|    99.8% |     97.2% .. 114.2% |              706.36 |        1,415,715.43 |    4.7% |      0.01 | `RowDispatch/Fragmented/Each/4096`
|     7.5% |        7.0% .. 7.9% |            9,088.31 |          110,031.47 |    2.5% |      0.19 | `RowDispatch/Fragmented/Grain1/4096`
|    63.9% |      62.1% .. 80.7% |            1,076.66 |          928,799.94 |    1.8% |      0.02 | `RowDispatch/Fragmented/Grain64/4096`
|    56.5% |      53.0% .. 66.6% |            1,237.61 |          808,010.54 |    3.0% |      0.02 | `RowDispatch/Fragmented/Grain1024/4096`

  Summary
    `RowDispatch/Fragmented/HandWritten/4096` and `RowDispatch/Fragmented/Each/4096` are the two fastest of 5, and were not separated
    95% CI [0.88 .. 1.03], intervals corrected for 4 comparisons, 15 paired rounds, interleaved

| relative |              95% CI |             ns/pass |              pass/s |    err% |     total | RowDispatch/Coherent/100000
|---------:|--------------------:|--------------------:|--------------------:|--------:|----------:|:----------------------------
|   100.0% |                     |           21,167.15 |           47,243.02 |    3.3% |      0.02 | `RowDispatch/Coherent/HandWritten/100000`
|   102.7% |     98.7% .. 113.9% |           20,765.30 |           48,157.26 |    1.7% |      0.01 | `RowDispatch/Coherent/Each/100000`
|    72.3% |      65.6% .. 76.4% |           29,373.55 |           34,044.23 |    4.3% |      0.02 | `RowDispatch/Coherent/Grain1/100000`
|   102.2% |     94.9% .. 108.3% |           21,279.58 |           46,993.42 |    2.4% |      0.01 | `RowDispatch/Coherent/Grain64/100000`
|    71.7% |      66.1% .. 78.9% |           30,113.90 |           33,207.26 |    2.8% |      0.02 | `RowDispatch/Coherent/Grain1024/100000`

  Summary
    `RowDispatch/Coherent/Each/100000` and `RowDispatch/Coherent/HandWritten/100000` are the two fastest of 5, and were not separated
    95% CI [0.99 .. 1.14], intervals corrected for 4 comparisons, 15 paired rounds, interleaved

| relative |              95% CI |             ns/pass |              pass/s |    err% |     total | RowDispatch/Fragmented/100000
|---------:|--------------------:|--------------------:|--------------------:|--------:|----------:|:------------------------------
|   100.0% |                     |           21,396.98 |           46,735.57 |    5.5% |      0.02 | `RowDispatch/Fragmented/HandWritten/100000`
|    98.1% |     87.2% .. 114.5% |           22,134.33 |           45,178.68 |    5.9% |      0.02 | `RowDispatch/Fragmented/Each/100000`
|     9.6% |       7.0% .. 11.5% |          224,931.27 |            4,445.80 |    3.1% |      0.19 | `RowDispatch/Fragmented/Grain1/100000`
|    77.2% |      75.7% .. 91.1% |           27,852.18 |           35,903.84 |    1.4% |      0.02 | `RowDispatch/Fragmented/Grain64/100000`
|    70.5% |      63.6% .. 79.5% |           29,974.78 |           33,361.37 |    4.3% |      0.03 | `RowDispatch/Fragmented/Grain1024/100000`

  Summary
    `RowDispatch/Fragmented/HandWritten/100000` and `RowDispatch/Fragmented/Each/100000` are the two fastest of 5, and were not separated
    95% CI [0.87 .. 1.15], intervals corrected for 4 comparisons, 15 paired rounds, interleaved
