Note: perf_event_open failed, so the ins/op, cyc/op, IPC, bra/op and miss% columns are missing.
This is usually a container or VM without virtualized performance counters, or
/proc/sys/kernel/perf_event_paranoid being too restrictive.


| relative |              95% CI |             ns/tick |              tick/s |    err% |     total | NBody/Ordered/64
|---------:|--------------------:|--------------------:|--------------------:|--------:|----------:|:-----------------
|   100.0% |                     |           15,894.00 |           62,916.82 |    0.7% |      0.00 | `NBody/Ordered/HandWritten/64`
|   101.3% |     93.9% .. 118.6% |           15,754.00 |           63,475.94 |    1.7% |      0.00 | `NBody/Ordered/ECS/64`
|   101.7% |     56.4% .. 119.4% |           16,510.00 |           60,569.35 |    6.3% |      0.00 | `NBody/Ordered/Native1/64`
|   102.1% |    100.9% .. 104.5% |           15,548.50 |           64,314.89 |    0.2% |      0.00 | `NBody/Ordered/Pipeline1/64`
|   102.2% |     18.0% .. 118.9% |           15,568.50 |           64,232.26 |    0.3% |      0.00 | `NBody/Ordered/NativeG64x1/64`
|   101.8% |     80.8% .. 119.3% |           16,264.50 |           61,483.60 |    4.8% |      0.00 | `NBody/Ordered/PipelineG64x1/64`
|   101.5% |     94.3% .. 118.5% |           16,239.50 |           61,578.25 |    4.3% |      0.00 | `NBody/Ordered/Native2/64`
|   101.2% |     94.7% .. 118.5% |           16,284.50 |           61,408.09 |    3.4% |      0.00 | `NBody/Ordered/Pipeline2/64`
|   102.4% |     85.9% .. 119.0% |           15,533.50 |           64,376.99 |    0.4% |      0.00 | `NBody/Ordered/NativeG64x2/64`
|   101.5% |     80.9% .. 119.1% |           15,809.00 |           63,255.11 |    2.1% |      0.00 | `NBody/Ordered/PipelineG64x2/64`
|   101.9% |     47.2% .. 118.7% |           15,878.50 |           62,978.24 |    2.4% |      0.00 | `NBody/Ordered/Native4/64`
|    98.8% |     94.3% .. 128.6% |           16,289.50 |           61,389.24 |    3.9% |      0.00 | `NBody/Ordered/Pipeline4/64`
|   101.2% |     94.2% .. 119.5% |           16,355.00 |           61,143.38 |    3.2% |      0.00 | `NBody/Ordered/NativeG64x4/64`
|    95.2% |     53.8% .. 106.4% |           16,735.50 |           59,753.22 |    7.9% |      0.00 | `NBody/Ordered/PipelineG64x4/64`

  Summary
    `NBody/Ordered/NativeG64x2/64` and `NBody/Ordered/Pipeline1/64` are the two fastest of 14, and were not separated
    95% CI [0.83 .. 1.02], intervals corrected for 13 comparisons, 14 paired rounds, interleaved

| relative |              95% CI |             ns/tick |              tick/s |    err% |     total | NBody/MatchedNative1/64
|---------:|--------------------:|--------------------:|--------------------:|--------:|----------:|:------------------------
|   100.0% |                     |           16,019.50 |           62,423.92 |    0.6% |      0.00 | `NBody/MatchedNative1/HandWritten/64`
|   103.1% |    102.5% .. 104.7% |           15,544.00 |           64,333.50 |    0.7% |      0.00 | `NBody/MatchedNative1/ECS/64`

  Summary
    `NBody/MatchedNative1/ECS/64` ran 1.03x faster than `NBody/MatchedNative1/HandWritten/64`
    95% CI [1.03 .. 1.05], 12 paired rounds, interleaved

| relative |              95% CI |             ns/tick |              tick/s |    err% |     total | NBody/MatchedPipeline1/64
|---------:|--------------------:|--------------------:|--------------------:|--------:|----------:|:--------------------------
|   100.0% |                     |           15,328.50 |           65,237.96 |    0.2% |      0.00 | `NBody/MatchedPipeline1/HandWritten/64`
|    98.3% |      97.9% .. 98.9% |           15,594.00 |           64,127.23 |    0.3% |      0.00 | `NBody/MatchedPipeline1/ECS/64`

  Summary
    `NBody/MatchedPipeline1/ECS/64` ran 1.02x slower than `NBody/MatchedPipeline1/HandWritten/64`
    95% CI [1.01 .. 1.02], 12 paired rounds, interleaved

| relative |              95% CI |             ns/tick |              tick/s |    err% |     total | NBody/MatchedNative2/64
|---------:|--------------------:|--------------------:|--------------------:|--------:|----------:|:------------------------
|   100.0% |                     |           16,184.50 |           61,787.51 |    0.6% |      0.00 | `NBody/MatchedNative2/HandWritten/64`
|   104.5% |    103.7% .. 105.7% |           15,508.00 |           64,482.85 |    0.3% |      0.00 | `NBody/MatchedNative2/ECS/64`

  Summary
    `NBody/MatchedNative2/ECS/64` ran 1.04x faster than `NBody/MatchedNative2/HandWritten/64`
    95% CI [1.04 .. 1.06], 12 paired rounds, interleaved

| relative |              95% CI |             ns/tick |              tick/s |    err% |     total | NBody/MatchedPipeline2/64
|---------:|--------------------:|--------------------:|--------------------:|--------:|----------:|:--------------------------
|   100.0% |                     |           15,333.50 |           65,216.68 |    0.2% |      0.00 | `NBody/MatchedPipeline2/HandWritten/64`
|    98.5% |      98.3% .. 98.9% |           15,553.00 |           64,296.28 |    0.1% |      0.00 | `NBody/MatchedPipeline2/ECS/64`

  Summary
    `NBody/MatchedPipeline2/ECS/64` ran 1.02x slower than `NBody/MatchedPipeline2/HandWritten/64`
    95% CI [1.01 .. 1.02], 12 paired rounds, interleaved

| relative |              95% CI |             ns/tick |              tick/s |    err% |     total | NBody/MatchedNative4/64
|---------:|--------------------:|--------------------:|--------------------:|--------:|----------:|:------------------------
|   100.0% |                     |           16,149.50 |           61,921.42 |    0.7% |      0.00 | `NBody/MatchedNative4/HandWritten/64`
|   104.5% |    103.6% .. 105.7% |           15,483.00 |           64,586.97 |    0.1% |      0.00 | `NBody/MatchedNative4/ECS/64`

  Summary
    `NBody/MatchedNative4/ECS/64` ran 1.04x faster than `NBody/MatchedNative4/HandWritten/64`
    95% CI [1.04 .. 1.06], 12 paired rounds, interleaved

| relative |              95% CI |             ns/tick |              tick/s |    err% |     total | NBody/MatchedPipeline4/64
|---------:|--------------------:|--------------------:|--------------------:|--------:|----------:|:--------------------------
|   100.0% |                     |           15,333.00 |           65,218.81 |    0.1% |      0.00 | `NBody/MatchedPipeline4/HandWritten/64`
|    99.1% |      98.7% .. 99.6% |           15,494.00 |           64,541.11 |    0.3% |      0.00 | `NBody/MatchedPipeline4/ECS/64`

  Summary
    `NBody/MatchedPipeline4/ECS/64` ran 1.01x slower than `NBody/MatchedPipeline4/HandWritten/64`
    95% CI [1.00 .. 1.01], 12 paired rounds, interleaved

| relative |              95% CI |             ns/tick |              tick/s |    err% |     total | NBody/Ordered/1024
|---------:|--------------------:|--------------------:|--------------------:|--------:|----------:|:-------------------
|   100.0% |                     |        4,359,933.00 |              229.36 |    5.5% |      0.06 | `NBody/Ordered/HandWritten/1024`
|   101.5% |     97.7% .. 114.0% |        4,168,134.00 |              239.92 |    3.2% |      0.06 | `NBody/Ordered/ECS/1024`
|   101.3% |     93.8% .. 109.3% |        4,382,462.50 |              228.18 |    2.1% |      0.06 | `NBody/Ordered/Native1/1024`
|   101.5% |     96.0% .. 108.0% |        4,388,185.50 |              227.88 |    3.2% |      0.06 | `NBody/Ordered/Pipeline1/1024`
|   101.0% |     92.7% .. 111.3% |        4,245,641.00 |              235.54 |    3.8% |      0.06 | `NBody/Ordered/NativeG64x1/1024`
|    99.4% |     91.6% .. 114.0% |        4,331,360.00 |              230.87 |    3.9% |      0.06 | `NBody/Ordered/PipelineG64x1/1024`
|   100.9% |     91.8% .. 112.8% |        4,300,613.50 |              232.52 |    3.6% |      0.06 | `NBody/Ordered/Native2/1024`
|   101.1% |     94.9% .. 111.7% |        4,360,499.00 |              229.33 |    6.2% |      0.06 | `NBody/Ordered/Pipeline2/1024`
|   188.5% |    175.8% .. 214.1% |        2,306,337.00 |              433.59 |    3.7% |      0.03 | `NBody/Ordered/NativeG64x2/1024`
|   183.0% |    129.0% .. 212.3% |        2,385,281.50 |              419.24 |   10.5% |      0.04 | `NBody/Ordered/PipelineG64x2/1024`
|   101.0% |     95.3% .. 113.7% |        4,202,095.00 |              237.98 |    4.2% |      0.06 | `NBody/Ordered/Native4/1024`
|    96.5% |     93.4% .. 109.9% |        4,379,582.50 |              228.33 |    4.5% |      0.06 | `NBody/Ordered/Pipeline4/1024`
|   275.9% |    236.5% .. 341.1% |        1,570,898.00 |              636.58 |    1.5% |      0.02 | `NBody/Ordered/NativeG64x4/1024`
|   202.7% |    192.1% .. 219.3% |        2,116,666.00 |              472.44 |    1.3% |      0.03 | `NBody/Ordered/PipelineG64x4/1024`

  Summary
    `NBody/Ordered/NativeG64x4/1024` is fastest of 14, 1.35x ahead of `NBody/Ordered/PipelineG64x4/1024`
    95% CI [1.26 .. 1.54], intervals corrected for 13 comparisons, 14 paired rounds, interleaved

| relative |              95% CI |             ns/tick |              tick/s |    err% |     total | NBody/MatchedNative1/1024
|---------:|--------------------:|--------------------:|--------------------:|--------:|----------:|:--------------------------
|   100.0% |                     |        4,227,087.50 |              236.57 |    4.2% |      0.05 | `NBody/MatchedNative1/HandWritten/1024`
|   101.4% |    100.5% .. 104.1% |        4,191,123.50 |              238.60 |    3.7% |      0.05 | `NBody/MatchedNative1/ECS/1024`

  Summary
    `NBody/MatchedNative1/ECS/1024` ran 1.01x faster than `NBody/MatchedNative1/HandWritten/1024`
    95% CI [1.00 .. 1.04], 12 paired rounds, interleaved

| relative |              95% CI |             ns/tick |              tick/s |    err% |     total | NBody/MatchedPipeline1/1024
|---------:|--------------------:|--------------------:|--------------------:|--------:|----------:|:----------------------------
|   100.0% |                     |        4,196,872.50 |              238.27 |    4.2% |      0.05 | `NBody/MatchedPipeline1/HandWritten/1024`
|   100.0% |     96.7% .. 105.5% |        4,265,780.50 |              234.42 |    3.6% |      0.05 | `NBody/MatchedPipeline1/ECS/1024`

  Summary
    no difference resolved between `NBody/MatchedPipeline1/HandWritten/1024` and `NBody/MatchedPipeline1/ECS/1024`
    ratio 1.00x, 95% CI [0.97 .. 1.05], 12 paired rounds, interleaved

| relative |              95% CI |             ns/tick |              tick/s |    err% |     total | NBody/MatchedNative2/1024
|---------:|--------------------:|--------------------:|--------------------:|--------:|----------:|:--------------------------
|   100.0% |                     |        2,134,032.50 |              468.60 |    3.2% |      0.03 | `NBody/MatchedNative2/HandWritten/1024`
|    54.1% |     51.3% .. 102.2% |        4,029,354.50 |              248.18 |    1.5% |      0.04 | `NBody/MatchedNative2/ECS/1024`

  Summary
    no difference resolved between `NBody/MatchedNative2/HandWritten/1024` and `NBody/MatchedNative2/ECS/1024`
    ratio 0.54x, 95% CI [0.51 .. 1.02], 12 paired rounds, interleaved

| relative |              95% CI |             ns/tick |              tick/s |    err% |     total | NBody/MatchedPipeline2/1024
|---------:|--------------------:|--------------------:|--------------------:|--------:|----------:|:----------------------------
|   100.0% |                     |        2,236,592.00 |              447.11 |    2.6% |      0.03 | `NBody/MatchedPipeline2/HandWritten/1024`
|   101.0% |     96.5% .. 104.7% |        2,239,251.00 |              446.58 |    4.1% |      0.03 | `NBody/MatchedPipeline2/ECS/1024`

  Summary
    no difference resolved between `NBody/MatchedPipeline2/HandWritten/1024` and `NBody/MatchedPipeline2/ECS/1024`
    ratio 1.01x, 95% CI [0.97 .. 1.05], 12 paired rounds, interleaved

| relative |              95% CI |             ns/tick |              tick/s |    err% |     total | NBody/MatchedNative4/1024
|---------:|--------------------:|--------------------:|--------------------:|--------:|----------:|:--------------------------
|   100.0% |                     |        1,534,829.00 |              651.54 |    0.5% |      0.02 | `NBody/MatchedNative4/HandWritten/1024`
|    99.2% |     96.9% .. 100.9% |        1,554,223.00 |              643.41 |    1.3% |      0.02 | `NBody/MatchedNative4/ECS/1024`

  Summary
    no difference resolved between `NBody/MatchedNative4/HandWritten/1024` and `NBody/MatchedNative4/ECS/1024`
    ratio 0.99x, 95% CI [0.97 .. 1.01], 12 paired rounds, interleaved

| relative |              95% CI |             ns/tick |              tick/s |    err% |     total | NBody/MatchedPipeline4/1024
|---------:|--------------------:|--------------------:|--------------------:|--------:|----------:|:----------------------------
|   100.0% |                     |        2,125,429.50 |              470.49 |    2.4% |      0.03 | `NBody/MatchedPipeline4/HandWritten/1024`
|   147.7% |    101.1% .. 175.1% |        1,551,093.50 |              644.71 |   22.2% |      0.02 | `NBody/MatchedPipeline4/ECS/1024`

  Summary
    `NBody/MatchedPipeline4/ECS/1024` ran 1.48x faster than `NBody/MatchedPipeline4/HandWritten/1024`
    95% CI [1.01 .. 1.75], 12 paired rounds, interleaved

| relative |              95% CI |             ns/tick |              tick/s |    err% |     total | NBody/Ordered/4096
|---------:|--------------------:|--------------------:|--------------------:|--------:|----------:|:-------------------
|   100.0% |                     |       70,519,599.50 |               14.18 |    1.4% |      0.99 | `NBody/Ordered/HandWritten/4096`
|    99.4% |     94.9% .. 103.4% |       71,042,563.00 |               14.08 |    2.8% |      1.03 | `NBody/Ordered/ECS/4096`
|   101.1% |     97.4% .. 108.9% |       69,738,677.00 |               14.34 |    2.5% |      0.98 | `NBody/Ordered/Native1/4096`
|   100.0% |     95.2% .. 103.1% |       69,576,858.00 |               14.37 |    2.6% |      0.99 | `NBody/Ordered/Pipeline1/4096`
|    96.8% |     93.5% .. 101.6% |       71,775,707.50 |               13.93 |    2.5% |      1.02 | `NBody/Ordered/NativeG64x1/4096`
|    99.2% |     97.2% .. 105.0% |       70,945,931.50 |               14.10 |    2.9% |      0.99 | `NBody/Ordered/PipelineG64x1/4096`
|   194.3% |    163.1% .. 207.1% |       36,268,563.50 |               27.57 |    3.7% |      0.54 | `NBody/Ordered/Native2/4096`
|   197.5% |    156.6% .. 210.9% |       36,619,822.50 |               27.31 |    3.5% |      0.53 | `NBody/Ordered/Pipeline2/4096`
|   202.3% |    193.6% .. 210.2% |       34,740,439.00 |               28.78 |    2.7% |      0.50 | `NBody/Ordered/NativeG64x2/4096`
|   199.7% |    118.1% .. 206.3% |       35,954,434.00 |               27.81 |    2.9% |      0.56 | `NBody/Ordered/PipelineG64x2/4096`
|   330.3% |    220.8% .. 405.4% |       21,183,601.00 |               47.21 |   16.0% |      0.33 | `NBody/Ordered/Native4/4096`
|   329.0% |    221.3% .. 383.8% |       21,582,812.50 |               46.33 |   19.1% |      0.34 | `NBody/Ordered/Pipeline4/4096`
|   381.7% |    291.2% .. 405.9% |       18,229,267.50 |               54.86 |    3.7% |      0.28 | `NBody/Ordered/NativeG64x4/4096`
|   316.7% |    216.9% .. 387.3% |       22,146,637.50 |               45.15 |   12.8% |      0.34 | `NBody/Ordered/PipelineG64x4/4096`

  Summary
    `NBody/Ordered/NativeG64x4/4096` and `NBody/Ordered/Native4/4096` are the two fastest of 14, and were not separated
    95% CI [0.98 .. 1.40], intervals corrected for 13 comparisons, 14 paired rounds, interleaved

| relative |              95% CI |             ns/tick |              tick/s |    err% |     total | NBody/MatchedNative1/4096
|---------:|--------------------:|--------------------:|--------------------:|--------:|----------:|:--------------------------
|   100.0% |                     |       68,226,377.50 |               14.66 |    1.4% |      0.82 | `NBody/MatchedNative1/HandWritten/4096`
|   100.6% |     96.7% .. 101.8% |       68,925,426.50 |               14.51 |    1.7% |      0.83 | `NBody/MatchedNative1/ECS/4096`

  Summary
    no difference resolved between `NBody/MatchedNative1/HandWritten/4096` and `NBody/MatchedNative1/ECS/4096`
    ratio 1.01x, 95% CI [0.97 .. 1.02], 12 paired rounds, interleaved

| relative |              95% CI |             ns/tick |              tick/s |    err% |     total | NBody/MatchedPipeline1/4096
|---------:|--------------------:|--------------------:|--------------------:|--------:|----------:|:----------------------------
|   100.0% |                     |       68,610,387.50 |               14.58 |    1.3% |      0.83 | `NBody/MatchedPipeline1/HandWritten/4096`
|    99.5% |     97.8% .. 101.5% |       68,874,159.50 |               14.52 |    1.4% |      0.83 | `NBody/MatchedPipeline1/ECS/4096`

  Summary
    no difference resolved between `NBody/MatchedPipeline1/HandWritten/4096` and `NBody/MatchedPipeline1/ECS/4096`
    ratio 0.99x, 95% CI [0.98 .. 1.02], 12 paired rounds, interleaved

| relative |              95% CI |             ns/tick |              tick/s |    err% |     total | NBody/MatchedNative2/4096
|---------:|--------------------:|--------------------:|--------------------:|--------:|----------:|:--------------------------
|   100.0% |                     |       34,788,897.50 |               28.74 |    1.5% |      0.42 | `NBody/MatchedNative2/HandWritten/4096`
|    99.8% |     98.7% .. 101.7% |       34,820,555.50 |               28.72 |    1.1% |      0.42 | `NBody/MatchedNative2/ECS/4096`

  Summary
    no difference resolved between `NBody/MatchedNative2/HandWritten/4096` and `NBody/MatchedNative2/ECS/4096`
    ratio 1.00x, 95% CI [0.99 .. 1.02], 12 paired rounds, interleaved

| relative |              95% CI |             ns/tick |              tick/s |    err% |     total | NBody/MatchedPipeline2/4096
|---------:|--------------------:|--------------------:|--------------------:|--------:|----------:|:----------------------------
|   100.0% |                     |       35,603,581.00 |               28.09 |    1.9% |      0.43 | `NBody/MatchedPipeline2/HandWritten/4096`
|    96.6% |     92.0% .. 101.4% |       36,348,018.50 |               27.51 |    2.0% |      0.44 | `NBody/MatchedPipeline2/ECS/4096`

  Summary
    no difference resolved between `NBody/MatchedPipeline2/HandWritten/4096` and `NBody/MatchedPipeline2/ECS/4096`
    ratio 0.97x, 95% CI [0.92 .. 1.01], 12 paired rounds, interleaved

| relative |              95% CI |             ns/tick |              tick/s |    err% |     total | NBody/MatchedNative4/4096
|---------:|--------------------:|--------------------:|--------------------:|--------:|----------:|:--------------------------
|   100.0% |                     |       17,941,138.00 |               55.74 |    2.6% |      0.22 | `NBody/MatchedNative4/HandWritten/4096`
|    98.1% |     95.8% .. 100.7% |       18,374,341.00 |               54.42 |    3.0% |      0.23 | `NBody/MatchedNative4/ECS/4096`

  Summary
    no difference resolved between `NBody/MatchedNative4/HandWritten/4096` and `NBody/MatchedNative4/ECS/4096`
    ratio 0.98x, 95% CI [0.96 .. 1.01], 12 paired rounds, interleaved

| relative |              95% CI |             ns/tick |              tick/s |    err% |     total | NBody/MatchedPipeline4/4096
|---------:|--------------------:|--------------------:|--------------------:|--------:|----------:|:----------------------------
|   100.0% |                     |       18,132,522.00 |               55.15 |    2.7% |      0.25 | `NBody/MatchedPipeline4/HandWritten/4096`
|    96.9% |     84.9% .. 102.1% |       18,813,979.00 |               53.15 |    5.5% |      0.27 | `NBody/MatchedPipeline4/ECS/4096`

  Summary
    no difference resolved between `NBody/MatchedPipeline4/HandWritten/4096` and `NBody/MatchedPipeline4/ECS/4096`
    ratio 0.97x, 95% CI [0.85 .. 1.02], 12 paired rounds, interleaved
