Note: perf_event_open failed, so the ins/op, cyc/op, IPC, bra/op and miss% columns are missing.
This is usually a container or VM without virtualized performance counters, or
/proc/sys/kernel/perf_event_paranoid being too restrictive.


| relative |              95% CI |             ns/pass |              pass/s |    err% |     total | RowDispatch/Coherent/64
|---------:|--------------------:|--------------------:|--------------------:|--------:|----------:|:------------------------
|   100.0% |                     |               14.00 |       71,449,710.40 |    1.5% |      0.01 | `RowDispatch/Coherent/HandWritten/64`
|    67.8% |      65.6% .. 70.8% |               20.65 |       48,430,715.12 |    1.7% |      0.01 | `RowDispatch/Coherent/Each/64`
|    10.1% |       9.8% .. 10.5% |              139.33 |        7,177,273.06 |    1.3% |      0.07 | `RowDispatch/Coherent/Grain1/64`
|    61.6% |      54.6% .. 63.7% |               22.35 |       44,741,264.24 |    1.8% |      0.01 | `RowDispatch/Coherent/Grain64/64`
|    81.1% |      73.8% .. 83.6% |               17.40 |       57,462,213.81 |    1.3% |      0.01 | `RowDispatch/Coherent/Grain1024/64`

  Summary
    `RowDispatch/Coherent/HandWritten/64` is fastest of 5, 1.23x ahead of `RowDispatch/Coherent/Grain1024/64`
    95% CI [1.20 .. 1.35], intervals corrected for 4 comparisons, 15 paired rounds, interleaved

| relative |              95% CI |             ns/pass |              pass/s |    err% |     total | RowDispatch/Fragmented/64
|---------:|--------------------:|--------------------:|--------------------:|--------:|----------:|:--------------------------
|   100.0% |                     |               15.34 |       65,202,395.14 |    3.1% |      0.01 | `RowDispatch/Fragmented/HandWritten/64`
|    75.3% |      73.0% .. 81.3% |               20.42 |       48,980,016.18 |    1.8% |      0.01 | `RowDispatch/Fragmented/Each/64`
|    11.0% |      10.9% .. 12.4% |              137.25 |        7,285,715.70 |    0.2% |      0.06 | `RowDispatch/Fragmented/Grain1/64`
|    63.2% |      58.6% .. 72.0% |               24.20 |       41,329,020.23 |    1.5% |      0.01 | `RowDispatch/Fragmented/Grain64/64`
|    74.4% |      70.6% .. 79.8% |               20.92 |       47,804,848.66 |    3.2% |      0.01 | `RowDispatch/Fragmented/Grain1024/64`

  Summary
    `RowDispatch/Fragmented/HandWritten/64` is fastest of 5, 1.33x ahead of `RowDispatch/Fragmented/Each/64`
    95% CI [1.23 .. 1.37], intervals corrected for 4 comparisons, 15 paired rounds, interleaved

| relative |              95% CI |             ns/pass |              pass/s |    err% |     total | RowDispatch/Coherent/4096
|---------:|--------------------:|--------------------:|--------------------:|--------:|----------:|:--------------------------
|   100.0% |                     |              682.81 |        1,464,545.61 |    0.9% |      0.01 | `RowDispatch/Coherent/HandWritten/4096`
|    59.2% |      56.5% .. 60.6% |            1,146.54 |          872,191.39 |    1.1% |      0.02 | `RowDispatch/Coherent/Each/4096`
|     7.7% |        7.6% .. 7.8% |            8,863.99 |          112,816.03 |    1.3% |      0.18 | `RowDispatch/Coherent/Grain1/4096`
|    64.6% |      58.5% .. 66.3% |            1,053.12 |          949,559.71 |    1.9% |      0.02 | `RowDispatch/Coherent/Grain64/4096`
|    99.3% |     96.6% .. 100.8% |              690.24 |        1,448,771.25 |    1.3% |      0.01 | `RowDispatch/Coherent/Grain1024/4096`

  Summary
    `RowDispatch/Coherent/HandWritten/4096` and `RowDispatch/Coherent/Grain1024/4096` are the two fastest of 5, and were not separated
    95% CI [0.99 .. 1.04], intervals corrected for 4 comparisons, 15 paired rounds, interleaved

| relative |              95% CI |             ns/pass |              pass/s |    err% |     total | RowDispatch/Fragmented/4096
|---------:|--------------------:|--------------------:|--------------------:|--------:|----------:|:----------------------------
|   100.0% |                     |              682.75 |        1,464,667.90 |    0.9% |      0.02 | `RowDispatch/Fragmented/HandWritten/4096`
|    58.2% |      55.7% .. 59.6% |            1,165.49 |          858,008.42 |    1.3% |      0.03 | `RowDispatch/Fragmented/Each/4096`
|     7.7% |        7.6% .. 8.0% |            8,753.94 |          114,234.23 |    1.2% |      0.19 | `RowDispatch/Fragmented/Grain1/4096`
|    65.1% |      59.8% .. 66.9% |            1,051.07 |          951,410.30 |    2.1% |      0.02 | `RowDispatch/Fragmented/Grain64/4096`
|    97.2% |      92.9% .. 99.7% |              697.38 |        1,433,936.77 |    1.4% |      0.02 | `RowDispatch/Fragmented/Grain1024/4096`

  Summary
    `RowDispatch/Fragmented/HandWritten/4096` is fastest of 5, 1.03x ahead of `RowDispatch/Fragmented/Grain1024/4096`
    95% CI [1.00 .. 1.08], intervals corrected for 4 comparisons, 15 paired rounds, interleaved

| relative |              95% CI |             ns/pass |              pass/s |    err% |     total | RowDispatch/Coherent/100000
|---------:|--------------------:|--------------------:|--------------------:|--------:|----------:|:----------------------------
|   100.0% |                     |           20,712.22 |           48,280.69 |    0.7% |      0.02 | `RowDispatch/Coherent/HandWritten/100000`
|    72.7% |      70.2% .. 74.8% |           28,122.41 |           35,558.83 |    1.4% |      0.02 | `RowDispatch/Coherent/Each/100000`
|     9.7% |        9.0% .. 9.8% |          216,267.24 |            4,623.91 |    1.7% |      0.17 | `RowDispatch/Coherent/Grain1/100000`
|    77.1% |      72.8% .. 78.8% |           26,959.47 |           37,092.72 |    1.4% |      0.02 | `RowDispatch/Coherent/Grain64/100000`
|    96.9% |     90.0% .. 100.0% |           21,407.96 |           46,711.60 |    2.1% |      0.02 | `RowDispatch/Coherent/Grain1024/100000`

  Summary
    `RowDispatch/Coherent/HandWritten/100000` is fastest of 5, 1.03x ahead of `RowDispatch/Coherent/Grain1024/100000`
    95% CI [1.00 .. 1.11], intervals corrected for 4 comparisons, 15 paired rounds, interleaved
