Note: perf_event_open failed, so the ins/op, cyc/op, IPC, bra/op and miss% columns are missing.
This is usually a container or VM without virtualized performance counters, or
/proc/sys/kernel/perf_event_paranoid being too restrictive.


| relative |              95% CI |             ns/pass |              pass/s |    err% |     total | RowDispatch/Coherent/64
|---------:|--------------------:|--------------------:|--------------------:|--------:|----------:|:------------------------
|   100.0% |                     |               15.44 |       64,760,844.08 |    8.7% |      0.01 | `RowDispatch/Coherent/HandWritten/64`
|    69.2% |      55.9% .. 82.2% |               22.89 |       43,689,175.03 |    9.4% |      0.01 | `RowDispatch/Coherent/Each/64`
|    10.1% |       9.6% .. 12.0% |              151.76 |        6,589,203.46 |    3.2% |      0.07 | `RowDispatch/Coherent/Grain1/64`
|    68.6% |      53.7% .. 75.8% |               24.15 |       41,402,830.79 |    8.2% |      0.01 | `RowDispatch/Coherent/Grain64/64`
|    85.2% |     77.1% .. 100.3% |               18.17 |       55,037,628.54 |    2.3% |      0.01 | `RowDispatch/Coherent/Grain1024/64`

  Summary
    `RowDispatch/Coherent/HandWritten/64` and `RowDispatch/Coherent/Grain1024/64` are the two fastest of 5, and were not separated
    95% CI [1.00 .. 1.30], intervals corrected for 4 comparisons, 15 paired rounds, interleaved

| relative |              95% CI |             ns/pass |              pass/s |    err% |     total | RowDispatch/Fragmented/64
|---------:|--------------------:|--------------------:|--------------------:|--------:|----------:|:--------------------------
|   100.0% |                     |               16.25 |       61,527,457.42 |    4.1% |      0.01 | `RowDispatch/Fragmented/HandWritten/64`
|    67.9% |      61.4% .. 94.4% |               24.02 |       41,630,172.22 |    5.9% |      0.01 | `RowDispatch/Fragmented/Each/64`
|    10.8% |       9.5% .. 11.4% |              153.31 |        6,522,652.17 |    6.0% |      0.07 | `RowDispatch/Fragmented/Grain1/64`
|    64.8% |      57.9% .. 75.8% |               25.08 |       39,865,002.03 |    3.5% |      0.01 | `RowDispatch/Fragmented/Grain64/64`
|    71.1% |      61.0% .. 90.2% |               22.89 |       43,683,402.53 |    7.9% |      0.01 | `RowDispatch/Fragmented/Grain1024/64`

  Summary
    `RowDispatch/Fragmented/HandWritten/64` is fastest of 5, 1.41x ahead of `RowDispatch/Fragmented/Grain1024/64`
    95% CI [1.11 .. 1.64], intervals corrected for 4 comparisons, 15 paired rounds, interleaved

| relative |              95% CI |             ns/pass |              pass/s |    err% |     total | RowDispatch/Coherent/4096
|---------:|--------------------:|--------------------:|--------------------:|--------:|----------:|:--------------------------
|   100.0% |                     |              799.24 |        1,251,193.20 |   10.4% |      0.02 | `RowDispatch/Coherent/HandWritten/4096`
|    59.2% |      48.0% .. 67.1% |            1,256.36 |          795,947.31 |    6.7% |      0.03 | `RowDispatch/Coherent/Each/4096`
|     7.7% |        6.6% .. 8.3% |           10,044.75 |           99,554.53 |    7.2% |      0.23 | `RowDispatch/Coherent/Grain1/4096`
|    62.8% |      55.9% .. 77.2% |            1,190.12 |          840,248.54 |   11.0% |      0.03 | `RowDispatch/Coherent/Grain64/4096`
|    99.3% |     85.0% .. 108.7% |              731.30 |        1,367,430.83 |    5.6% |      0.02 | `RowDispatch/Coherent/Grain1024/4096`

  Summary
    `RowDispatch/Coherent/Grain1024/4096` and `RowDispatch/Coherent/HandWritten/4096` are the two fastest of 5, and were not separated
    95% CI [0.85 .. 1.09], intervals corrected for 4 comparisons, 15 paired rounds, interleaved

| relative |              95% CI |             ns/pass |              pass/s |    err% |     total | RowDispatch/Fragmented/4096
|---------:|--------------------:|--------------------:|--------------------:|--------:|----------:|:----------------------------
|   100.0% |                     |              675.11 |        1,481,232.05 |    1.2% |      0.02 | `RowDispatch/Fragmented/HandWritten/4096`
|    58.2% |      57.3% .. 58.9% |            1,167.30 |          856,679.00 |    1.2% |      0.03 | `RowDispatch/Fragmented/Each/4096`
|     7.8% |        7.7% .. 9.1% |            8,660.01 |          115,473.31 |    1.0% |      0.21 | `RowDispatch/Fragmented/Grain1/4096`
|    64.3% |      62.8% .. 66.5% |            1,049.85 |          952,519.05 |    1.8% |      0.03 | `RowDispatch/Fragmented/Grain64/4096`
|    97.8% |     96.3% .. 112.6% |              691.32 |        1,446,502.41 |    1.0% |      0.02 | `RowDispatch/Fragmented/Grain1024/4096`

  Summary
    `RowDispatch/Fragmented/HandWritten/4096` and `RowDispatch/Fragmented/Grain1024/4096` are the two fastest of 5, and were not separated
    95% CI [0.89 .. 1.04], intervals corrected for 4 comparisons, 15 paired rounds, interleaved

| relative |              95% CI |             ns/pass |              pass/s |    err% |     total | RowDispatch/Coherent/100000
|---------:|--------------------:|--------------------:|--------------------:|--------:|----------:|:----------------------------
|   100.0% |                     |           25,045.69 |           39,927.04 |   10.2% |      0.02 | `RowDispatch/Coherent/HandWritten/100000`
|    67.7% |      53.1% .. 79.7% |           33,561.12 |           29,796.39 |   14.5% |      0.03 | `RowDispatch/Coherent/Each/100000`
|     9.1% |       8.0% .. 10.3% |          248,514.31 |            4,023.91 |   11.1% |      0.21 | `RowDispatch/Coherent/Grain1/100000`
|    77.0% |      68.4% .. 97.0% |           28,158.06 |           35,513.81 |    8.2% |      0.02 | `RowDispatch/Coherent/Grain64/100000`
|    98.6% |     90.1% .. 114.0% |           24,104.25 |           41,486.45 |   11.3% |      0.02 | `RowDispatch/Coherent/Grain1024/100000`

  Summary
    `RowDispatch/Coherent/Grain1024/100000` and `RowDispatch/Coherent/HandWritten/100000` are the two fastest of 5, and were not separated
    95% CI [0.90 .. 1.14], intervals corrected for 4 comparisons, 15 paired rounds, interleaved

| relative |              95% CI |             ns/pass |              pass/s |    err% |     total | RowDispatch/Fragmented/100000
|---------:|--------------------:|--------------------:|--------------------:|--------:|----------:|:------------------------------
|   100.0% |                     |           22,760.86 |           43,935.06 |    6.4% |      0.01 | `RowDispatch/Fragmented/HandWritten/100000`
|    74.5% |      58.1% .. 94.6% |           32,303.70 |           30,956.20 |    7.7% |      0.02 | `RowDispatch/Fragmented/Each/100000`
|     9.2% |       8.2% .. 13.0% |          255,368.62 |            3,915.91 |    5.7% |      0.14 | `RowDispatch/Fragmented/Grain1/100000`
|    76.5% |      62.4% .. 89.0% |           31,890.62 |           31,357.18 |   12.6% |      0.02 | `RowDispatch/Fragmented/Grain64/100000`
|    99.4% |     74.8% .. 121.9% |           25,697.76 |           38,913.90 |    8.9% |      0.02 | `RowDispatch/Fragmented/Grain1024/100000`

  Summary
    `RowDispatch/Fragmented/HandWritten/100000` and `RowDispatch/Fragmented/Grain1024/100000` are the two fastest of 5, and were not separated
    95% CI [0.82 .. 1.34], intervals corrected for 4 comparisons, 15 paired rounds, interleaved
