Note: perf_event_open failed, so the ins/op, cyc/op, IPC, bra/op and miss% columns are missing.
This is usually a container or VM without virtualized performance counters, or
/proc/sys/kernel/perf_event_paranoid being too restrictive.


| relative |              95% CI |             ns/tick |              tick/s |    err% |     total | NBody/Ordered/64
|---------:|--------------------:|--------------------:|--------------------:|--------:|----------:|:-----------------
|   100.0% |                     |           15,899.00 |           62,897.04 |    0.2% |      0.00 | `NBody/Ordered/HandWritten/64`
|   102.1% |    101.0% .. 103.9% |           15,608.50 |           64,067.66 |    0.4% |      0.00 | `NBody/Ordered/ECS/64`
|   101.9% |    101.5% .. 102.2% |           15,608.50 |           64,067.66 |    0.3% |      0.00 | `NBody/Ordered/Native1/64`
|   102.1% |    101.5% .. 102.8% |           15,568.50 |           64,232.26 |    0.3% |      0.00 | `NBody/Ordered/Pipeline1/64`
|   101.8% |     91.5% .. 103.3% |           15,608.50 |           64,067.66 |    0.3% |      0.00 | `NBody/Ordered/NativeG64x1/64`
|   102.2% |    101.6% .. 103.1% |           15,568.00 |           64,234.33 |    0.3% |      0.00 | `NBody/Ordered/PipelineG64x1/64`
|   102.0% |    101.3% .. 104.0% |           15,588.50 |           64,149.85 |    0.3% |      0.00 | `NBody/Ordered/Native2/64`
|   102.5% |    101.9% .. 103.6% |           15,538.50 |           64,356.28 |    0.2% |      0.00 | `NBody/Ordered/Pipeline2/64`
|   102.0% |    101.1% .. 103.1% |           15,588.50 |           64,149.85 |    0.2% |      0.00 | `NBody/Ordered/NativeG64x2/64`
|   102.4% |    102.0% .. 102.7% |           15,549.00 |           64,312.82 |    0.2% |      0.00 | `NBody/Ordered/PipelineG64x2/64`
|   102.0% |    101.7% .. 104.9% |           15,574.00 |           64,209.58 |    0.2% |      0.00 | `NBody/Ordered/Native4/64`
|   102.3% |    101.7% .. 105.3% |           15,543.50 |           64,335.57 |    0.1% |      0.00 | `NBody/Ordered/Pipeline4/64`
|   102.1% |    101.5% .. 103.4% |           15,559.00 |           64,271.48 |    0.1% |      0.00 | `NBody/Ordered/NativeG64x4/64`
|   102.5% |    102.0% .. 103.8% |           15,518.50 |           64,439.22 |    0.2% |      0.00 | `NBody/Ordered/PipelineG64x4/64`

  Summary
    `NBody/Ordered/PipelineG64x4/64` and `NBody/Ordered/Pipeline2/64` are the two fastest of 14, and were not separated
    95% CI [1.00 .. 1.00], intervals corrected for 13 comparisons, 14 paired rounds, interleaved

| relative |              95% CI |             ns/tick |              tick/s |    err% |     total | NBody/MatchedNative1/64
|---------:|--------------------:|--------------------:|--------------------:|--------:|----------:|:------------------------
|   100.0% |                     |           15,583.50 |           64,170.44 |    0.3% |      0.00 | `NBody/MatchedNative1/HandWritten/64`
|   100.1% |     80.2% .. 100.6% |           15,568.50 |           64,232.26 |    0.5% |      0.00 | `NBody/MatchedNative1/ECS/64`

  Summary
    no difference resolved between `NBody/MatchedNative1/HandWritten/64` and `NBody/MatchedNative1/ECS/64`
    ratio 1.00x, 95% CI [0.80 .. 1.01], 12 paired rounds, interleaved
    up to 1 of 12 rounds tied at the clock's resolution

| relative |              95% CI |             ns/tick |              tick/s |    err% |     total | NBody/MatchedPipeline1/64
|---------:|--------------------:|--------------------:|--------------------:|--------:|----------:|:--------------------------
|   100.0% |                     |           15,338.50 |           65,195.42 |    0.1% |      0.00 | `NBody/MatchedPipeline1/HandWritten/64`
|    98.8% |      98.7% .. 99.0% |           15,523.50 |           64,418.46 |    0.2% |      0.00 | `NBody/MatchedPipeline1/ECS/64`

  Summary
    `NBody/MatchedPipeline1/ECS/64` ran 1.01x slower than `NBody/MatchedPipeline1/HandWritten/64`
    95% CI [1.01 .. 1.01], 12 paired rounds, interleaved

| relative |              95% CI |             ns/tick |              tick/s |    err% |     total | NBody/MatchedNative2/64
|---------:|--------------------:|--------------------:|--------------------:|--------:|----------:|:------------------------
|   100.0% |                     |           15,643.50 |           63,924.31 |    0.5% |      0.00 | `NBody/MatchedNative2/HandWritten/64`
|   100.9% |    100.1% .. 101.5% |           15,524.00 |           64,416.39 |    0.1% |      0.00 | `NBody/MatchedNative2/ECS/64`

  Summary
    `NBody/MatchedNative2/ECS/64` ran 1.01x faster than `NBody/MatchedNative2/HandWritten/64`
    95% CI [1.00 .. 1.02], 12 paired rounds, interleaved

| relative |              95% CI |             ns/tick |              tick/s |    err% |     total | NBody/MatchedPipeline2/64
|---------:|--------------------:|--------------------:|--------------------:|--------:|----------:|:--------------------------
|   100.0% |                     |           15,333.50 |           65,216.68 |    0.3% |      0.00 | `NBody/MatchedPipeline2/HandWritten/64`
|    98.8% |      98.3% .. 99.3% |           15,529.00 |           64,395.65 |    0.3% |      0.00 | `NBody/MatchedPipeline2/ECS/64`

  Summary
    `NBody/MatchedPipeline2/ECS/64` ran 1.01x slower than `NBody/MatchedPipeline2/HandWritten/64`
    95% CI [1.01 .. 1.02], 12 paired rounds, interleaved

| relative |              95% CI |             ns/tick |              tick/s |    err% |     total | NBody/MatchedNative4/64
|---------:|--------------------:|--------------------:|--------------------:|--------:|----------:|:------------------------
|   100.0% |                     |           15,728.50 |           63,578.85 |    0.6% |      0.00 | `NBody/MatchedNative4/HandWritten/64`
|   101.0% |    100.6% .. 102.4% |           15,523.00 |           64,420.54 |    0.2% |      0.00 | `NBody/MatchedNative4/ECS/64`

  Summary
    `NBody/MatchedNative4/ECS/64` ran 1.01x faster than `NBody/MatchedNative4/HandWritten/64`
    95% CI [1.01 .. 1.02], 12 paired rounds, interleaved

| relative |              95% CI |             ns/tick |              tick/s |    err% |     total | NBody/MatchedPipeline4/64
|---------:|--------------------:|--------------------:|--------------------:|--------:|----------:|:--------------------------
|   100.0% |                     |           15,318.00 |           65,282.67 |    0.1% |      0.00 | `NBody/MatchedPipeline4/HandWritten/64`
|    98.9% |      98.5% .. 99.2% |           15,528.50 |           64,397.72 |    0.2% |      0.00 | `NBody/MatchedPipeline4/ECS/64`

  Summary
    `NBody/MatchedPipeline4/ECS/64` ran 1.01x slower than `NBody/MatchedPipeline4/HandWritten/64`
    95% CI [1.01 .. 1.02], 12 paired rounds, interleaved
    up to 1 of 12 rounds tied at the clock's resolution

| relative |              95% CI |             ns/tick |              tick/s |    err% |     total | NBody/Ordered/1024
|---------:|--------------------:|--------------------:|--------------------:|--------:|----------:|:-------------------
|   100.0% |                     |        4,500,481.50 |              222.20 |    5.3% |      0.07 | `NBody/Ordered/HandWritten/1024`
|   100.3% |     94.3% .. 139.6% |        4,436,455.00 |              225.41 |    2.3% |      0.06 | `NBody/Ordered/ECS/1024`
|   104.6% |     95.4% .. 145.9% |        4,379,213.50 |              228.35 |    3.7% |      0.06 | `NBody/Ordered/Native1/1024`
|   101.7% |     90.4% .. 153.6% |        4,382,428.50 |              228.18 |    2.6% |      0.06 | `NBody/Ordered/Pipeline1/1024`
|   102.7% |     96.0% .. 148.0% |        4,368,357.00 |              228.92 |    3.7% |      0.06 | `NBody/Ordered/NativeG64x1/1024`
|   103.7% |     93.0% .. 136.2% |        4,333,479.00 |              230.76 |    4.8% |      0.06 | `NBody/Ordered/PipelineG64x1/1024`
|   102.4% |     87.0% .. 154.6% |        4,374,651.50 |              228.59 |    4.3% |      0.06 | `NBody/Ordered/Native2/1024`
|   101.3% |     87.6% .. 155.1% |        4,464,077.00 |              224.01 |    4.1% |      0.06 | `NBody/Ordered/Pipeline2/1024`
|   190.9% |    176.6% .. 226.1% |        2,304,703.00 |              433.90 |    3.0% |      0.03 | `NBody/Ordered/NativeG64x2/1024`
|   201.5% |    104.1% .. 297.8% |        2,253,776.00 |              443.70 |    3.7% |      0.04 | `NBody/Ordered/PipelineG64x2/1024`
|   104.1% |     91.5% .. 158.9% |        4,384,757.00 |              228.06 |    6.2% |      0.06 | `NBody/Ordered/Native4/1024`
|   101.9% |     87.5% .. 109.3% |        4,508,764.00 |              221.79 |    2.7% |      0.07 | `NBody/Ordered/Pipeline4/1024`
|   361.0% |    326.1% .. 390.4% |        1,282,563.50 |              779.69 |    6.3% |      0.02 | `NBody/Ordered/NativeG64x4/1024`
|   234.9% |    195.2% .. 382.0% |        2,144,321.00 |              466.35 |   11.7% |      0.03 | `NBody/Ordered/PipelineG64x4/1024`

  Summary
    `NBody/Ordered/NativeG64x4/1024` and `NBody/Ordered/PipelineG64x4/1024` are the two fastest of 14, and were not separated
    95% CI [0.88 .. 1.89], intervals corrected for 13 comparisons, 14 paired rounds, interleaved

| relative |              95% CI |             ns/tick |              tick/s |    err% |     total | NBody/MatchedNative1/1024
|---------:|--------------------:|--------------------:|--------------------:|--------:|----------:|:--------------------------
|   100.0% |                     |        4,619,486.50 |              216.47 |    4.9% |      0.06 | `NBody/MatchedNative1/HandWritten/1024`
|   101.3% |     96.8% .. 108.5% |        4,460,381.00 |              224.20 |    5.0% |      0.05 | `NBody/MatchedNative1/ECS/1024`

  Summary
    no difference resolved between `NBody/MatchedNative1/HandWritten/1024` and `NBody/MatchedNative1/ECS/1024`
    ratio 1.01x, 95% CI [0.97 .. 1.09], 12 paired rounds, interleaved

| relative |              95% CI |             ns/tick |              tick/s |    err% |     total | NBody/MatchedPipeline1/1024
|---------:|--------------------:|--------------------:|--------------------:|--------:|----------:|:----------------------------
|   100.0% |                     |        4,448,498.00 |              224.79 |    4.1% |      0.05 | `NBody/MatchedPipeline1/HandWritten/1024`
|   101.7% |     91.6% .. 112.9% |        4,483,606.50 |              223.03 |    3.6% |      0.05 | `NBody/MatchedPipeline1/ECS/1024`

  Summary
    no difference resolved between `NBody/MatchedPipeline1/HandWritten/1024` and `NBody/MatchedPipeline1/ECS/1024`
    ratio 1.02x, 95% CI [0.92 .. 1.13], 12 paired rounds, interleaved

| relative |              95% CI |             ns/tick |              tick/s |    err% |     total | NBody/MatchedNative2/1024
|---------:|--------------------:|--------------------:|--------------------:|--------:|----------:|:--------------------------
|   100.0% |                     |        2,185,408.00 |              457.58 |    3.1% |      0.03 | `NBody/MatchedNative2/HandWritten/1024`
|    92.2% |      85.3% .. 96.4% |        2,351,524.00 |              425.26 |    3.4% |      0.03 | `NBody/MatchedNative2/ECS/1024`

  Summary
    `NBody/MatchedNative2/ECS/1024` ran 1.08x slower than `NBody/MatchedNative2/HandWritten/1024`
    95% CI [1.04 .. 1.17], 12 paired rounds, interleaved

| relative |              95% CI |             ns/tick |              tick/s |    err% |     total | NBody/MatchedPipeline2/1024
|---------:|--------------------:|--------------------:|--------------------:|--------:|----------:|:----------------------------
|   100.0% |                     |        2,664,928.00 |              375.24 |    5.5% |      0.03 | `NBody/MatchedPipeline2/HandWritten/1024`
|    94.1% |     73.3% .. 104.8% |        2,771,030.00 |              360.88 |    8.3% |      0.04 | `NBody/MatchedPipeline2/ECS/1024`

  Summary
    no difference resolved between `NBody/MatchedPipeline2/HandWritten/1024` and `NBody/MatchedPipeline2/ECS/1024`
    ratio 0.94x, 95% CI [0.73 .. 1.05], 12 paired rounds, interleaved

| relative |              95% CI |             ns/tick |              tick/s |    err% |     total | NBody/MatchedNative4/1024
|---------:|--------------------:|--------------------:|--------------------:|--------:|----------:|:--------------------------
|   100.0% |                     |        1,446,060.00 |              691.53 |   17.6% |      0.02 | `NBody/MatchedNative4/HandWritten/1024`
|    92.4% |     85.0% .. 104.4% |        1,541,709.50 |              648.63 |   13.5% |      0.02 | `NBody/MatchedNative4/ECS/1024`

  Summary
    no difference resolved between `NBody/MatchedNative4/HandWritten/1024` and `NBody/MatchedNative4/ECS/1024`
    ratio 0.92x, 95% CI [0.85 .. 1.04], 12 paired rounds, interleaved

| relative |              95% CI |             ns/tick |              tick/s |    err% |     total | NBody/MatchedPipeline4/1024
|---------:|--------------------:|--------------------:|--------------------:|--------:|----------:|:----------------------------
|   100.0% |                     |        2,328,887.00 |              429.39 |    9.1% |      0.03 | `NBody/MatchedPipeline4/HandWritten/1024`
|   110.4% |     86.2% .. 133.4% |        2,118,283.50 |              472.08 |    3.9% |      0.03 | `NBody/MatchedPipeline4/ECS/1024`

  Summary
    no difference resolved between `NBody/MatchedPipeline4/HandWritten/1024` and `NBody/MatchedPipeline4/ECS/1024`
    ratio 1.10x, 95% CI [0.86 .. 1.33], 12 paired rounds, interleaved

| relative |              95% CI |             ns/tick |              tick/s |    err% |     total | NBody/Ordered/4096
|---------:|--------------------:|--------------------:|--------------------:|--------:|----------:|:-------------------
|   100.0% |                     |       69,462,725.50 |               14.40 |    1.9% |      0.98 | `NBody/Ordered/HandWritten/4096`
|    98.2% |     86.5% .. 102.5% |       70,389,811.00 |               14.21 |    3.8% |      1.03 | `NBody/Ordered/ECS/4096`
|    97.9% |     88.2% .. 106.1% |       69,996,147.50 |               14.29 |    4.1% |      1.00 | `NBody/Ordered/Native1/4096`
|    99.1% |     91.5% .. 104.6% |       69,088,299.50 |               14.47 |    1.8% |      1.00 | `NBody/Ordered/Pipeline1/4096`
|    97.6% |     92.3% .. 102.9% |       70,918,530.50 |               14.10 |    3.0% |      1.00 | `NBody/Ordered/NativeG64x1/4096`
|    97.5% |     85.1% .. 103.0% |       70,187,150.00 |               14.25 |    2.0% |      1.01 | `NBody/Ordered/PipelineG64x1/4096`
|   192.5% |    131.4% .. 201.4% |       35,946,747.00 |               27.82 |    3.7% |      0.58 | `NBody/Ordered/Native2/4096`
|   189.3% |    160.0% .. 202.8% |       37,430,599.50 |               26.72 |    4.6% |      0.53 | `NBody/Ordered/Pipeline2/4096`
|   184.9% |    110.8% .. 205.7% |       36,455,386.00 |               27.43 |    4.3% |      0.61 | `NBody/Ordered/NativeG64x2/4096`
|   180.1% |    115.7% .. 195.3% |       38,476,828.50 |               25.99 |    6.7% |      0.62 | `NBody/Ordered/PipelineG64x2/4096`
|   213.9% |    200.8% .. 365.1% |       32,508,746.50 |               30.76 |    0.5% |      0.42 | `NBody/Ordered/Native4/4096`
|   215.7% |    205.3% .. 380.4% |       32,367,092.00 |               30.90 |    3.1% |      0.39 | `NBody/Ordered/Pipeline4/4096`
|   281.1% |    218.5% .. 381.1% |       24,239,503.50 |               41.25 |   13.4% |      0.35 | `NBody/Ordered/NativeG64x4/4096`
|   215.5% |    209.9% .. 340.9% |       32,352,135.00 |               30.91 |    0.2% |      0.42 | `NBody/Ordered/PipelineG64x4/4096`

  Summary
    `NBody/Ordered/NativeG64x4/4096` and `NBody/Ordered/PipelineG64x4/4096` are the two fastest of 14, and were not separated
    95% CI [0.81 .. 1.81], intervals corrected for 13 comparisons, 14 paired rounds, interleaved

| relative |              95% CI |             ns/tick |              tick/s |    err% |     total | NBody/MatchedNative1/4096
|---------:|--------------------:|--------------------:|--------------------:|--------:|----------:|:--------------------------
|   100.0% |                     |       72,271,049.00 |               13.84 |    3.4% |      0.87 | `NBody/MatchedNative1/HandWritten/4096`
|   100.9% |     94.4% .. 104.5% |       72,543,815.50 |               13.78 |    3.4% |      0.87 | `NBody/MatchedNative1/ECS/4096`

  Summary
    no difference resolved between `NBody/MatchedNative1/HandWritten/4096` and `NBody/MatchedNative1/ECS/4096`
    ratio 1.01x, 95% CI [0.94 .. 1.05], 12 paired rounds, interleaved

| relative |              95% CI |             ns/tick |              tick/s |    err% |     total | NBody/MatchedPipeline1/4096
|---------:|--------------------:|--------------------:|--------------------:|--------:|----------:|:----------------------------
|   100.0% |                     |       70,744,587.00 |               14.14 |    2.3% |      0.85 | `NBody/MatchedPipeline1/HandWritten/4096`
|    99.6% |     97.8% .. 103.7% |       70,606,793.50 |               14.16 |    1.7% |      0.85 | `NBody/MatchedPipeline1/ECS/4096`

  Summary
    no difference resolved between `NBody/MatchedPipeline1/HandWritten/4096` and `NBody/MatchedPipeline1/ECS/4096`
    ratio 1.00x, 95% CI [0.98 .. 1.04], 12 paired rounds, interleaved

| relative |              95% CI |             ns/tick |              tick/s |    err% |     total | NBody/MatchedNative2/4096
|---------:|--------------------:|--------------------:|--------------------:|--------:|----------:|:--------------------------
|   100.0% |                     |       35,491,705.00 |               28.18 |    3.2% |      0.43 | `NBody/MatchedNative2/HandWritten/4096`
|    98.1% |     78.0% .. 101.4% |       36,569,658.50 |               27.35 |    1.4% |      0.50 | `NBody/MatchedNative2/ECS/4096`

  Summary
    no difference resolved between `NBody/MatchedNative2/HandWritten/4096` and `NBody/MatchedNative2/ECS/4096`
    ratio 0.98x, 95% CI [0.78 .. 1.01], 12 paired rounds, interleaved

| relative |              95% CI |             ns/tick |              tick/s |    err% |     total | NBody/MatchedPipeline2/4096
|---------:|--------------------:|--------------------:|--------------------:|--------:|----------:|:----------------------------
|   100.0% |                     |       35,486,311.50 |               28.18 |    1.3% |      0.43 | `NBody/MatchedPipeline2/HandWritten/4096`
|    97.5% |      95.4% .. 99.5% |       36,420,989.00 |               27.46 |    1.8% |      0.44 | `NBody/MatchedPipeline2/ECS/4096`

  Summary
    `NBody/MatchedPipeline2/ECS/4096` ran 1.03x slower than `NBody/MatchedPipeline2/HandWritten/4096`
    95% CI [1.00 .. 1.05], 12 paired rounds, interleaved

| relative |              95% CI |             ns/tick |              tick/s |    err% |     total | NBody/MatchedNative4/4096
|---------:|--------------------:|--------------------:|--------------------:|--------:|----------:|:--------------------------
|   100.0% |                     |       18,350,438.50 |               54.49 |    6.6% |      0.34 | `NBody/MatchedNative4/HandWritten/4096`
|    97.0% |     90.7% .. 100.3% |       20,128,325.00 |               49.68 |   11.8% |      0.25 | `NBody/MatchedNative4/ECS/4096`

  Summary
    no difference resolved between `NBody/MatchedNative4/HandWritten/4096` and `NBody/MatchedNative4/ECS/4096`
    ratio 0.97x, 95% CI [0.91 .. 1.00], 12 paired rounds, interleaved

| relative |              95% CI |             ns/tick |              tick/s |    err% |     total | NBody/MatchedPipeline4/4096
|---------:|--------------------:|--------------------:|--------------------:|--------:|----------:|:----------------------------
|   100.0% |                     |       19,863,257.00 |               50.34 |    7.4% |      0.25 | `NBody/MatchedPipeline4/HandWritten/4096`
|    95.8% |     83.4% .. 102.9% |       20,182,832.50 |               49.55 |    7.3% |      0.26 | `NBody/MatchedPipeline4/ECS/4096`

  Summary
    no difference resolved between `NBody/MatchedPipeline4/HandWritten/4096` and `NBody/MatchedPipeline4/ECS/4096`
    ratio 0.96x, 95% CI [0.83 .. 1.03], 12 paired rounds, interleaved
