Note: perf_event_open failed, so the ins/op, cyc/op, IPC, bra/op and miss% columns are missing.
This is usually a container or VM without virtualized performance counters, or
/proc/sys/kernel/perf_event_paranoid being too restrictive.


| relative |              95% CI |             ns/pass |              pass/s |    err% |     total | RowDispatch/Coherent/64
|---------:|--------------------:|--------------------:|--------------------:|--------:|----------:|:------------------------
|   100.0% |                     |               14.56 |       68,684,199.96 |    4.7% |      0.01 | `RowDispatch/Coherent/HandWritten/64`
|    87.5% |      82.7% .. 98.0% |               16.56 |       60,372,947.11 |    4.6% |      0.01 | `RowDispatch/Coherent/Each/64`
|    78.0% |      67.5% .. 93.9% |               18.55 |       53,898,538.37 |   10.2% |      0.01 | `RowDispatch/Coherent/Grain1/64`
|    62.9% |      54.5% .. 67.3% |               23.70 |       42,200,687.71 |    6.0% |      0.01 | `RowDispatch/Coherent/Grain64/64`
|    66.8% |      45.5% .. 76.5% |               22.38 |       44,690,239.15 |    7.0% |      0.01 | `RowDispatch/Coherent/Grain1024/64`

  Summary
    `RowDispatch/Coherent/HandWritten/64` is fastest of 5, 1.14x ahead of `RowDispatch/Coherent/Each/64`
    95% CI [1.02 .. 1.21], intervals corrected for 4 comparisons, 15 paired rounds, interleaved

| relative |              95% CI |             ns/pass |              pass/s |    err% |     total | RowDispatch/Fragmented/64
|---------:|--------------------:|--------------------:|--------------------:|--------:|----------:|:--------------------------
|   100.0% |                     |               17.28 |       57,875,055.94 |    4.6% |      0.01 | `RowDispatch/Fragmented/HandWritten/64`
|    85.5% |      69.4% .. 96.5% |               19.84 |       50,409,614.82 |    6.2% |      0.01 | `RowDispatch/Fragmented/Each/64`
|    11.3% |      10.4% .. 13.1% |              158.13 |        6,323,996.16 |    3.9% |      0.07 | `RowDispatch/Fragmented/Grain1/64`
|    60.8% |      53.0% .. 72.1% |               28.10 |       35,593,040.77 |    8.0% |      0.01 | `RowDispatch/Fragmented/Grain64/64`
|    65.5% |      56.8% .. 72.7% |               26.91 |       37,166,594.32 |    7.0% |      0.01 | `RowDispatch/Fragmented/Grain1024/64`

  Summary
    `RowDispatch/Fragmented/HandWritten/64` is fastest of 5, 1.17x ahead of `RowDispatch/Fragmented/Each/64`
    95% CI [1.04 .. 1.44], intervals corrected for 4 comparisons, 15 paired rounds, interleaved

| relative |              95% CI |             ns/pass |              pass/s |    err% |     total | RowDispatch/Coherent/4096
|---------:|--------------------:|--------------------:|--------------------:|--------:|----------:|:--------------------------
|   100.0% |                     |              729.09 |        1,371,579.58 |    5.0% |      0.02 | `RowDispatch/Coherent/HandWritten/4096`
|   101.6% |     94.8% .. 119.4% |              696.16 |        1,436,457.44 |    5.5% |      0.02 | `RowDispatch/Coherent/Each/4096`
|   102.8% |     92.3% .. 111.2% |              733.65 |        1,363,050.45 |    9.0% |      0.02 | `RowDispatch/Coherent/Grain1/4096`
|   100.1% |     74.9% .. 109.2% |              753.57 |        1,327,010.93 |    5.8% |      0.02 | `RowDispatch/Coherent/Grain64/4096`
|   103.8% |     89.0% .. 107.4% |              728.69 |        1,372,332.24 |    7.9% |      0.02 | `RowDispatch/Coherent/Grain1024/4096`

  Summary
    `RowDispatch/Coherent/Each/4096` and `RowDispatch/Coherent/Grain1024/4096` are the two fastest of 5, and were not separated
    95% CI [0.91 .. 1.19], intervals corrected for 4 comparisons, 15 paired rounds, interleaved

| relative |              95% CI |             ns/pass |              pass/s |    err% |     total | RowDispatch/Fragmented/4096
|---------:|--------------------:|--------------------:|--------------------:|--------:|----------:|:----------------------------
|   100.0% |                     |              784.92 |        1,274,015.36 |    9.3% |      0.02 | `RowDispatch/Fragmented/HandWritten/4096`
|    97.5% |     81.5% .. 104.9% |              805.43 |        1,241,578.47 |    4.9% |      0.02 | `RowDispatch/Fragmented/Each/4096`
|     8.0% |        7.2% .. 8.9% |           10,015.83 |           99,841.95 |    5.2% |      0.22 | `RowDispatch/Fragmented/Grain1/4096`
|    67.0% |      55.5% .. 77.9% |            1,247.37 |          801,686.32 |    6.6% |      0.03 | `RowDispatch/Fragmented/Grain64/4096`
|   104.4% |     91.2% .. 113.9% |              751.27 |        1,331,076.62 |    7.9% |      0.02 | `RowDispatch/Fragmented/Grain1024/4096`

  Summary
    `RowDispatch/Fragmented/Grain1024/4096` and `RowDispatch/Fragmented/HandWritten/4096` are the two fastest of 5, and were not separated
    95% CI [0.91 .. 1.14], intervals corrected for 4 comparisons, 15 paired rounds, interleaved

| relative |              95% CI |             ns/pass |              pass/s |    err% |     total | RowDispatch/Coherent/100000
|---------:|--------------------:|--------------------:|--------------------:|--------:|----------:|:----------------------------
|   100.0% |                     |           22,303.31 |           44,836.39 |    7.4% |      0.02 | `RowDispatch/Coherent/HandWritten/100000`
|   101.4% |     67.1% .. 133.5% |           22,492.80 |           44,458.66 |   10.9% |      0.02 | `RowDispatch/Coherent/Each/100000`
|    98.5% |     85.8% .. 130.0% |           22,468.27 |           44,507.20 |    5.4% |      0.02 | `RowDispatch/Coherent/Grain1/100000`
|   100.6% |     86.0% .. 133.8% |           22,375.20 |           44,692.35 |    6.6% |      0.02 | `RowDispatch/Coherent/Grain64/100000`
|    92.5% |     65.6% .. 109.7% |           24,276.10 |           41,192.78 |   14.7% |      0.02 | `RowDispatch/Coherent/Grain1024/100000`

  Summary
    `RowDispatch/Coherent/HandWritten/100000` and `RowDispatch/Coherent/Grain64/100000` are the two fastest of 5, and were not separated
    95% CI [0.75 .. 1.16], intervals corrected for 4 comparisons, 15 paired rounds, interleaved

| relative |              95% CI |             ns/pass |              pass/s |    err% |     total | RowDispatch/Fragmented/100000
|---------:|--------------------:|--------------------:|--------------------:|--------:|----------:|:------------------------------
|   100.0% |                     |           22,365.80 |           44,711.12 |    7.8% |      0.02 | `RowDispatch/Fragmented/HandWritten/100000`
|   104.2% |     89.4% .. 112.4% |           22,347.18 |           44,748.38 |    5.5% |      0.02 | `RowDispatch/Fragmented/Each/100000`
|     9.3% |       8.5% .. 10.8% |          237,261.78 |            4,214.75 |    2.1% |      0.18 | `RowDispatch/Fragmented/Grain1/100000`
|    74.0% |      58.9% .. 87.2% |           29,129.42 |           34,329.55 |    8.9% |      0.02 | `RowDispatch/Fragmented/Grain64/100000`
|   100.8% |     87.9% .. 112.0% |           22,958.50 |           43,556.85 |    7.4% |      0.02 | `RowDispatch/Fragmented/Grain1024/100000`

  Summary
    `RowDispatch/Fragmented/Each/100000` and `RowDispatch/Fragmented/HandWritten/100000` are the two fastest of 5, and were not separated
    95% CI [0.89 .. 1.12], intervals corrected for 4 comparisons, 15 paired rounds, interleaved
